 xHopper

 Timestamp is 0e3be384                           

 Preferred load address is 00010000

 Start         Length     Name                   Class
 0001:00000000 000024a0H .rdata                  CODE
 0001:000024a0 00000024H .rdata$debug            CODE
 0001:000024c4 0000239cH .text                   CODE
 0001:00004860 00000014H .xdata                  CODE
 0001:00004874 00000028H .idata$2                CODE
 0001:0000489c 00000014H .idata$3                CODE
 0001:000048b0 00000094H .idata$4                CODE
 0001:00004944 00000030H .idata$6                CODE
 0001:00004974 00000000H .edata                  CODE
 0002:00000000 00000094H .idata$5                DATA
 0002:00000094 00000004H .CRT$XCA                DATA
 0002:00000098 00000004H .CRT$XCAA               DATA
 0002:0000009c 00000004H .CRT$XCZ                DATA
 0002:000000a0 00000004H .CRT$XIA                DATA
 0002:000000a4 00000004H .CRT$XIZ                DATA
 0002:000000a8 00000004H .CRT$XPA                DATA
 0002:000000ac 00000004H .CRT$XPZ                DATA
 0002:000000b0 00000004H .CRT$XTA                DATA
 0002:000000b4 00000004H .CRT$XTZ                DATA
 0002:000000b8 00000028H .data                   DATA
 0002:000000e0 00003ca9H .bss                    DATA
 0003:00000000 00000150H .pdata                  DATA

  Address         Publics by Value              Rva+Base     Lib:Object

 0000:00000000       ___safe_se_handler_table   00000000     <absolute>
 0000:00000000       ___safe_se_handler_count   00000000     <absolute>
 0001:0000001c       ??_C@_1CA@GGPNMKJO@?$AAF?$AAR?$AAi?$AAl?$AA_?$AAI?$AAn?$AAi?$AAt?$AAi?$AAa?$AAl?$AAi?$AAz?$AAe?$AA?$AA@ 0001101c     dllload.obj
 0001:0000003c       ??_C@_1CA@MOIAPMNM@?$AAf?$AAr?$AAi?$AAn?$AAt?$AAe?$AAr?$AAf?$AAa?$AAc?$AAe?$AA?4?$AAD?$AAL?$AAL?$AA?$AA@ 0001103c     dllload.obj
 0001:0000005c       ??_C@_1CE@KEILGLIJ@?$AAF?$AAR?$AAi?$AAl?$AA_?$AAD?$AAe?$AAi?$AAn?$AAi?$AAt?$AAi?$AAa?$AAl?$AAi?$AAz?$AAe?$AA?$AA@ 0001105c     dllload.obj
 0001:00000080       ??_C@_1DC@BPCKPDCO@?$AAF?$AAR?$AAi?$AAl?$AA_?$AAS?$AAe?$AAt?$AAO?$AAp?$AAS?$AAi?$AAg?$AAn?$AAa?$AAl?$AAS?$AAt?$AAr?$AAe@ 00011080     dllload.obj
 0001:000000b4       ??_C@_1CC@MGFDMKMB@?$AAF?$AAR?$AAi?$AAl?$AA_?$AAR?$AAe?$AAc?$AAe?$AAi?$AAv?$AAe?$AAC?$AAa?$AAl?$AAl?$AA?$AA@ 000110b4     dllload.obj
 0001:000000d8       ??_C@_1CA@FDCGCADB@?$AAF?$AAR?$AAi?$AAl?$AA_?$AAR?$AAe?$AAc?$AAe?$AAi?$AAv?$AAe?$AAM?$AAs?$AAg?$AA?$AA@ 000110d8     dllload.obj
 0001:000000f8       ??_C@_19FMFEEEON@?$AAO?$AAp?$AAe?$AAn?$AA?$AA@ 000110f8     Utils.obj
 0001:00000104       ??_C@_19FEGCELBM@?$AA?$CF?$AAu?$AA?3?$AA?5?$AA?$AA@ 00011104     Utils.obj
 0001:00000110       ??_C@_1BO@OOIGPABP@?$AAx?$AAH?$AAo?$AAp?$AAp?$AAe?$AAr?$AA?3?$AA?5?$AA?$CF?$AAs?$AA?5?$AA?$CF?$AAs?$AA?$AA@ 00011110     Utils.obj
 0001:00000130       ??_C@_15JNBOKNOG@?$AA?$AN?$AA?6?$AA?$AA@ 00011130     Utils.obj
 0001:00000138       ??_C@_15KDHFELOM@?$AA?5?$AA?0?$AA?$AA@ 00011138     Parse.obj
 0001:00000140       ??_C@_1EM@LEFCPKPG@?$AAF?$AAa?$AAt?$AAa?$AAl?$AA?5?$AAE?$AAr?$AAr?$AAo?$AAr?$AA?$CB?$AA?$CB?$AA?$CB?$AA?$CB?$AA?5?$AAI?$AAn?$AAv?$AAa@ 00011140     Parse.obj
 0001:0000018c       ??_C@_1DM@IMHCGHD@?$AA?1?$AAp?$AAh?$AAo?$AAn?$AAe?$AAc?$AAa?$AAl?$AAl?$AA?5?$AAl?$AAo?$AAw?$AA?5?$AA?$DN?$AA?5?$AA?$CF?$AAu?$AA?5@ 0001118c     Parse.obj
 0001:000001c8       ??_C@_1DG@FHAJNGGE@?$AA?1?$AAr?$AAo?$AAt?$AAa?$AAt?$AAe?$AA?5?$AAl?$AAo?$AAw?$AA?5?$AA?$DN?$AA?5?$AA?$CF?$AAu?$AA?5?$AAh?$AAi?$AAg@ 000111c8     Parse.obj
 0001:00000200       ??_C@_1DA@IONKPBJO@?$AA?1?$AAs?$AAm?$AAs?$AA?5?$AAl?$AAo?$AAw?$AA?5?$AA?$DN?$AA?5?$AA?$CF?$AAu?$AA?5?$AAh?$AAi?$AAg?$AAh?$AA?5?$AA?$DN@ 00011200     Parse.obj
 0001:00000230       ??_C@_1EG@MGHDNKKM@?$AA?1?$AAs?$AAi?$AAg?$AAn?$AAa?$AAl?$AAs?$AAt?$AAr?$AAe?$AAn?$AAg?$AAt?$AAh?$AA?5?$AAl?$AAo?$AAw?$AA?5@ 00011230     Parse.obj
 0001:00000278       ??_C@_1CK@CBLIFHGM@?$AA?1?$AAt?$AA?5?$AAR?$AAu?$AAn?$AAt?$AAi?$AAm?$AAe?$AA?5?$AAT?$AAi?$AAm?$AAe?$AA?5?$AA?$DN?$AA?5?$AA?$CF?$AAu@ 00011278     Parse.obj
 0001:000002a4       ??_C@_1DC@LAPHPNJO@?$AA?1?$AAv?$AAm?$AAa?$AAi?$AAl?$AA?5?$AAl?$AAo?$AAw?$AA?$DN?$AA?5?$AA?$CF?$AAu?$AA?5?$AAh?$AAi?$AAg?$AAh?$AA?5@ 000112a4     Parse.obj
 0001:000002d8       ??_C@_1HA@CCOCJOOE@?$AA?1?$AAe?$AAx?$AAe?$AAc?$AAu?$AAt?$AAe?$AA?5?$AAp?$AAr?$AAo?$AAg?$AAr?$AAa?$AAm?$AA?5?$AA?$DN?$AA?5?$AA?$CF@ 000112d8     Parse.obj
 0001:00000348       ??_C@_1DO@ILEPDNGJ@?$AAC?$AAo?$AAm?$AAm?$AAa?$AAn?$AAd?$AA?5?$AAP?$AAa?$AAr?$AAa?$AAm?$AAe?$AAt?$AAe?$AAr?$AAs?$AA?5?$AAt@ 00011348     Parse.obj
 0001:00000388       ??_C@_1CI@BHBKMGLD@?$AAS?$AAy?$AAs?$AAt?$AAe?$AAm?$AA?2?$AAG?$AAD?$AAI?$AA?2?$AAR?$AAo?$AAt?$AAa?$AAt?$AAi?$AAo?$AAn?$AA?$AA@ 00011388     Rotate.obj
 0001:000003b0       ??_C@_1BM@EMFDCJBL@?$AAL?$AAa?$AAn?$AAd?$AAs?$AAc?$AAa?$AAp?$AAe?$AAM?$AAo?$AAd?$AAe?$AA?$AA@ 000113b0     Rotate.obj
 0001:000003cc       ??_C@_1M@EJCCJHHO@?$AAA?$AAn?$AAg?$AAl?$AAe?$AA?$AA@ 000113cc     Rotate.obj
 0001:000003d8       ??_C@_1CA@NFFCCKA@?$AAR?$AAo?$AAt?$AAa?$AAt?$AAi?$AAn?$AAg?$AA?5?$AAs?$AAc?$AAr?$AAe?$AAe?$AAn?$AA?$AA@ 000113d8     main.obj
 0001:000003f8       ??_C@_1BA@KDMGPDJH@?$AAu?$AAn?$AAk?$AAn?$AAo?$AAw?$AAn?$AA?$AA@ 000113f8     main.obj
 0001:00000408       ??_C@_19OEJGHIEG@?$AAn?$AAo?$AAn?$AAe?$AA?$AA@ 00011408     main.obj
 0001:00000414       ??_C@_1DG@KAPOCHA@?$AAF?$AAa?$AAk?$AAi?$AAn?$AAg?$AA?5?$AAi?$AAn?$AAc?$AAo?$AAm?$AAi?$AAn?$AAg?$AA?5?$AAp?$AAh?$AAo?$AAn@ 00011414     main.obj
 0001:0000044c       ??_C@_1CI@KCMBGBDK@?$AAT?$AAh?$AAi?$AAs?$AA?5?$AAi?$AAs?$AA?5?$AAm?$AAy?$AA?5?$AAn?$AAi?$AAc?$AAe?$AA?5?$AAS?$AAM?$AAS?$AA?$AA@ 0001144c     main.obj
 0001:00000474       ??_C@_1BG@NKHMBEOK@?$AA4?$AA2?$AA5?$AA0?$AA0?$AA0?$AA0?$AA0?$AA0?$AA0?$AA?$AA@ 00011474     main.obj
 0001:0000048c       ??_C@_1CI@HJLGICBD@?$AAF?$AAa?$AAk?$AAi?$AAn?$AAg?$AA?5?$AAi?$AAn?$AAc?$AAo?$AAm?$AAi?$AAn?$AAg?$AA?5?$AAS?$AAM?$AAS?$AA?$AA@ 0001148c     main.obj
 0001:000004b4       ??_C@_1CE@EEJBBINL@?$AAF?$AAa?$AAk?$AAi?$AAn?$AAg?$AA?5?$AAV?$AAo?$AAi?$AAc?$AAe?$AA?5?$AAM?$AAa?$AAi?$AAl?$AA?$AA@ 000114b4     main.obj
 0001:000004d8       ??_C@_1DM@BFALKLGE@?$AAF?$AAa?$AAk?$AAi?$AAn?$AAg?$AA?5?$AAS?$AAi?$AAg?$AAn?$AAa?$AAl?$AA?5?$AAs?$AAt?$AAr?$AAe?$AAn?$AAg@ 000114d8     main.obj
 0001:00000514       ??_C@_1CI@HIDLPNKE@?$AAE?$AAx?$AAe?$AAc?$AAu?$AAt?$AAe?$AA?5?$AAa?$AAp?$AAp?$AAl?$AAi?$AAc?$AAa?$AAt?$AAi?$AAo?$AAn?$AA?$AA@ 00011514     main.obj
 0001:0000053c       ??_C@_1BO@JABANOAN@?$AA?5?$AA?5?$AAx?$AAH?$AAo?$AAp?$AAp?$AAe?$AAr?$AA?5?$AAV?$AA1?$AA?4?$AA0?$AA?$AA@ 0001153c     main.obj
 0001:0000055c       ??_C@_1BA@FBOJMBEM@?$AA?5?$AA?5?$AAG?$AAo?$AAa?$AAl?$AA?3?$AA?$AA@ 0001155c     main.obj
 0001:00000570       ??_C@_1KO@EFBMMLOP@?$AA?5?$AA?5?$AA?5?$AAT?$AAh?$AAe?$AA?5?$AAc?$AAr?$AAe?$AAa?$AAt?$AAi?$AAo?$AAn?$AA?5?$AAo?$AAf?$AA?5?$AAa@ 00011570     main.obj
 0001:00000620       ??_C@_1GA@DKKLDADD@?$AA?5?$AA?5?$AA?5?$AAf?$AAi?$AAx?$AAe?$AAd?$AA?5?$AAt?$AAi?$AAm?$AAe?$AA?5?$AAd?$AAu?$AAr?$AAi?$AAn?$AAg@ 00011620     main.obj
 0001:00000680       ??_C@_1BK@LLPBEDMN@?$AA?5?$AA?5?$AA?5?$AAF?$AAe?$AAa?$AAt?$AAu?$AAr?$AAe?$AAs?$AA?3?$AA?$AA@ 00011680     main.obj
 0001:000006a0       ??_C@_1KO@GLAPBJCA@?$AA?5?$AA?5?$AA?5?$AAY?$AAo?$AAu?$AA?5?$AAc?$AAa?$AAn?$AA?5?$AAs?$AAe?$AAt?$AA?5?$AAt?$AAh?$AAe?$AA?5?$AAa@ 000116a0     main.obj
 0001:00000750       ??_C@_1LA@CBHFABBN@?$AA?5?$AA?5?$AA?5?$AAt?$AAh?$AAe?$AA?5?$AAt?$AAy?$AAp?$AAe?$AA?5?$AAo?$AAf?$AA?5?$AAa?$AAc?$AAt?$AAi?$AAo@ 00011750     main.obj
 0001:00000800       ??_C@_1EG@CFCHJFJA@?$AA?5?$AA?5?$AA?5?$AAy?$AAo?$AAu?$AA?5?$AAw?$AAa?$AAn?$AAt?$AA?5?$AAt?$AAo?$AA?5?$AAe?$AAx?$AAe?$AAc?$AAu@ 00011800     main.obj
 0001:00000848       ??_C@_1IK@PAKHDFBN@?$AA?5?$AA?5?$AA?5?$AAA?$AAs?$AA?5?$AAo?$AAf?$AA?5?$AAt?$AAo?$AAd?$AAa?$AAy?$AA?5?$AAt?$AAh?$AAe?$AA?5?$AAa@ 00011848     main.obj
 0001:000008d8       ??_C@_1HG@KLJBGMCE@?$AA?5?$AA?5?$AA?5?$AA?9?$AA?5?$AA?5?$AA?1?$AAr?$AAo?$AAt?$AAa?$AAt?$AAe?$AA?5?$AA?5?$AA?5?$AA?5?$AA?5?$AA?5?$AA?5@ 000118d8     main.obj
 0001:00000950       ??_C@_1JG@BOJMCNGF@?$AA?5?$AA?5?$AA?5?$AA?9?$AA?5?$AA?5?$AA?1?$AAp?$AAh?$AAo?$AAn?$AAe?$AAc?$AAa?$AAl?$AAl?$AA?5?$AA?5?$AA?5?$AA?5@ 00011950     main.obj
 0001:000009e8       ??_C@_1IG@LCKIABBG@?$AA?5?$AA?5?$AA?5?$AA?9?$AA?5?$AA?5?$AA?1?$AAs?$AAm?$AAs?$AA?5?$AA?5?$AA?5?$AA?5?$AA?5?$AA?5?$AA?5?$AA?5?$AA?5?$AA?5@ 000119e8     main.obj
 0001:00000a70       ??_C@_1JE@KBLELLFN@?$AA?5?$AA?5?$AA?5?$AA?9?$AA?5?$AA?5?$AA?1?$AAv?$AAm?$AAa?$AAi?$AAl?$AA?5?$AA?5?$AA?5?$AA?5?$AA?5?$AA?5?$AA?5?$AA?5@ 00011a70     main.obj
 0001:00000b08       ??_C@_1KG@HJJCCLNB@?$AA?5?$AA?5?$AA?5?$AA?9?$AA?5?$AA?5?$AA?1?$AAs?$AAi?$AAg?$AAn?$AAa?$AAl?$AAs?$AAt?$AAr?$AAe?$AAn?$AAg?$AAt@ 00011b08     main.obj
 0001:00000bb0       ??_C@_1CA@HDOPNDID@?$AA?5?$AAC?$AAo?$AAn?$AAf?$AAi?$AAg?$AAu?$AAr?$AAa?$AAt?$AAi?$AAo?$AAn?$AA?3?$AA?$AA@ 00011bb0     main.obj
 0001:00000bd0       ??_C@_1LI@PBCCNLPE@?$AA?5?$AA?5?$AA?5?$AAA?$AAl?$AAl?$AA?5?$AAt?$AAh?$AAe?$AA?5?$AAc?$AAo?$AAn?$AAf?$AAi?$AAg?$AAu?$AAr?$AAa@ 00011bd0     main.obj
 0001:00000c88       ??_C@_1LG@FKKNAKFG@?$AA?5?$AA?5?$AA?5?$AAt?$AAh?$AAe?$AA?5?$AAt?$AAo?$AAo?$AAl?$AA?4?$AA?5?$AAT?$AAh?$AAe?$AAs?$AAe?$AA?5?$AAp@ 00011c88     main.obj
 0001:00000d40       ??_C@_1LE@DLAMBOM@?$AA?5?$AA?5?$AA?5?$AAo?$AAn?$AAe?$AA?5?$AAo?$AAr?$AA?5?$AAt?$AAw?$AAo?$AA?5?$AAv?$AAa?$AAl?$AAu?$AAe?$AAs@ 00011d40     main.obj
 0001:00000df8       ??_C@_1LG@IEGLFEIG@?$AA?5?$AA?5?$AA?5?$AAo?$AAr?$AA?5?$AAa?$AA?5?$AAr?$AAa?$AAn?$AAd?$AAo?$AAm?$AA?5?$AAa?$AAm?$AAo?$AAu?$AAn@ 00011df8     main.obj
 0001:00000eb0       ??_C@_1LG@HMHLIAID@?$AA?5?$AA?5?$AA?5?$AA?$CC?$AA?1?$AAt?$AA?$CC?$AA?5?$AAi?$AAs?$AA?5?$AAu?$AAs?$AAe?$AAd?$AA?5?$AAt?$AAo?$AA?5?$AAs@ 00011eb0     main.obj
 0001:00000f68       ??_C@_1JK@FLCELFNF@?$AA?5?$AA?5?$AA?5?$AAi?$AAs?$AA?5?$AAn?$AAo?$AAt?$AA?5?$AAs?$AAp?$AAe?$AAc?$AAi?$AAf?$AAi?$AAe?$AAd?$AA?5@ 00011f68     main.obj
 0001:00001008       ??_C@_1LK@KKJNEAPN@?$AA?5?$AA?5?$AA?5?$AAA?$AAs?$AA?5?$AAa?$AAn?$AA?5?$AAe?$AAx?$AAa?$AAm?$AAp?$AAl?$AAe?$AA?0?$AA?5?$AAi?$AAf@ 00012008     main.obj
 0001:000010c8       ??_C@_1LM@ONCPCFIG@?$AA?5?$AA?5?$AA?5?$AAs?$AAe?$AAn?$AAd?$AA?5?$AAt?$AAh?$AAe?$AA?5?$AAf?$AAo?$AAl?$AAl?$AAo?$AAw?$AAi?$AAn@ 000120c8     main.obj
 0001:00001188       ??_C@_1LK@HBCOCEMD@?$AA?5?$AA?5?$AA?5?$AAs?$AAe?$AAc?$AAo?$AAn?$AAd?$AAs?$AA?4?$AA?5?$AAI?$AAf?$AA?5?$AAy?$AAo?$AAu?$AA?5?$AAw@ 00012188     main.obj
 0001:00001248       ??_C@_1LI@GKBMPAMB@?$AA?5?$AA?5?$AA?5?$AAi?$AAn?$AAt?$AAe?$AAg?$AAe?$AAr?$AAs?$AA?5?$AAa?$AAn?$AAd?$AA?5?$AAt?$AAh?$AAe?$AA?5@ 00012248     main.obj
 0001:00001300       ??_C@_1LE@LPHCGALG@?$AA?5?$AA?5?$AA?5?$AAA?$AAs?$AA?5?$AAa?$AAn?$AA?5?$AAe?$AAx?$AAa?$AAm?$AAp?$AAl?$AAe?$AA?5?$AA?1?$AAr?$AAo@ 00012300     main.obj
 0001:000013b8       ??_C@_1LI@CJGADIKP@?$AA?5?$AA?5?$AA?5?$AAs?$AAe?$AAc?$AAo?$AAn?$AAd?$AAs?$AA?4?$AA?5?$AAW?$AAe?$AA?5?$AAc?$AAa?$AAn?$AA?5?$AAp@ 000123b8     main.obj
 0001:00001470       ??_C@_1LG@BFOOJJHO@?$AA?5?$AA?5?$AA?5?$AAi?$AAs?$AA?5?$AAa?$AA?5?$AA1?$AA5?$AA?0?$AA?5?$AAt?$AAh?$AAe?$AA?5?$AAf?$AAi?$AAr?$AAs@ 00012470     main.obj
 0001:00001528       ??_C@_1LG@LMBLCKMJ@?$AA?5?$AA?5?$AA?5?$AAt?$AAh?$AAa?$AAt?$AA?5?$AAx?$AAH?$AAo?$AAp?$AAp?$AAe?$AAr?$AA?5?$AAp?$AAi?$AAc?$AAk@ 00012528     main.obj
 0001:000015e0       ??_C@_1BM@FICHANOP@?$AA?5?$AA?5?$AA?5?$AAa?$AAn?$AAd?$AA?5?$AAs?$AAo?$AA?5?$AAo?$AAn?$AA?4?$AA?$AA@ 000125e0     main.obj
 0001:000015fc       ??_C@_1DG@PLNCEINP@?$AA?5?$AA?5?$AAT?$AAh?$AAe?$AA?5?$AA?$CC?$AAe?$AAx?$AAe?$AAc?$AAu?$AAt?$AAe?$AA?$CC?$AA?5?$AAp?$AAa?$AAr?$AAa@ 000125fc     main.obj
 0001:00001638       ??_C@_1ME@NCMICECK@?$AA?5?$AA?5?$AA?5?$AAY?$AAo?$AAu?$AA?5?$AAc?$AAa?$AAn?$AA?5?$AAl?$AAa?$AAu?$AAn?$AAc?$AAh?$AA?5?$AAa?$AAp@ 00012638     main.obj
 0001:00001700       ??_C@_1KI@HHDFMBCL@?$AA?5?$AA?5?$AA?5?$AA?1?$AAe?$AAx?$AAe?$AAc?$AAu?$AAt?$AAe?$AA?5?$AA?$CC?$AAa?$AAp?$AAp?$AAl?$AAi?$AAc?$AAa@ 00012700     main.obj
 0001:000017a8       ??_C@_1KI@BFMGOBAB@?$AA?5?$AA?5?$AA?5?$AAc?$AAa?$AAn?$AA?5?$AAb?$AAe?$AA?5?$AAs?$AAe?$AAt?$AA?5?$AAt?$AAo?$AA?5?$AAb?$AAe?$AA?5@ 000127a8     main.obj
 0001:00001850       ??_C@_1DM@HPCKNODJ@?$AA?5?$AA?5?$AA?5?$AAt?$AAh?$AAe?$AA?5?$AAe?$AAx?$AAe?$AAc?$AAu?$AAt?$AAe?$AA?5?$AAp?$AAa?$AAr?$AAa?$AAm@ 00012850     main.obj
 0001:00001890       ??_C@_1JA@ELNNEODG@?$AA?5?$AA?5?$AA?5?$AA?5?$AA?1?$AAe?$AAx?$AAe?$AAc?$AAu?$AAt?$AAe?$AA?5?$AA?$CC?$AA?2?$AAw?$AAi?$AAn?$AAd?$AAo@ 00012890     main.obj
 0001:00001920       ??_C@_1HK@CJAPNEBH@?$AA?5?$AA?5?$AA?5?$AA?5?$AA?5?$AA?5?$AA?5?$AA?5?$AA?5?$AA?5?$AA?5?$AA?5?$AA?5?$AA?5?$AA?5?$AA?5?$AA?5?$AA?5?$AA?5?$AA?5@ 00012920     main.obj
 0001:000019a0       ??_C@_1HK@JKOGBABI@?$AA?5?$AA?5?$AA?5?$AA?1?$AAe?$AAx?$AAe?$AAc?$AAu?$AAt?$AAe?$AA?5?$AA?$CC?$AA?2?$AAw?$AAi?$AAn?$AAd?$AAo?$AAw@ 000129a0     main.obj
 0001:00001a20       ??_C@_1MG@LIIMCADK@?$AA?5?$AA?5?$AA?5?$AA?5?$AA?5?$AA?5?$AA?5?$AA?5?$AA?5?$AA?$CI?$AAT?$AAh?$AAi?$AAs?$AA?5?$AAw?$AAi?$AAl?$AAl?$AA?5@ 00012a20     main.obj
 0001:00001ae8       ??_C@_1GC@FHNIAPLF@?$AA?5?$AA?5?$AA?5?$AA?5?$AA?5?$AA?5?$AA?5?$AA?5?$AA?5?$AA?5?$AAi?$AAe?$AAx?$AAp?$AAl?$AAo?$AAr?$AAe?$AA?5?$AA?5@ 00012ae8     main.obj
 0001:00001b50       ??_C@_1MG@PMNFHAIP@?$AA?5?$AA?5?$AA?5?$AA?1?$AAe?$AAx?$AAe?$AAc?$AAu?$AAt?$AAe?$AA?5?$AA?$CC?$AA?2?$AAw?$AAi?$AAn?$AAd?$AAo?$AAw@ 00012b50     main.obj
 0001:00001c18       ??_C@_1CM@FANHLBNP@?$AA?5?$AA?5?$AA?5?$AA1?$AA0?$AA?5?$AAa?$AAn?$AAd?$AA?5?$AA2?$AA0?$AA?5?$AAs?$AAe?$AAc?$AAo?$AAn?$AAd?$AAs@ 00012c18     main.obj
 0001:00001c44       ??_C@_1BI@CDIIFMDA@?$AA?5?$AA?5?$AAE?$AAx?$AAa?$AAm?$AAp?$AAl?$AAe?$AAs?$AA?3?$AA?$AA@ 00012c44     main.obj
 0001:00001c5c       ??_C@_11LOCGONAA@?$AA?$AA@ 00012c5c     main.obj
 0001:00001c60       ??_C@_1JM@PNEOEBAL@?$AA?5?$AA?5?$AA?5?$AAx?$AAH?$AAo?$AAp?$AAp?$AAe?$AAr?$AA?5?$AA?1?$AAt?$AA?5?$AA6?$AA0?$AA?5?$AA?1?$AAr?$AAo@ 00012c60     main.obj
 0001:00001d00       ??_C@_1PC@JCLBOBJD@?$AA?5?$AA?5?$AA?5?$AAx?$AAH?$AAo?$AAp?$AAp?$AAe?$AAr?$AA?5?$AA?1?$AAt?$AA?5?$AA1?$AA4?$AA4?$AA0?$AA?5?$AA?1@ 00012d00     main.obj
 0001:00001df8       ??_C@_1LI@ILHCLCBN@?$AA?5?$AA?5?$AA?5?$AAx?$AAH?$AAo?$AAp?$AAp?$AAe?$AAr?$AA?5?$AA?1?$AAt?$AA?5?$AA6?$AA0?$AA?5?$AA?1?$AAp?$AAh@ 00012df8     main.obj
 0001:00001eb0       ??_C@_1NM@DJLFHNMM@?$AA?5?$AA?5?$AA?5?$AAx?$AAH?$AAo?$AAp?$AAp?$AAe?$AAr?$AA?5?$AA?1?$AAt?$AA?5?$AA1?$AA8?$AA0?$AA0?$AA?5?$AA?1@ 00012eb0     main.obj
 0001:00001f8c       ??_C@_1DA@OJMHMDJM@?$AAE?$AAx?$AAi?$AAt?$AA?5?$AA?3?$AA?5?$AAX?$AAH?$AAo?$AAp?$AAp?$AAe?$AAr?$AA?5?$AAf?$AAi?$AAn?$AAi?$AAs@ 00012f8c     main.obj
 0001:00001fc0       ??_C@_1EA@LMALAIMD@?$AAF?$AAa?$AAk?$AAe?$AAr?$AAi?$AAl?$AA?5?$AAi?$AAs?$AA?5?$AAn?$AAe?$AAe?$AAd?$AAe?$AAd?$AA?0?$AA?5?$AAI@ 00012fc0     main.obj
 0001:00002008       ??_C@_1BC@OAMGOFIK@?$AAn?$AAa?$AAt?$AAi?$AAo?$AAn?$AAa?$AAl?$AA?$AA@ 00013008     fakeril_automation_st:automation.obj
 0001:0000201c       ??_C@_1BM@LDLMAFHJ@?$AAi?$AAn?$AAt?$AAe?$AAr?$AAn?$AAa?$AAt?$AAi?$AAo?$AAn?$AAa?$AAl?$AA?$AA@ 0001301c     fakeril_automation_st:automation.obj
 0001:00002038       ??_C@_1BI@FALHNGCJ@?$AAu?$AAn?$AAa?$AAv?$AAa?$AAi?$AAl?$AAa?$AAb?$AAl?$AAe?$AA?$AA@ 00013038     fakeril_automation_st:automation.obj
 0001:00002050       ??_C@_1BC@BIEMEOEB@?$AAw?$AAi?$AAt?$AAh?$AAh?$AAe?$AAl?$AAd?$AA?$AA@ 00013050     fakeril_automation_st:automation.obj
 0001:00002064       ??_C@_1BG@OIGBOGJM@?$AA4?$AA2?$AA5?$AA1?$AA2?$AA3?$AA4?$AA5?$AA6?$AA7?$AA?$AA@ 00013064     fakeril_automation_st:automation.obj
 0001:0000207c       ??_C@_1BI@FJLDDKCH@?$AAN?$AAe?$AAt?$AAw?$AAo?$AAr?$AAk?$AAT?$AAy?$AAp?$AAe?$AA?$AA@ 0001307c     fakeril_automation_st:automation.obj
 0001:00002094       ??_C@_1CO@PFFMHNAH@?$AAS?$AAo?$AAf?$AAt?$AAw?$AAa?$AAr?$AAe?$AA?2?$AAM?$AAi?$AAc?$AAr?$AAo?$AAs?$AAo?$AAf?$AAt?$AA?2?$AAR@ 00013094     fakeril_automation_st:automation.obj
 0001:000020c4       ??_C@_1CA@DCECKHA@?$AAI?$AA?5?$AAl?$AAo?$AAv?$AAe?$AA?5?$AAF?$AAa?$AAk?$AAe?$AA?5?$AAR?$AAI?$AAL?$AA?$AA@ 000130c4     fakeril_automation_st:automation.obj
 0001:000020e4       ??_C@_1BG@NDKPJGKC@?$AA4?$AA2?$AA5?$AA1?$AA1?$AA1?$AA2?$AA2?$AA2?$AA2?$AA?$AA@ 000130e4     fakeril_automation_st:automation.obj
 0001:000020fc       ??_C@_1CA@BCBKEEFO@?$AAY?$AAo?$AAu?$AA?5?$AAh?$AAa?$AAv?$AAe?$AA?5?$AAv?$AAm?$AAa?$AAi?$AAl?$AA?$CB?$AA?$AA@ 000130fc     fakeril_automation_st:automation.obj
 0001:000024c4       ?_GetProcFromDLL@@YAXPAPAUHINSTANCE__@@PBGPAP6AHXZ1@Z 000134c4 f   dllload.obj
 0001:0000251c       ?FRil_Initialize@@YAJXZ    0001351c f   dllload.obj
 0001:00002574       ?FRil_Deinitialize@@YAJXZ  00013574 f   dllload.obj
 0001:000025cc       ?FRil_SetOpSignalStrength@@YAJPADH@Z 000135cc f   dllload.obj
 0001:00002634       ?FRil_ReceiveCall@@YAJPAGKKKI@Z 00013634 f   dllload.obj
 0001:000026bc       ?FRil_ReceiveMsg@@YAJPAUrilmessage_tag@@@Z 000136bc f   dllload.obj
 0001:0000271c       ?FreeDelayLoadedModules@@YAXXZ 0001371c f   dllload.obj
 0001:00002738       ?ExecuteApplication@@YAXK@Z 00013738 f   Utils.obj
 0001:000027c4       ?Trace@@YAXPAGZZ           000137c4 f   Utils.obj
 0001:00002940       ?PrintText@@YAXQAPAGK@Z    00013940 f   Utils.obj
 0001:00002968       ?ParseTimeRange@@YAJPAK0PAG@Z 00013968 f   Parse.obj
 0001:00002a60       ?ParseAppNameAndParamters@@YAJPAG00@Z 00013a60 f   Parse.obj
 0001:00002b28       ?GetNextParameter@@YAJPAG0@Z 00013b28 f   Parse.obj
 0001:00002be8       ?ParseParameters@@YAJPAG@Z 00013be8 f   Parse.obj
 0001:00002f58       ?GetLandscapeOrientation@@YAKXZ 00013f58 f   Rotate.obj
 0001:00003044       ?RotateScreen@@YAXXZ       00014044 f   Rotate.obj
 0001:000031b0       ?SetNextExecutionTime@@YAXK@Z 000141b0 f   main.obj
 0001:00003210       ?ExecuteNextAction@@YAXK@Z 00014210 f   main.obj
 0001:00003308       ?FindNextAction@@YAKXZ     00014308 f   main.obj
 0001:0000335c       ?ContinueRunning@@YAHXZ    0001435c f   main.obj
 0001:00003388       ?Usage@@YAXXZ              00014388 f   main.obj
 0001:00003618       ?Init@@YAXXZ               00014618 f   main.obj
 0001:00003680       WinMain                    00014680 f   main.obj
 0001:00003744       GetProcAddressW            00014744 f   coredll:COREDLL.dll
 0001:00003754       LoadLibraryW               00014754 f   coredll:COREDLL.dll
 0001:00003764       memcpy                     00014764 f   coredll:COREDLL.dll
 0001:00003774       FreeLibrary                00014774 f   coredll:COREDLL.dll
 0001:00003784       ShellExecuteEx             00014784 f   coredll:COREDLL.dll
 0001:00003794       wcslen                     00014794 f   coredll:COREDLL.dll
 0001:000037a4       memset                     000147a4 f   coredll:COREDLL.dll
 0001:000037b4       wprintf                    000147b4 f   coredll:COREDLL.dll
 0001:000037c4       WriteFile                  000147c4 f   coredll:COREDLL.dll
 0001:000037d4       StringCchPrintfW           000147d4 f   coredll:COREDLL.dll
 0001:000037e4       GetTickCount               000147e4 f   coredll:COREDLL.dll
 0001:000037f4       _vsnwprintf                000147f4 f   coredll:COREDLL.dll
 0001:00003804       CreateFileW                00014804 f   coredll:COREDLL.dll
 0001:00003814       _wtol                      00014814 f   coredll:COREDLL.dll
 0001:00003824       wcstok                     00014824 f   coredll:COREDLL.dll
 0001:00003834       wcscpy                     00014834 f   coredll:COREDLL.dll
 0001:00003844       RegCloseKey                00014844 f   coredll:COREDLL.dll
 0001:00003854       RegQueryValueExW           00014854 f   coredll:COREDLL.dll
 0001:00003864       RegOpenKeyExW              00014864 f   coredll:COREDLL.dll
 0001:00003874       RegSetValueExW             00014874 f   coredll:COREDLL.dll
 0001:00003884       ChangeDisplaySettingsEx    00014884 f   coredll:COREDLL.dll
 0001:00003894       CloseHandle                00014894 f   coredll:COREDLL.dll
 0001:000038a4       Sleep                      000148a4 f   coredll:COREDLL.dll
 0001:000038b4       ?FillMsgStructGSM@@YAXPAUrilmessage_tag@@PAG1KKK@Z 000148b4 f   fakeril_automation_st:automation.obj
 0001:00003acc       ?FillMsgStructCDMA@@YAXPAUrilmessage_tag@@PAG1KK@Z 00014acc f   fakeril_automation_st:automation.obj
 0001:00003be8       ?RcvPhoneCall@@YAJPAGPBG1KI@Z 00014be8 f   fakeril_automation_st:automation.obj
 0001:00003d10       ?RcvSMS@@YAJPAG0KK@Z       00014d10 f   fakeril_automation_st:automation.obj
 0001:00003e7c       ?RcvVmail@@YAJII@Z         00014e7c f   fakeril_automation_st:automation.obj
 0001:00003fe4       ?SetSignalStrength@@YAJIPBG@Z 00014fe4 f   fakeril_automation_st:automation.obj
 0001:0000421c       ?ConvertUnicodeToGSMExt@@YA_NQBGIQADIAAI2HH@Z 0001521c f   fakeril_automation_st:gsm.obj
 0001:000043a4       ?ConvertUnicodeToGSM@@YA_NQBGIQADIAAIH@Z 000153a4 f   fakeril_automation_st:gsm.obj
 0001:000043dc       ?ConvertUnicodeToUCS2@@YA_NQBGIQADIAAI@Z 000153dc f   fakeril_automation_st:gsm.obj
 0001:00004440       RandInt                    00015440 f   qa:QA.dll
 0001:00004450       ?ReadRegDword@@YAHPAUHKEY__@@PBG1PAK@Z 00015450 f   qa:QA.dll
 0001:00004468       WinMainCRTStartup          00015468 f   corelibc:pegwmain.obj
 0001:000044dc       __security_check_cookie    000154dc     corelibc:armsecgs.obj
 0001:000044f0       __gsfailure                000154f0     corelibc:armsecgs.obj
 0001:00004534       _cinit                     00015534 f   corelibc:crt0dat.obj
 0001:000046a4       exit                       000156a4 f   corelibc:crt0dat.obj
 0001:000046bc       __security_init_cookie     000156bc f   corelibc:seccinit.obj
 0001:0000470c       StringCchCopyW             0001570c f   coredll:COREDLL.dll
 0001:0000471c       GetSystemTime              0001571c f   coredll:COREDLL.dll
 0001:0000472c       wcsncpy                    0001572c f   coredll:COREDLL.dll
 0001:0000473c       WideCharToMultiByte        0001573c f   coredll:COREDLL.dll
 0001:0000474c       _wcsicmp                   0001574c f   coredll:COREDLL.dll
 0001:0000475c       _XcptFilter                0001575c f   coredll:COREDLL.dll
 0001:0000476c       __C_specific_handler       0001576c f   coredll:COREDLL.dll
 0001:0000477c       __report_gsfailure         0001577c f   coredll:COREDLL.dll
 0001:0000478c       LocalFree                  0001578c f   coredll:COREDLL.dll
 0001:0000479c       __security_gen_cookie      0001579c f   coredll:COREDLL.dll
 0001:000047ac       ?bsearch@@YAPAXPBX0IIP6AH00@Z@Z 000157ac f   toolbox:toolbox_i.obj
 0001:00004874       __IMPORT_DESCRIPTOR_COREDLL 00015874     coredll:COREDLL.dll
 0001:00004888       __IMPORT_DESCRIPTOR_QA     00015888     qa:QA.dll
 0001:0000489c       __NULL_IMPORT_DESCRIPTOR   0001589c     coredll:COREDLL.dll
 0002:00000000       __imp_GetProcAddressW      00016000     coredll:COREDLL.dll
 0002:00000004       __imp_LoadLibraryW         00016004     coredll:COREDLL.dll
 0002:00000008       __imp_memcpy               00016008     coredll:COREDLL.dll
 0002:0000000c       __imp_FreeLibrary          0001600c     coredll:COREDLL.dll
 0002:00000010       __imp_ShellExecuteEx       00016010     coredll:COREDLL.dll
 0002:00000014       __imp_wcslen               00016014     coredll:COREDLL.dll
 0002:00000018       __imp_memset               00016018     coredll:COREDLL.dll
 0002:0000001c       __imp_wprintf              0001601c     coredll:COREDLL.dll
 0002:00000020       __imp_WriteFile            00016020     coredll:COREDLL.dll
 0002:00000024       __imp_StringCchPrintfW     00016024     coredll:COREDLL.dll
 0002:00000028       __imp_GetTickCount         00016028     coredll:COREDLL.dll
 0002:0000002c       __imp__vsnwprintf          0001602c     coredll:COREDLL.dll
 0002:00000030       __imp_CreateFileW          00016030     coredll:COREDLL.dll
 0002:00000034       __imp__wtol                00016034     coredll:COREDLL.dll
 0002:00000038       __imp_wcstok               00016038     coredll:COREDLL.dll
 0002:0000003c       __imp_wcscpy               0001603c     coredll:COREDLL.dll
 0002:00000040       __imp_RegCloseKey          00016040     coredll:COREDLL.dll
 0002:00000044       __imp_RegQueryValueExW     00016044     coredll:COREDLL.dll
 0002:00000048       __imp_RegOpenKeyExW        00016048     coredll:COREDLL.dll
 0002:0000004c       __imp_RegSetValueExW       0001604c     coredll:COREDLL.dll
 0002:00000050       __imp_ChangeDisplaySettingsEx 00016050     coredll:COREDLL.dll
 0002:00000054       __imp_CloseHandle          00016054     coredll:COREDLL.dll
 0002:00000058       __imp_Sleep                00016058     coredll:COREDLL.dll
 0002:0000005c       __imp_StringCchCopyW       0001605c     coredll:COREDLL.dll
 0002:00000060       __imp_GetSystemTime        00016060     coredll:COREDLL.dll
 0002:00000064       __imp_wcsncpy              00016064     coredll:COREDLL.dll
 0002:00000068       __imp_WideCharToMultiByte  00016068     coredll:COREDLL.dll
 0002:0000006c       __imp__wcsicmp             0001606c     coredll:COREDLL.dll
 0002:00000070       __imp__XcptFilter          00016070     coredll:COREDLL.dll
 0002:00000074       __imp___C_specific_handler 00016074     coredll:COREDLL.dll
 0002:00000078       __imp___report_gsfailure   00016078     coredll:COREDLL.dll
 0002:0000007c       __imp_LocalFree            0001607c     coredll:COREDLL.dll
 0002:00000080       __imp___security_gen_cookie 00016080     coredll:COREDLL.dll
 0002:00000084       \177COREDLL_NULL_THUNK_DATA 00016084     coredll:COREDLL.dll
 0002:00000088       __imp_?ReadRegDword@@YAHPAUHKEY__@@PBG1PAK@Z 00016088     qa:QA.dll
 0002:0000008c       __imp_RandInt              0001608c     qa:QA.dll
 0002:00000090       \177QA_NULL_THUNK_DATA     00016090     qa:QA.dll
 0002:00000094       __xc_a                     00016094     corelibc:crt0init.obj
 0002:0000009c       __xc_z                     0001609c     corelibc:crt0init.obj
 0002:000000a0       __xi_a                     000160a0     corelibc:crt0init.obj
 0002:000000a4       __xi_z                     000160a4     corelibc:crt0init.obj
 0002:000000a8       __xp_a                     000160a8     corelibc:crt0init.obj
 0002:000000ac       __xp_z                     000160ac     corelibc:crt0init.obj
 0002:000000b0       __xt_a                     000160b0     corelibc:crt0init.obj
 0002:000000b4       __xt_z                     000160b4     corelibc:crt0init.obj
 0002:000000b8       ?g_szLogFile@@3PAGA        000160b8     Utils.obj
 0002:000000d4       ?g_dwActionsCount@@3KA     000160d4     main.obj
 0002:000000d8       __security_cookie_complement 000160d8     corelibc:seccook.obj
 0002:000000dc       __security_cookie          000160dc     corelibc:seccook.obj
 0002:000000e0       ?g_hinstFrInterface@@3PAUHINSTANCE__@@A 000160e0     dllload.obj
 0002:000000f8       ?g_hFile@@3PAXA            000160f8     Utils.obj
 0002:00000100       ?g_fIsFakeRilReferenced@@3HA 00016100     main.obj
 0002:00000104       ?g_dwActionsSchedule@@3PAKA 00016104     main.obj
 0002:00000140       ?g_stExecutionFrequency@@3PAUsTimeRange@@A 00016140     main.obj
 0002:000001b8       ?g_sProcessList@@3PAUsProcess@@A 000161b8     main.obj
 0002:00003d7c       ?g_dwRunTime@@3KA          00019d7c     main.obj
 0002:00003d80       __onexitend                00019d80     <common>
 0002:00003d84       __onexitbegin              00019d84     <common>
 0002:00003d88       _exitflag                  00019d88     <common>

 entry point at        0001:00004468

 Static symbols

 0001:000040e0       ?BSCompareChars@@YAHPBX0@Z 000150e0 f   fakeril_automation_st:gsm.obj
 0001:00004100       ?UnicodeCharToGSM@@YADGHH@Z 00015100 f   fakeril_automation_st:gsm.obj
 0001:000045a0       doexit                     000155a0 f   corelibc:crt0dat.obj
