 hopper

 Timestamp is 8eabadde                           

 Preferred load address is 00010000

 Start         Length     Name                   Class
 0001:00000000 00037be2H .rdata                  CODE
 0001:00037be4 00000023H .rdata$debug            CODE
 0001:00037c08 0007e8f4H .text                   CODE
 0001:000b64fc 00000424H .text$yc                CODE
 0001:000b6920 0000058cH .text$yd                CODE
 0001:000b6eac 00000154H .xdata                  CODE
 0001:000b7000 00000078H .idata$2                CODE
 0001:000b7078 00000014H .idata$3                CODE
 0001:000b708c 00000504H .idata$4                CODE
 0001:000b7590 000001f2H .idata$6                CODE
 0001:000b7790 00002a64H .edata                  CODE
 0002:00000000 00000504H .idata$5                DATA
 0002:00000504 00000004H .CRT$XCA                DATA
 0002:00000508 00000004H .CRT$XCAA               DATA
 0002:0000050c 0000005cH .CRT$XCU                DATA
 0002:00000568 00000004H .CRT$XCZ                DATA
 0002:0000056c 00000004H .CRT$XIA                DATA
 0002:00000570 00000004H .CRT$XIZ                DATA
 0002:00000574 00000004H .CRT$XPA                DATA
 0002:00000578 00000004H .CRT$XPZ                DATA
 0002:0000057c 00000004H .CRT$XTA                DATA
 0002:00000580 00000004H .CRT$XTZ                DATA
 0002:00000588 00000de0H .data                   DATA
 0002:00001380 0001fcb5H .bss                    DATA
 0003:00000000 00009ac8H .pdata                  DATA
 0004:00000000 00000058H .rsrc$01                DATA
 0004:00000060 00000380H .rsrc$02                DATA

  Address         Publics by Value              Rva+Base     Lib:Object

 0000:00000000       ___safe_se_handler_count   00000000     <absolute>
 0000:00000000       ___safe_se_handler_table   00000000     <absolute>
 0001:0000001c       ??_C@_1BA@NPJPKIM@?$AAE?$AAn?$AAa?$AAb?$AAl?$AAe?$AAd?$AA?$AA@ 0001101c     helper.obj
 0001:0000002c       ??_C@_17JOFCMBBD@?$AAD?$AAL?$AAL?$AA?$AA@ 0001102c     helper.obj
 0001:00000034       ??_C@_1DO@MAGJHACD@?$AAS?$AAo?$AAf?$AAt?$AAw?$AAa?$AAr?$AAe?$AA?2?$AAM?$AAi?$AAc?$AAr?$AAo?$AAs?$AAo?$AAf?$AAt?$AA?2?$AAT@ 00011034     helper.obj
 0001:00000078       ??_C@_1EO@CGLOGBE@?$AA?$HL?$AA6?$AAD?$AA4?$AA8?$AAA?$AAB?$AA5?$AA2?$AA?9?$AA6?$AA3?$AA5?$AAC?$AA?9?$AA4?$AAc?$AA6?$AAa?$AA?9@ 00011078     helper.obj
 0001:000000c8       ??_C@_1EO@ODGCEBF@?$AA?$HL?$AA6?$AA9?$AAE?$AA9?$AA2?$AA1?$AA5?$AAB?$AA?9?$AA9?$AA1?$AAB?$AA0?$AA?9?$AA4?$AA6?$AA1?$AAb?$AA?9@ 000110c8     helper.obj
 0001:00000118       ??_C@_1EO@BDPEFIBB@?$AA?$HL?$AA9?$AA5?$AAE?$AAE?$AA6?$AAF?$AA0?$AA9?$AA?9?$AA7?$AAC?$AA1?$AAC?$AA?9?$AA4?$AA5?$AA9?$AAc?$AA?9@ 00011118     helper.obj
 0001:00000168       ??_C@_1DI@NBGFLPKB@?$AAS?$AAo?$AAf?$AAt?$AAw?$AAa?$AAr?$AAe?$AA?2?$AAM?$AAi?$AAc?$AAr?$AAo?$AAs?$AAo?$AAf?$AAt?$AA?2?$AAQ@ 00011168     helper.obj
 0001:000001a0       ??_C@_1LE@JFJAPLGK@?$AAC?$AAe?$AAS?$AAt?$AAr?$AAe?$AAs?$AAs?$AAW?$AAr?$AAa?$AAp?$AAp?$AAe?$AAr?$AA?3?$AA?5?$AAF?$AAu?$AAn@ 000111a0     cestress_wrap.obj
 0001:00000258       ??_C@_1FG@KGDOEIBL@?$AAC?$AAe?$AAS?$AAt?$AAr?$AAe?$AAs?$AAs?$AAW?$AAr?$AAa?$AAp?$AAp?$AAe?$AAr?$AA?3?$AA?5?$AAs?$AAt?$AAr@ 00011258     cestress_wrap.obj
 0001:000002b0       ??_C@_1KA@GPAAEEBM@?$AAC?$AAe?$AAS?$AAt?$AAr?$AAe?$AAs?$AAs?$AAW?$AAr?$AAa?$AAp?$AAp?$AAe?$AAr?$AA?3?$AA?5?$AAs?$AAt?$AAr@ 000112b0     cestress_wrap.obj
 0001:00000350       ??_C@_1GE@DGHIPLGL@?$AAC?$AAe?$AAS?$AAt?$AAr?$AAe?$AAs?$AAs?$AAW?$AAr?$AAa?$AAp?$AAp?$AAe?$AAr?$AA?3?$AA?5?$AAs?$AAt?$AAr@ 00011350     cestress_wrap.obj
 0001:000003b4       ??_C@_1CM@LODKMJMJ@?$AAI?$AAn?$AAi?$AAt?$AAi?$AAa?$AAl?$AAi?$AAz?$AAe?$AAS?$AAt?$AAr?$AAe?$AAs?$AAs?$AAU?$AAt?$AAi?$AAl@ 000113b4     cestress_wrap.obj
 0001:000003e0       ??_C@_1CK@GBLJAJEI@?$AAP?$AAa?$AAr?$AAs?$AAe?$AAC?$AAm?$AAd?$AAL?$AAi?$AAn?$AAe?$AA_?$AAW?$AAi?$AAn?$AAM?$AAa?$AAi?$AAn@ 000113e0     cestress_wrap.obj
 0001:0000040c       ??_C@_1BE@LHEMFLIA@?$AAC?$AAh?$AAe?$AAc?$AAk?$AAT?$AAi?$AAm?$AAe?$AA?$AA@ 0001140c     cestress_wrap.obj
 0001:00000420       ??_C@_1CO@EOMHPEEE@?$AAR?$AAe?$AAc?$AAo?$AAr?$AAd?$AAI?$AAt?$AAe?$AAr?$AAa?$AAt?$AAi?$AAo?$AAn?$AAR?$AAe?$AAs?$AAu?$AAl@ 00011420     cestress_wrap.obj
 0001:00000450       ??_C@_1BM@BIOKFLOB@?$AAR?$AAe?$AAp?$AAo?$AAr?$AAt?$AAR?$AAe?$AAs?$AAu?$AAl?$AAt?$AAs?$AA?$AA@ 00011450     cestress_wrap.obj
 0001:0000046c       ??_C@_1M@LKJPCGBC@?$AAL?$AAo?$AAg?$AAE?$AAx?$AA?$AA@ 0001146c     cestress_wrap.obj
 0001:00000478       ??_C@_1CA@NBPMCEJL@?$AAs?$AAt?$AAr?$AAe?$AAs?$AAs?$AAu?$AAt?$AAi?$AAl?$AAs?$AA?4?$AAd?$AAl?$AAl?$AA?$AA@ 00011478     cestress_wrap.obj
 0001:00000498       ??_C@_1IM@EGPLIFJD@?$AAW?$AAa?$AAr?$AAn?$AAi?$AAn?$AAg?$AA?3?$AA?5?$AAA?$AAt?$AAt?$AAe?$AAm?$AAp?$AAt?$AA?5?$AAt?$AAo?$AA?5@ 00011498     cestress_wrap.obj
 0001:00000524       ??_C@_11LOCGONAA@?$AA?$AA@ 00011524     cestress_wrap.obj
 0001:00000528       ??_C@_19LFEDFCOM@?$AA?5?$AA?0?$AA?7?$AA?6?$AA?$AA@ 00011528     cestress_wrap.obj
 0001:00000538       ??_C@_1PG@JLKDOMK@?$AAC?$AAe?$AAS?$AAt?$AAr?$AAe?$AAs?$AAs?$AAW?$AAr?$AAa?$AAp?$AAp?$AAe?$AAr?$AA?3?$AA?5?$AAP?$AAa?$AAr@ 00011538     cestress_wrap.obj
 0001:00000688       ??_7CMTTFLOG@@6B@          00011688     log.obj
 0001:000006e0       ??_C@_1EE@INFFEJJA@?$AAN?$AAo?$AAt?$AA?5?$AAe?$AAn?$AAo?$AAu?$AAg?$AAh?$AA?5?$AAm?$AAe?$AAm?$AAo?$AAr?$AAy?$AA?5?$AAf?$AAo@ 000116e0     log.obj
 0001:00000728       ??_C@_1GA@PCALNJMO@?$AAC?$AAO?$AAM?$AAM?$AAE?$AAN?$AAT?$AAS?$AA?3?$AA?5?$AAN?$AAo?$AAt?$AA?5?$AAe?$AAn?$AAo?$AAu?$AAg?$AAh@ 00011728     log.obj
 0001:00000788       ??_C@_1FC@EBNDFGGO@?$AAC?$AAO?$AAM?$AAM?$AAE?$AAN?$AAT?$AAS?$AA?3?$AA?5?$AAS?$AAt?$AAa?$AAt?$AAe?$AA?5?$AAs?$AAt?$AAa?$AAt@ 00011788     log.obj
 0001:000007e0       ??_C@_1FC@GLNDAJE@?$AAC?$AAO?$AAM?$AAM?$AAE?$AAN?$AAT?$AAS?$AA?3?$AA?5?$AAG?$AAr?$AAo?$AAw?$AAi?$AAn?$AAg?$AA?5?$AAm?$AAe@ 000117e0     log.obj
 0001:00000834       ??_C@_19EEPNDKNE@?$AA?$CF?$AAs?$AA?$AN?$AA?6?$AA?$AA@ 00011834     log.obj
 0001:00000840       ??_C@_19IPDNKLKF@?$AAM?$AAT?$AAT?$AAF?$AA?$AA@ 00011840     log.obj
 0001:00000850       ??_C@_1GE@HFAAEPLE@?$AAF?$AAa?$AAi?$AAl?$AAe?$AAd?$AA?5?$AAt?$AAo?$AA?5?$AAl?$AAo?$AAg?$AA?5?$AAW?$AAa?$AAt?$AAs?$AAo?$AAn@ 00011850     log.obj
 0001:000008b4       ??_C@_1DE@JFBCHMMA@?$AAW?$AAa?$AAt?$AAs?$AAo?$AAn?$AA?5?$AAi?$AAn?$AAf?$AAo?$AAr?$AAm?$AAa?$AAt?$AAi?$AAo?$AAn?$AA?5?$AAl@ 000118b4     log.obj
 0001:000008e8       ??_C@_1GK@HKNDAMJL@?$AAM?$AAO?$AAD?$AAU?$AAL?$AAE?$AA?5?$AAL?$AAO?$AAA?$AAD?$AA?5?$AA?$CF?$AA?9?$AA1?$AA6?$AAs?$AA?5?$AA?5?$AA?5@ 000118e8     log.obj
 0001:00000958       ??_C@_1FG@NIALKNBJ@?$AAF?$AAa?$AAi?$AAl?$AAe?$AAd?$AA?5?$AAt?$AAo?$AA?5?$AAd?$AAo?$AA?5?$AAM?$AAo?$AAd?$AAu?$AAl?$AAe?$AA3@ 00011958     log.obj
 0001:000009b0       ??_C@_1KI@DBDLICC@?$AAP?$AAR?$AAO?$AAC?$AAE?$AAS?$AAS?$AA?5?$AAC?$AAR?$AAE?$AAA?$AAT?$AAE?$AA?5?$AA?$CF?$AA?9?$AA1?$AA6?$AAs@ 000119b0     log.obj
 0001:00000a58       ??_C@_1GK@ONPHFIIL@?$AAI?$AAN?$AAF?$AAO?$AA?5?$AA?5?$AA?5?$AA?5?$AAP?$AAA?$AAG?$AAE?$AAS?$AAI?$AAZ?$AAE?$AA?5?$AA?5?$AA?5?$AA?5@ 00011a58     log.obj
 0001:00000ac8       ??_C@_1FI@GBPICJJL@?$AAF?$AAa?$AAi?$AAl?$AAe?$AAd?$AA?5?$AAt?$AAo?$AA?5?$AAd?$AAo?$AA?5?$AAP?$AAr?$AAo?$AAc?$AAe?$AAs?$AAs@ 00011ac8     log.obj
 0001:00000b20       ??_C@_1GI@EJOPBJEM@?$AAF?$AAa?$AAi?$AAl?$AAe?$AAd?$AA?5?$AAt?$AAo?$AA?5?$AAt?$AAa?$AAk?$AAe?$AA?5?$AAs?$AAn?$AAa?$AAp?$AAs@ 00011b20     log.obj
 0001:00000b88       ??_C@_1CA@DDJPHOKJ@?$AAC?$AAA?$AAL?$AAL?$AAS?$AAT?$AAA?$AAC?$AAK?$AA?5?$AA?5?$AA?5?$AAE?$AAN?$AAD?$AA?$AA@ 00011b88     log.obj
 0001:00000ba8       ??_C@_1CI@CHKNKNJI@?$AAI?$AAN?$AAC?$AAI?$AAD?$AAE?$AAN?$AAT?$AA?5?$AA?5?$AA?5?$AA?5?$AA?5?$AA?5?$AA?5?$AA?5?$AAE?$AAN?$AAD?$AA?$AA@ 00011ba8     log.obj
 0001:00000bd0       ??_C@_1EK@FAPAFLME@?$AA?$CF?$AA8?$AA?4?$AA8?$AAl?$AAx?$AA?5?$AA?5?$AA?5?$AA?5?$AA?$CF?$AA8?$AA?4?$AA8?$AAl?$AAx?$AA?5?$AA?5?$AA?5?$AA?5@ 00011bd0     log.obj
 0001:00000c20       ??_C@_1LG@MFLLFEHJ@?$AAI?$AAN?$AAC?$AAI?$AAD?$AAE?$AAN?$AAT?$AA?5?$AA?5?$AAT?$AAY?$AAP?$AAE?$AA?5?$AA?5?$AAD?$AAU?$AAM?$AAP@ 00011c20     log.obj
 0001:00000cd8       ??_C@_1CC@BKKDGNOE@?$AAC?$AAA?$AAL?$AAL?$AAS?$AAT?$AAA?$AAC?$AAK?$AA?5?$AAB?$AAE?$AAG?$AAI?$AAN?$AA?5?$AA?$AA@ 00011cd8     log.obj
 0001:00000d00       ??_C@_1EA@ENAFNP@?$AAP?$AAE?$AAR?$AAS?$AAI?$AAS?$AAT?$AAE?$AAN?$AAT?$AA?5?$AAS?$AAT?$AAO?$AAR?$AAA?$AAG?$AAE?$AA?5?$AAF@ 00011d00     log.obj
 0001:00000d40       ??_C@_1EA@NPKCMEJE@?$AAP?$AAE?$AAR?$AAS?$AAI?$AAS?$AAT?$AAE?$AAN?$AAT?$AA?5?$AAS?$AAT?$AAO?$AAR?$AAA?$AAG?$AAE?$AA?5?$AAT@ 00011d40     log.obj
 0001:00000d80       ??_C@_1CG@HKLJHNLN@?$AAF?$AAR?$AAE?$AAE?$AA?5?$AAM?$AAE?$AAM?$AAO?$AAR?$AAY?$AA?3?$AA?5?$AA?$CF?$AAd?$AA?5?$AAK?$AAB?$AA?$AA@ 00011d80     log.obj
 0001:00000da8       ??_C@_1CG@NJMEHPEB@?$AAF?$AAR?$AAE?$AAE?$AA?5?$AAD?$AAI?$AAS?$AAK?$AA?3?$AA?5?$AA?5?$AA?5?$AA?$CF?$AAd?$AA?5?$AAK?$AAB?$AA?$AA@ 00011da8     log.obj
 0001:00000dd0       ??_C@_1LC@OGBGJOAC@?$AAS?$AAT?$AAA?$AAT?$AAS?$AA?3?$AA?5?$AA?$CF?$AAs?$AA?3?$AA?5?$AAR?$AAU?$AAN?$AAT?$AAI?$AAM?$AAE?$AA?5?$AA?$DN@ 00011dd0     log.obj
 0001:00000e88       ??_C@_1NI@DLGAFNHE@?$AAS?$AAT?$AAA?$AAT?$AAS?$AA?3?$AA?5?$AA?$CF?$AA?9?$AA4?$AA0?$AAs?$AA?5?$AAT?$AAi?$AAm?$AAe?$AA?5?$AAi?$AAn@ 00011e88     log.obj
 0001:00000f60       ??_C@_1CO@HHLDAEDO@?$AAS?$AAC?$AAO?$AAR?$AAE?$AA?5?$AAE?$AAR?$AAR?$AAO?$AAR?$AA?3?$AA?5?$AA0?$AA?5?$AAR?$AAu?$AAn?$AAt?$AAi@ 00011f60     log.obj
 0001:00000f90       ??_C@_1EI@NJHMMCIH@?$AAA?$AAC?$AAT?$AAI?$AAO?$AAN?$AAS?$AA?1?$AAm?$AAi?$AAn?$AA?5?$AA?$DN?$AA?5?$AA?$CF?$AAd?$AA?$AN?$AA?6?$AAT?$AAo@ 00011f90     log.obj
 0001:00000fd8       ??_C@_1NA@JNMPKCH@?$AAU?$AAn?$AAa?$AAb?$AAl?$AAe?$AA?5?$AAt?$AAo?$AA?5?$AAc?$AAr?$AAe?$AAa?$AAt?$AAe?$AA?1?$AAo?$AAp?$AAe@ 00011fd8     log.obj
 0001:000010a8       ??_C@_17CHJMCLKN@?$AAb?$AAa?$AAk?$AA?$AA@ 000120a8     log.obj
 0001:000010b0       ??_C@_1FC@BLKKBLCD@?$AAS?$AAe?$AAt?$AAF?$AAi?$AAl?$AAe?$AAP?$AAo?$AAi?$AAn?$AAt?$AAe?$AAr?$AA?5?$AAf?$AAa?$AAi?$AAl?$AAe@ 000120b0     log.obj
 0001:00001108       ??_C@_1MM@PNMBGGHE@?$AAL?$AAo?$AAg?$AA?5?$AAf?$AAi?$AAl?$AAe?$AA?5?$AAw?$AAa?$AAs?$AA?5?$AAn?$AAo?$AAt?$AA?5?$AAi?$AAn?$AAi@ 00012108     log.obj
 0001:00001208       ??_C@_1MC@FLJCBCGP@?$AAE?$AAn?$AAu?$AAm?$AAe?$AAr?$AAa?$AAt?$AAe?$AAT?$AAh?$AAr?$AAe?$AAa?$AAd?$AAI?$AAn?$AAf?$AAo?$AA?3@ 00012208     log.obj
 0001:000012d0       ??_C@_1IC@LNCPDNMN@?$AAU?$AAn?$AAa?$AAb?$AAl?$AAe?$AA?5?$AAt?$AAo?$AA?5?$AAo?$AAp?$AAe?$AAn?$AA?5?$AAt?$AAh?$AAi?$AAs?$AA?5@ 000122d0     log.obj
 0001:00001358       ??_C@_1JG@JMIIJODN@?$AAU?$AAn?$AAa?$AAb?$AAl?$AAe?$AA?5?$AAt?$AAo?$AA?5?$AAg?$AAe?$AAt?$AA?5?$AAt?$AAh?$AAe?$AA?5?$AAM?$AAo@ 00012358     log.obj
 0001:000013f0       ??_C@_1FC@NOKNOLCP@?$AAS?$AAa?$AAv?$AAi?$AAn?$AAg?$AA?5?$AAs?$AAt?$AAa?$AAt?$AAe?$AA?5?$AAf?$AAo?$AAr?$AA?5?$AA?$CC?$AA?$CF?$AAs@ 000123f0     log.obj
 0001:00001448       ??_C@_1FE@BOJBMFJM@?$AAN?$AAo?$AAt?$AA?5?$AAe?$AAn?$AAo?$AAu?$AAg?$AAh?$AA?5?$AAm?$AAe?$AAm?$AAo?$AAr?$AAy?$AA?5?$AAf?$AAo@ 00012448     log.obj
 0001:000014a0       ??_C@_1FC@OONAIMFB@?$AAH?$AAo?$AAp?$AAp?$AAe?$AAr?$AA?5?$AAm?$AAa?$AAi?$AAn?$AA?5?$AAt?$AAh?$AAr?$AAe?$AAa?$AAd?$AA?5?$AAi@ 000124a0     watchdog.obj
 0001:000014f8       ??_C@_1GE@BMMKKLPO@?$AAS?$AAt?$AAa?$AAr?$AAv?$AAa?$AAt?$AAi?$AAo?$AAn?$AA?5?$AAf?$AAo?$AAr?$AA?5?$AAP?$AAR?$AAI?$AA?5?$AA?$CF@ 000124f8     watchdog.obj
 0001:00001560       ??_C@_1GO@DKFKGGCG@?$AAW?$AAa?$AAt?$AAc?$AAh?$AAD?$AAo?$AAg?$AA?3?$AA?5?$AA?$CB?$AA?$CB?$AAW?$AAa?$AAr?$AAn?$AAi?$AAn?$AAg?$AA?$CB@ 00012560     watchdog.obj
 0001:000015d0       ??_C@_1BG@LCNKPMDJ@?$AAH?$AAO?$AAP?$AAP?$AAE?$AAR?$AA_?$AAS?$AAW?$AAD?$AA?$AA@ 000125d0     watchdog.obj
 0001:000015e8       ??_C@_1CM@EGGNPKDP@?$AAU?$AAn?$AAk?$AAn?$AAo?$AAw?$AAn?$AA?5?$AAp?$AAr?$AAo?$AAd?$AAu?$AAc?$AAt?$AA?5?$AA?$CC?$AA?$CF?$AAs?$AA?$CC@ 000125e8     theApp.obj
 0001:00001618       ??_C@_1LA@BEECNKNK@?$AAU?$AAn?$AAk?$AAn?$AAo?$AAw?$AAn?$AA?5?$AAp?$AAr?$AAo?$AAd?$AAu?$AAc?$AAt?$AA?5?$AA?$CC?$AA?$CF?$AAs?$AA?$CC@ 00012618     theApp.obj
 0001:000016c8       ??_C@_1FO@IEKFGDJC@?$AAD?$AAe?$AAv?$AAi?$AAc?$AAe?$AA?5?$AAI?$AAn?$AAf?$AAo?$AA?3?$AA?5?$AA?$CF?$AAs?$AA?0?$AA?5?$AA?$CF?$AAs?$AA?0@ 000126c8     theApp.obj
 0001:00001728       ??_C@_1BG@POFIGNHI@?$AAS?$AAm?$AAa?$AAr?$AAt?$AAP?$AAh?$AAo?$AAn?$AAe?$AA?$AA@ 00012728     theApp.obj
 0001:00001740       ??_C@_1BC@IIOGDLPJ@?$AAP?$AAo?$AAc?$AAk?$AAe?$AAt?$AAP?$AAC?$AA?$AA@ 00012740     theApp.obj
 0001:00001754       ??_C@_1CK@MCILHLLG@?$AAG?$AAe?$AAt?$AAD?$AAe?$AAv?$AAi?$AAc?$AAe?$AAI?$AAn?$AAf?$AAo?$AA?5?$AAf?$AAa?$AAi?$AAl?$AAe?$AAd@ 00012754     theApp.obj
 0001:00001780       ??_C@_1BG@KAFNHEPL@?$AAh?$AAo?$AAp?$AAp?$AAe?$AAr?$AA?4?$AAl?$AAo?$AAg?$AA?$AA@ 00012780     theApp.obj
 0001:00001798       ??_C@_13FPGAJAPJ@?$AA?2?$AA?$AA@ 00012798     theApp.obj
 0001:0000179c       ??_C@_1BC@GHHLMKDN@?$AA?2?$AAt?$AAe?$AAs?$AAt?$AAl?$AAo?$AAg?$AA?$AA@ 0001279c     theApp.obj
 0001:000017b0       ??_C@_1FO@CELIHOL@?$AAD?$AAe?$AAf?$AAa?$AAu?$AAl?$AAt?$AA?5?$AAs?$AAy?$AAs?$AAt?$AAe?$AAm?$AA?5?$AAc?$AAr?$AAa?$AAs?$AAh@ 000127b0     theApp.obj
 0001:00001810       ??_C@_1GC@EGOJHGAC@?$AAN?$AAo?$AAr?$AAm?$AAa?$AAl?$AA?5?$AAt?$AAh?$AAr?$AAe?$AAa?$AAd?$AAs?$AA?5?$AAa?$AAr?$AAe?$AA?5?$AAn@ 00012810     theApp.obj
 0001:00001878       ??_C@_1HE@NLBNFKDA@?$AAE?$AAn?$AAc?$AAo?$AAu?$AAn?$AAt?$AAe?$AAr?$AAe?$AAd?$AA?5?$AAa?$AAn?$AA?5?$AAu?$AAn?$AAr?$AAe?$AAc@ 00012878     theApp.obj
 0001:000018f0       ??_C@_1HE@DCOAAGEF@?$AAF?$AAo?$AAr?$AAe?$AAg?$AAr?$AAo?$AAu?$AAn?$AAd?$AA?5?$AAw?$AAi?$AAn?$AAd?$AAo?$AAw?$AA?5?$AAn?$AAo@ 000128f0     theApp.obj
 0001:00001968       ??_C@_1IK@MBBMEDML@?$AAO?$AAn?$AAe?$AA?5?$AAo?$AAr?$AA?5?$AAm?$AAo?$AAr?$AAe?$AA?5?$AAt?$AAh?$AAr?$AAe?$AAa?$AAd?$AAs?$AA?5@ 00012968     theApp.obj
 0001:000019f8       ??_C@_1FK@KCPLNBFP@?$AAU?$AAI?$AA?5?$AAU?$AAn?$AAr?$AAe?$AAs?$AAp?$AAo?$AAn?$AAs?$AAi?$AAv?$AAe?$AAn?$AAe?$AAs?$AAs?$AA?5@ 000129f8     theApp.obj
 0001:00001a58       ??_C@_1FG@HHMLENLE@?$AAH?$AAo?$AAp?$AAp?$AAe?$AAd?$AA?5?$AAh?$AAi?$AAt?$AA?5?$AAa?$AAn?$AA?5?$AAe?$AAx?$AAc?$AAe?$AAp?$AAt@ 00012a58     theApp.obj
 0001:00001ab0       ??_C@_1DI@LAJIKBNF@?$AAS?$AAp?$AAe?$AAc?$AAi?$AAa?$AAl?$AA?5?$AAh?$AAo?$AAp?$AA?5?$AAh?$AAa?$AAn?$AAd?$AAl?$AAi?$AAn?$AAg@ 00012ab0     theApp.obj
 0001:00001ae8       ??_C@_1EK@CLEIDJFF@?$AAR?$AAe?$AAc?$AAe?$AAi?$AAv?$AAe?$AAd?$AA?5?$AAa?$AA?5?$AAs?$AAt?$AAo?$AAp?$AA?5?$AAe?$AAv?$AAe?$AAn@ 00012ae8     theApp.obj
 0001:00001b38       ??_C@_1FE@KPAPPIOH@?$AAT?$AAe?$AAs?$AAt?$AA?5?$AAw?$AAa?$AAs?$AA?5?$AAs?$AAk?$AAi?$AAp?$AAp?$AAe?$AAd?$AA?5?$AAf?$AAo?$AAr@ 00012b38     theApp.obj
 0001:00001b8c       ??_C@_1BK@MHGLPPFH@?$AAR?$AAa?$AAd?$AAi?$AAo?$AA?5?$AAr?$AAe?$AAb?$AAo?$AAo?$AAt?$AA?$AA@ 00012b8c     theApp.obj
 0001:00001ba8       ??_C@_1DK@EKHMLBLI@?$AAF?$AAa?$AAi?$AAl?$AAe?$AAd?$AA?5?$AAt?$AAo?$AA?5?$AAl?$AAa?$AAu?$AAn?$AAc?$AAh?$AA?5?$AAa?$AAp?$AAp@ 00012ba8     theApp.obj
 0001:00001be4       ??_C@_1CI@EPEHHDLE@?$AAO?$AAv?$AAe?$AAr?$AA?5?$AAt?$AAa?$AAr?$AAg?$AAe?$AAt?$AA?5?$AAr?$AAu?$AAn?$AAt?$AAi?$AAm?$AAe?$AA?$AA@ 00012be4     theApp.obj
 0001:00001c10       ??_C@_1EA@EODPCGFM@?$AAS?$AAt?$AAa?$AAr?$AAt?$AA?5?$AAm?$AAe?$AAn?$AAu?$AA?5?$AAd?$AAe?$AAa?$AAd?$AA?0?$AA?5?$AAn?$AAo?$AAt@ 00012c10     theApp.obj
 0001:00001c50       ??_C@_1DC@JPKKAHFB@?$AAS?$AAt?$AAu?$AAc?$AAk?$AA?5?$AAi?$AAn?$AA?5?$AAt?$AAh?$AAe?$AA?5?$AAs?$AAa?$AAm?$AAe?$AA?5?$AAw?$AAi@ 00012c50     theApp.obj
 0001:00001c84       ??_C@_04FMMHFHOO@?$AN?6?$AN?6?$AA@ 00012c84     theApp.obj
 0001:00001c90       ??_C@_1MK@EADEEJON@?$AAF?$AAi?$AAl?$AAe?$AA?5?$AA?$CF?$AAs?$AA?5?$AAe?$AAx?$AAi?$AAs?$AAt?$AA?5?$AAb?$AAu?$AAt?$AA?5?$AAd?$AAi@ 00012c90     theApp.obj
 0001:00001d60       ??_C@_1JO@EHDIINJO@?$AAF?$AAi?$AAl?$AAe?$AA?5?$AA?$CF?$AAs?$AA?5?$AAe?$AAx?$AAi?$AAs?$AAt?$AA?0?$AA?5?$AAb?$AAu?$AAt?$AA?5?$AAw@ 00012d60     theApp.obj
 0001:00001e00       ??_C@_1BK@BJHIBBKA@?$AAP?$AAr?$AAe?$AAv?$AAi?$AAo?$AAu?$AAs?$AAB?$AAo?$AAo?$AAt?$AA?$AA@ 00012e00     theApp.obj
 0001:00001e1c       ??_C@_1BE@PMCPENL@?$AAB?$AAo?$AAo?$AAt?$AAC?$AAo?$AAu?$AAn?$AAt?$AA?$AA@ 00012e1c     theApp.obj
 0001:00001e30       ??_C@_1DE@LFHHAELK@?$AAS?$AAO?$AAF?$AAT?$AAW?$AAA?$AAR?$AAE?$AA?2?$AAM?$AAi?$AAc?$AAr?$AAo?$AAs?$AAo?$AAf?$AAt?$AA?2?$AAH@ 00012e30     theApp.obj
 0001:00001e64       ??_C@_19BNBFKKGH@?$AAC?$AAo?$AAm?$AAm?$AA?$AA@ 00012e64     theApp.obj
 0001:00001e70       ??_C@_1CE@KGPGMOLH@?$AAT?$AAI?$AAM?$AAE?$AAR?$AA_?$AAS?$AAT?$AAU?$AAC?$AAK?$AA?5?$AAf?$AAi?$AAr?$AAe?$AAd?$AA?$AA@ 00012e70     theApp.obj
 0001:00001e98       ??_C@_1JG@HKGPNIF@?$AAW?$AAA?$AAR?$AAN?$AAI?$AAN?$AAG?$AA?3?$AA?5?$AAt?$AAi?$AAc?$AAk?$AA?5?$AAc?$AAo?$AAu?$AAn?$AAt?$AA?5@ 00012e98     theApp.obj
 0001:00001f30       ??_C@_1DC@PPLMHOPK@?$AAR?$AAe?$AAl?$AAa?$AAu?$AAn?$AAc?$AAh?$AAi?$AAn?$AAg?$AA?5?$AAF?$AAo?$AAc?$AAu?$AAs?$AA?5?$AAA?$AAp@ 00012f30     theApp.obj
 0001:00001f64       ??_C@_19FMFEEEON@?$AAO?$AAp?$AAe?$AAn?$AA?$AA@ 00012f64     theApp.obj
 0001:00001f70       ??_C@_1DE@JOHJDLM@?$AAO?$AAP?$AAT?$AAI?$AAO?$AAN?$AA?5?$AAf?$AAl?$AAa?$AAg?$AAs?$AA?5?$AAf?$AAo?$AAr?$AA?5?$AAM?$AAT?$AAT@ 00012f70     theApp.obj
 0001:00001fa8       ??_C@_1HM@FDCGKMBA@?$AAO?$AAP?$AAT?$AAI?$AAO?$AAN?$AAS?$AA?4?$AAe?$AAP?$AAr?$AAo?$AAd?$AAI?$AAD?$AA?5?$AA?$CI?$AA?5?$AA?$CF?$AAd@ 00012fa8     theApp.obj
 0001:00002028       ??_C@_1EG@EOLOLPDE@?$AAO?$AAP?$AAT?$AAI?$AAO?$AAN?$AAS?$AA?4?$AAd?$AAw?$AAR?$AAa?$AAn?$AAd?$AAo?$AAm?$AAS?$AAe?$AAe?$AAd@ 00013028     theApp.obj
 0001:00002070       ??_C@_1GG@LFOCGILK@?$AAO?$AAP?$AAT?$AAI?$AAO?$AAN?$AAS?$AA?4?$AAd?$AAw?$AAT?$AAa?$AAr?$AAg?$AAe?$AAt?$AA?5?$AA?$CI?$AA?1?$AAt@ 00013070     theApp.obj
 0001:000020d8       ??_C@_1II@KLBMDNLB@?$AAO?$AAP?$AAT?$AAI?$AAO?$AAN?$AAS?$AA?4?$AAd?$AAw?$AAS?$AAl?$AAe?$AAe?$AAp?$AA?5?$AA?$CI?$AA?1?$AAl?$AAX@ 000130d8     theApp.obj
 0001:00002160       ??_C@_1GA@PDJCIKD@?$AAO?$AAP?$AAT?$AAI?$AAO?$AAN?$AAS?$AA?4?$AAd?$AAw?$AAI?$AAd?$AAl?$AAe?$AA?5?$AA?$CI?$AA?1?$AAi?$AAX?$AAX@ 00013160     theApp.obj
 0001:000021c0       ??_C@_1HO@OPDAOJJL@?$AAO?$AAP?$AAT?$AAI?$AAO?$AAN?$AAS?$AA?4?$AAd?$AAw?$AAS?$AAw?$AAi?$AAt?$AAc?$AAh?$AA?5?$AA?$CI?$AA?1?$AAw@ 000131c0     theApp.obj
 0001:00002240       ??_C@_1KA@HIECKADJ@?$AAO?$AAP?$AAT?$AAI?$AAO?$AAN?$AAS?$AA?4?$AAi?$AAI?$AAn?$AAp?$AAu?$AAt?$AAM?$AAo?$AAd?$AAe?$AA?$CI?$AA?1@ 00013240     theApp.obj
 0001:000022e0       ??_C@_1CM@DIBGBE@?$AAO?$AAP?$AAT?$AAI?$AAO?$AAN?$AAS?$AA?4?$AAb?$AAV?$AAe?$AAr?$AAb?$AAo?$AAs?$AAe?$AA?5?$AA?$DN?$AA?5?$AA?$CF@ 000132e0     theApp.obj
 0001:0000230c       ??_C@_1DA@EHKMIMLA@?$AAO?$AAP?$AAT?$AAI?$AAO?$AAN?$AAS?$AA?4?$AAb?$AAM?$AAe?$AAm?$AAo?$AAr?$AAy?$AAL?$AAo?$AAg?$AA?5?$AA?$DN@ 0001330c     theApp.obj
 0001:0000233c       ??_C@_1CK@GHFNNPNF@?$AAO?$AAP?$AAT?$AAI?$AAO?$AAN?$AAS?$AA?4?$AAb?$AAF?$AAE?$AAM?$AAo?$AAd?$AAe?$AA?5?$AA?$DN?$AA?5?$AA?$CF?$AAd@ 0001333c     theApp.obj
 0001:00002368       ??_C@_1CI@MANMCDLA@?$AAO?$AAP?$AAT?$AAI?$AAO?$AAN?$AAS?$AA?4?$AAb?$AAY?$AAi?$AAe?$AAl?$AAd?$AA?5?$AA?$DN?$AA?5?$AA?$CF?$AAd?$AA?$AA@ 00013368     theApp.obj
 0001:00002390       ??_C@_1FM@KCEBLEIF@?$AAO?$AAP?$AAT?$AAI?$AAO?$AAN?$AAS?$AA?4?$AAb?$AAN?$AAo?$AAU?$AAI?$AA?5?$AA?$CI?$AA?1?$AAr?$AA?5?$AAN?$AAo@ 00013390     theApp.obj
 0001:000023f0       ??_C@_1GC@CBLLOIJF@?$AAO?$AAP?$AAT?$AAI?$AAO?$AAN?$AAS?$AA?4?$AAb?$AAC?$AAt?$AAr?$AAl?$AAA?$AAw?$AAa?$AAr?$AAe?$AA?5?$AA?$CI@ 000133f0     theApp.obj
 0001:00002458       ??_C@_1GK@LHLOCDEH@?$AAO?$AAP?$AAT?$AAI?$AAO?$AAN?$AAS?$AA?4?$AAp?$AAt?$AAs?$AAz?$AAA?$AAp?$AAp?$AA?5?$AA?$CI?$AA?1?$AAa?$AAX@ 00013458     theApp.obj
 0001:000024c8       ??_C@_1HA@KKJLPEII@?$AAO?$AAP?$AAT?$AAI?$AAO?$AAN?$AAS?$AA?4?$AAd?$AAw?$AAW?$AAa?$AAt?$AAc?$AAh?$AAD?$AAo?$AAg?$AA?5?$AA?$CI@ 000134c8     theApp.obj
 0001:00002538       ??_C@_1HI@CLAEANLL@?$AAO?$AAP?$AAT?$AAI?$AAO?$AAN?$AAS?$AA?4?$AAp?$AAt?$AAs?$AAz?$AAA?$AAp?$AAp?$AAL?$AAn?$AAk?$AA?5?$AA?$CI@ 00013538     theApp.obj
 0001:000025b0       ??_C@_1JI@IPEPMGEO@?$AAO?$AAP?$AAT?$AAI?$AAO?$AAN?$AAS?$AA?4?$AAp?$AAt?$AAs?$AAz?$AAZ?$AAi?$AAr?$AAa?$AAC?$AAo?$AAn?$AAf@ 000135b0     theApp.obj
 0001:00002648       ??_C@_1FA@MAJJDFMM@?$AAO?$AAP?$AAT?$AAI?$AAO?$AAN?$AAS?$AA?4?$AAp?$AAt?$AAs?$AAz?$AAX?$AAM?$AAL?$AA?5?$AA?$CI?$AAx?$AAm?$AAl@ 00013648     theApp.obj
 0001:000026dc       ??_C@_1DC@OPJDPMPP@?$AAT?$AAu?$AAe?$AA?5?$AAO?$AAc?$AAt?$AA?5?$AA1?$AA0?$AA?5?$AA1?$AA5?$AA?3?$AA2?$AA7?$AA?3?$AA2?$AA7?$AA?5@ 000136dc     theApp.obj
 0001:00002710       ??_C@_1BC@GKLHNHCD@?$AA2?$AA1?$AA?3?$AA4?$AA7?$AA?3?$AA5?$AA4?$AA?$AA@ 00013710     theApp.obj
 0001:00002724       ??_C@_1BI@LDPPOIN@?$AAO?$AAc?$AAt?$AA?5?$AA1?$AA2?$AA?5?$AA2?$AA0?$AA0?$AA6?$AA?$AA@ 00013724     theApp.obj
 0001:0000273c       ??_C@_1BI@LADEPCPH@?$AA2?$AA?4?$AA0?$AA?4?$AA1?$AA5?$AA?4?$AA7?$AA4?$AA7?$AA2?$AA?$AA@ 0001373c     theApp.obj
 0001:00002758       ??_C@_1GA@JMHPFJGF@?$AAH?$AAo?$AAp?$AAp?$AAe?$AAr?$AA?5?$AAv?$AA?$CF?$AAs?$AA?5?$AA?$FL?$AA?5?$AAB?$AAU?$AAI?$AAL?$AAT?$AA?5?$AA?$CI@ 00013758     theApp.obj
 0001:000027b8       ??_C@_1CA@KCBADPJP@?$AAM?$AAT?$AAT?$AAF?$AA?5?$AAT?$AAe?$AAs?$AAt?$AA?5?$AAM?$AAu?$AAt?$AAe?$AAx?$AA?$AA@ 000137b8     theApp.obj
 0001:000027d8       ??_C@_1FC@OMCBPMNN@?$AAF?$AAa?$AAi?$AAl?$AAe?$AAd?$AA?5?$AAt?$AAo?$AA?5?$AAp?$AAa?$AAi?$AAn?$AAt?$AA?5?$AAa?$AAt?$AA?5?$AAP@ 000137d8     theApp.obj
 0001:0000282c       ??_7CMTTFOOMThread@@6B@    0001382c     theApp.obj
 0001:00002838       ??_C@_1HO@LFMCFDOI@?$AAp?$AAe?$AAr?$AAf?$AA?3?$AA?5?$AAA?$AAc?$AAt?$AAu?$AAa?$AAl?$AA?5?$AAw?$AAa?$AAi?$AAt?$AA?5?$AAt?$AAi@ 00013838     theApp.obj
 0001:000028b8       ??_C@_1MA@CJCPCDHB@?$AAp?$AAe?$AAr?$AAf?$AA?3?$AA?5?$AAA?$AAc?$AAt?$AAu?$AAa?$AAl?$AA?5?$AAw?$AAa?$AAi?$AAt?$AA?5?$AAt?$AAi@ 000138b8     theApp.obj
 0001:00002978       ??_C@_1HO@FGLHLGPM@?$AAp?$AAe?$AAr?$AAf?$AA?3?$AA?5?$AAA?$AAc?$AAt?$AAu?$AAa?$AAl?$AA?5?$AAw?$AAa?$AAi?$AAt?$AA?5?$AAt?$AAi@ 00013978     theApp.obj
 0001:000029f8       ??_C@_1HA@NEIBOEAJ@?$AAF?$AAA?$AAI?$AAL?$AAE?$AAD?$AA?5?$AAt?$AAo?$AA?5?$AAw?$AAr?$AAi?$AAt?$AAe?$AA?5?$AAt?$AAo?$AA?5?$AAt@ 000139f8     theApp.obj
 0001:00002a68       ??_C@_1O@EMAMEBNK@?$AA?5?$AA?5?$AA?$AN?$AA?6?$AA?$AN?$AA?6?$AA?$AA@ 00013a68     theApp.obj
 0001:00002a78       ??_C@_1FI@MLAHNKD@?$AAS?$AAe?$AAt?$AAE?$AAn?$AAd?$AAO?$AAf?$AAF?$AAi?$AAl?$AAe?$AA?5?$AAf?$AAa?$AAi?$AAl?$AAe?$AAd?$AA?4@ 00013a78     theApp.obj
 0001:00002ad0       ??_C@_1BBO@OCPIEAGG@?$AAB?$AAu?$AAi?$AAl?$AAd?$AA?5?$AA?$DN?$AA?5?$AA?$CF?$AAd?$AA?5?$AA?$CI?$AAO?$AAS?$AA?5?$AA?$CF?$AAd?$AA?$CJ?$AA?$CI?$AAH@ 00013ad0     theApp.obj
 0001:00002bf0       ??_C@_1CO@DLPMFJIB@?$AA?5?$AAR?$AAe?$AAs?$AAe?$AAt?$AA?5?$AAs?$AAi?$AAn?$AAc?$AAe?$AA?5?$AAl?$AAa?$AAs?$AAt?$AA?5?$AAr?$AAu@ 00013bf0     theApp.obj
 0001:00002c20       ??_C@_1FK@MEOEIGLG@?$AAR?$AAe?$AAg?$AAQ?$AAu?$AAe?$AAr?$AAy?$AAV?$AAa?$AAl?$AAu?$AAe?$AAE?$AAx?$AA?5?$AAf?$AAa?$AAi?$AAl@ 00013c20     theApp.obj
 0001:00002c7c       ??_C@_1BI@LFENMEBA@?$AAS?$AAc?$AAo?$AAr?$AAe?$AAB?$AAu?$AAf?$AAf?$AAe?$AAr?$AA?$AA@ 00013c7c     theApp.obj
 0001:00002c94       ??_C@_1BA@CPELLEOB@?$AAE?$AAn?$AAd?$AAT?$AAy?$AAp?$AAe?$AA?$AA@ 00013c94     theApp.obj
 0001:00002ca4       ??_C@_1BA@DENLLNIE@?$AAR?$AAu?$AAn?$AAT?$AAi?$AAm?$AAe?$AA?$AA@ 00013ca4     theApp.obj
 0001:00002cb4       ??_C@_1BG@JCLAFIL@?$AAR?$AAa?$AAn?$AAd?$AAo?$AAm?$AAS?$AAe?$AAe?$AAd?$AA?$AA@ 00013cb4     theApp.obj
 0001:00002cd0       ??_C@_1HE@BGCDGLEE@?$AAR?$AAe?$AAg?$AAC?$AAr?$AAe?$AAa?$AAt?$AAe?$AAK?$AAe?$AAy?$AAE?$AAx?$AA?5?$AAf?$AAa?$AAi?$AAl?$AAe@ 00013cd0     theApp.obj
 0001:00002d44       ??_C@_1CM@DJDCPECA@?$AA?1?$AA?$DP?$AA?5?$AA?5?$AA?9?$AA?5?$AAt?$AAh?$AAi?$AAs?$AA?5?$AAh?$AAe?$AAl?$AAp?$AA?5?$AAl?$AAi?$AAs?$AAt@ 00013d44     theApp.obj
 0001:00002d70       ??_C@_1CM@LHJDKKPO@?$AA?1?$AAh?$AA?5?$AA?5?$AA?9?$AA?5?$AAt?$AAh?$AAi?$AAs?$AA?5?$AAh?$AAe?$AAl?$AAp?$AA?5?$AAl?$AAi?$AAs?$AAt@ 00013d70     theApp.obj
 0001:00002da0       ??_C@_1EA@GJPFJGEB@?$AA?1?$AAv?$AA?5?$AA?5?$AA?9?$AA?5?$AAf?$AAl?$AAa?$AAg?$AA?5?$AAf?$AAo?$AAr?$AA?5?$AAV?$AAe?$AAr?$AAb?$AAo@ 00013da0     theApp.obj
 0001:00002de0       ??_C@_1EC@HDLHKOBO@?$AA?1?$AAd?$AA?5?$AA?5?$AA?9?$AA?5?$AAr?$AAu?$AAn?$AAn?$AAi?$AAn?$AAg?$AA?5?$AAi?$AAn?$AA?5?$AAd?$AAe?$AAb@ 00013de0     theApp.obj
 0001:00002e28       ??_C@_1FE@EDLDGDAJ@?$AA?1?$AAm?$AA?5?$AA?5?$AA?9?$AA?5?$AAf?$AAl?$AAa?$AAg?$AA?5?$AAf?$AAo?$AAr?$AA?5?$AAa?$AAd?$AAd?$AAi?$AAt@ 00013e28     theApp.obj
 0001:00002e80       ??_C@_1FK@IHNIJFPF@?$AA?1?$AAk?$AA?5?$AA?5?$AA?9?$AA?5?$AAt?$AAo?$AA?5?$AAk?$AAi?$AAl?$AAl?$AA?5?$AAh?$AAo?$AAp?$AAp?$AAe?$AAr@ 00013e80     theApp.obj
 0001:00002ee0       ??_C@_1FC@IIBDGNON@?$AA?1?$AAr?$AA?5?$AA?5?$AA?9?$AA?5?$AAf?$AAl?$AAa?$AAg?$AA?5?$AAf?$AAo?$AAr?$AA?5?$AAn?$AAo?$AA?5?$AAR?$AAu@ 00013ee0     theApp.obj
 0001:00002f38       ??_C@_1KG@MKHJPFEG@?$AA?1?$AAp?$AA?5?$AA?5?$AA?9?$AA?5?$AAi?$AAn?$AAp?$AAu?$AAt?$AA?5?$AAm?$AAe?$AAt?$AAh?$AAo?$AAd?$AA?0?$AA?5@ 00013f38     theApp.obj
 0001:00002fe0       ??_C@_1II@PGGGJIHL@?$AA?1?$AAy?$AA?5?$AA?5?$AA?9?$AA?5?$AAf?$AAl?$AAa?$AAg?$AA?5?$AAf?$AAo?$AAr?$AA?5?$AAa?$AAl?$AAl?$AAo?$AAw@ 00013fe0     theApp.obj
 0001:00003068       ??_C@_1DO@PGIMOAOG@?$AA?1?$AAs?$AAX?$AAX?$AA?5?$AA?5?$AA?9?$AA?5?$AAX?$AAX?$AA?5?$AAi?$AAs?$AA?5?$AAt?$AAh?$AAe?$AA?5?$AAr?$AAa@ 00014068     theApp.obj
 0001:000030a8       ??_C@_1IO@PNJAGNLA@?$AA?1?$AAl?$AAX?$AAX?$AA?5?$AA?5?$AA?9?$AA?5?$AA?$CI?$AAl?$AAo?$AAw?$AAe?$AAr?$AAc?$AAa?$AAs?$AAe?$AA?5?$AAL@ 000140a8     theApp.obj
 0001:00003138       ??_C@_1JA@MPFCNAPG@?$AA?1?$AAi?$AAX?$AAX?$AA?5?$AA?5?$AA?9?$AA?5?$AAX?$AAX?$AA?5?$AAi?$AAs?$AA?5?$AAt?$AAh?$AAe?$AA?5?$AAm?$AAa@ 00014138     theApp.obj
 0001:000031c8       ??_C@_1JA@DJKPOFPM@?$AA?1?$AAw?$AAX?$AAX?$AA?5?$AA?5?$AA?9?$AA?5?$AAX?$AAX?$AA?5?$AAi?$AAs?$AA?5?$AAt?$AAh?$AAe?$AA?5?$AAt?$AAi@ 000141c8     theApp.obj
 0001:00003258       ??_C@_1FK@BCKDDNAJ@?$AA?1?$AAt?$AAX?$AAX?$AA?5?$AA?5?$AA?9?$AA?5?$AAX?$AAX?$AA?5?$AAi?$AAs?$AA?5?$AAt?$AAh?$AAe?$AA?5?$AAT?$AAa@ 00014258     theApp.obj
 0001:000032b8       ??_C@_1JO@GGDAPLPM@?$AA?1?$AAb?$AAX?$AAX?$AA?5?$AA?5?$AA?9?$AA?5?$AAX?$AAX?$AA?5?$AAi?$AAs?$AA?5?$AAt?$AAh?$AAe?$AA?5?$AAS?$AAt@ 000142b8     theApp.obj
 0001:00003358       ??_C@_1JO@IAJEADCF@?$AA?1?$AAa?$AAA?$AAp?$AAp?$AA?4?$AAe?$AAx?$AAe?$AA?5?$AA?9?$AA?5?$AAA?$AAp?$AAp?$AAl?$AAi?$AAc?$AAa?$AAt@ 00014358     theApp.obj
 0001:000033f8       ??_C@_1KM@GHPCMGAG@?$AA?5?$AA?5?$AA?5?$AA?5?$AA?5?$AA?5?$AA?5?$AA?5?$AA?5?$AA?5?$AA?5?$AA?5?$AA?5?$AA?5?$AA?5?$AA?5?$AA?5?$AA?9?$AA?5?$AAi@ 000143f8     theApp.obj
 0001:000034a8       ??_C@_1IE@IKDFPEDG@?$AAf?$AAi?$AAl?$AAe?$AA?4?$AAx?$AAm?$AAl?$AA?5?$AA?5?$AA?9?$AA?5?$AAi?$AAs?$AA?5?$AAt?$AAh?$AAe?$AA?5?$AAx@ 000144a8     theApp.obj
 0001:00003530       ??_C@_1GG@EBEGLPMP@?$AAW?$AAr?$AAo?$AAn?$AAg?$AA?5?$AAc?$AAo?$AAm?$AAm?$AAa?$AAn?$AAd?$AA?5?$AAo?$AAp?$AAt?$AAi?$AAo?$AAn@ 00014530     theApp.obj
 0001:00003598       ??_C@_1GA@GAADDLJH@?$AAC?$AAh?$AAe?$AAc?$AAk?$AA?5?$AAd?$AAe?$AAb?$AAu?$AAg?$AAo?$AAu?$AAt?$AA?5?$AAo?$AAr?$AA?5?$AAl?$AAo@ 00014598     theApp.obj
 0001:000035f8       ??_C@_1FA@NAJPOHLP@?$AAE?$AAr?$AAr?$AAo?$AAr?$AA?3?$AA?5?$AAU?$AAn?$AAa?$AAb?$AAl?$AAe?$AA?5?$AAt?$AAo?$AA?5?$AAl?$AAa?$AAu@ 000145f8     theApp.obj
 0001:00003648       ??_C@_1BE@PHAJDNCF@?$AAu?$AAn?$AAi?$AAn?$AAs?$AAt?$AAa?$AAl?$AAl?$AA?$AA@ 00014648     theApp.obj
 0001:0000365c       ??_C@_1BA@OMJLMAD@?$AAi?$AAn?$AAs?$AAt?$AAa?$AAl?$AAl?$AA?$AA@ 0001465c     theApp.obj
 0001:00003670       ??_C@_1HC@IGOKKIOG@?$AAF?$AAa?$AAi?$AAl?$AAe?$AAd?$AA?5?$AAt?$AAo?$AA?5?$AAc?$AAr?$AAe?$AAa?$AAt?$AAe?$AA?5?$AAa?$AA?5?$AAs@ 00014670     theApp.obj
 0001:000036e4       ??_C@_19HKLPDE@?$AA?4?$AAb?$AAm?$AAp?$AA?$AA@ 000146e4     theApp.obj
 0001:000036f0       ??_C@_1M@BHKJGLEG@?$AA1?$AA?4?$AAb?$AAm?$AAp?$AA?$AA@ 000146f0     theApp.obj
 0001:00003700       ??_C@_1HA@PFILOLEF@?$AAF?$AAa?$AAi?$AAl?$AAe?$AAd?$AA?5?$AAt?$AAo?$AA?5?$AAc?$AAr?$AAe?$AAa?$AAt?$AAe?$AA?5?$AAa?$AA?5?$AAs@ 00014700     theApp.obj
 0001:00003770       ??_C@_1BO@CJANJIME@?$AAL?$AAa?$AAs?$AAt?$AAS?$AAc?$AAr?$AAe?$AAe?$AAn?$AA?4?$AAb?$AAm?$AAp?$AA?$AA@ 00014770     theApp.obj
 0001:00003790       ??_C@_1GA@BHJGNNKD@?$AAR?$AAe?$AAg?$AAC?$AAl?$AAo?$AAs?$AAe?$AAK?$AAe?$AAy?$AA?5?$AAf?$AAa?$AAi?$AAl?$AAe?$AAd?$AA?5?$AAf@ 00014790     theApp.obj
 0001:000037f0       ??_C@_1JO@KOHKPIEH@?$AAC?$AAe?$AAF?$AAl?$AAu?$AAs?$AAh?$AAD?$AAB?$AAV?$AAo?$AAl?$AA?5?$AAf?$AAa?$AAi?$AAl?$AAe?$AAd?$AA?5@ 000147f0     theApp.obj
 0001:00003890       ??_C@_1FM@MIJGNCFJ@?$AAC?$AAe?$AAF?$AAl?$AAu?$AAs?$AAh?$AAD?$AAB?$AAV?$AAo?$AAl?$AA?5?$AAW?$AAA?$AAR?$AAN?$AAI?$AAN?$AAG@ 00014890     theApp.obj
 0001:000038f0       ??_C@_1GA@JEEAKPPD@?$AAR?$AAe?$AAg?$AAF?$AAl?$AAu?$AAs?$AAh?$AAK?$AAe?$AAy?$AA?5?$AAf?$AAa?$AAi?$AAl?$AAe?$AAd?$AA?5?$AAf@ 000148f0     theApp.obj
 0001:00003950       ??_C@_1FG@DOJBKONF@?$AAR?$AAe?$AAg?$AAS?$AAe?$AAt?$AAV?$AAa?$AAl?$AAu?$AAe?$AAE?$AAx?$AA?5?$AAf?$AAa?$AAi?$AAl?$AAe?$AAd@ 00014950     theApp.obj
 0001:000039a8       ??_C@_1IK@FJJKEGNN@?$AAR?$AAe?$AAg?$AAC?$AAr?$AAe?$AAa?$AAt?$AAe?$AAK?$AAe?$AAy?$AAE?$AAx?$AA?5?$AAf?$AAa?$AAi?$AAl?$AAe@ 000149a8     theApp.obj
 0001:00003a38       ??_C@_1JA@GMLFLJJH@?$AAP?$AAr?$AAe?$AAv?$AAi?$AAo?$AAu?$AAs?$AA?5?$AAr?$AAe?$AAs?$AAu?$AAl?$AAt?$AAs?$AA?5?$AAw?$AAi?$AAl@ 00014a38     theApp.obj
 0001:00003ac8       ??_C@_1GE@OGKCMBDH@?$AAE?$AAr?$AAr?$AAo?$AAr?$AA?5?$AAa?$AAc?$AAc?$AAe?$AAs?$AAs?$AAi?$AAn?$AAg?$AA?5?$AAl?$AAo?$AAg?$AA?5@ 00014ac8     theApp.obj
 0001:00003b30       ??_C@_1GE@CCKJOGIK@?$AAE?$AAr?$AAr?$AAo?$AAr?$AA?5?$AAa?$AAc?$AAc?$AAe?$AAs?$AAs?$AAi?$AAn?$AAg?$AA?5?$AAr?$AAe?$AAg?$AAi@ 00014b30     theApp.obj
 0001:00003b94       ??_C@_1BK@NCALELMB@?$AAE?$AAn?$AAd?$AAT?$AAy?$AAp?$AAe?$AA?5?$AA?$DN?$AA?5?$AA?$CF?$AAs?$AA?$AA@ 00014b94     theApp.obj
 0001:00003bb0       ??_C@_1CG@PCHFLBID@?$AA?$CK?$AA?$CK?$AA?5?$AAE?$AAX?$AAC?$AAE?$AAP?$AAT?$AAI?$AAO?$AAN?$AA?$CB?$AA?5?$AA?$CK?$AA?$CK?$AA?$AN?$AA?6?$AA?$AA@ 00014bb0     theApp.obj
 0001:00003bd8       ??_C@_1HO@KENPJAHL@?$AAW?$AAa?$AAt?$AAc?$AAh?$AAD?$AAo?$AAg?$AA?3?$AA?5?$AAH?$AAi?$AAg?$AAh?$AAe?$AAs?$AAt?$AA?5?$AAs?$AAt@ 00014bd8     theApp.obj
 0001:00003c58       ??_C@_1GK@JBDKDCOP@?$AAF?$AAa?$AAi?$AAl?$AAu?$AAr?$AAe?$AA?3?$AA?5?$AAU?$AAn?$AAa?$AAb?$AAl?$AAe?$AA?5?$AAt?$AAo?$AA?5?$AAl@ 00014c58     theApp.obj
 0001:00003cc8       ??_C@_1GC@FCJMFOBN@?$AAF?$AAa?$AAi?$AAl?$AAu?$AAr?$AAe?$AA?3?$AA?5?$AAS?$AAt?$AAa?$AAr?$AAt?$AA?5?$AAM?$AAe?$AAn?$AAu?$AA?5@ 00014cc8     theApp.obj
 0001:00003d2c       ??_C@_1DI@NLHDGFJ@?$AAE?$AAx?$AAi?$AAt?$AA?3?$AA?5?$AAS?$AAp?$AAe?$AAc?$AAi?$AAa?$AAl?$AA?5?$AAF?$AAa?$AAi?$AAl?$AAu?$AAr@ 00014d2c     theApp.obj
 0001:00003d68       ??_C@_1GE@IFIADAL@?$AAH?$AAo?$AAp?$AAp?$AAe?$AAr?$AA?5?$AAi?$AAs?$AA?5?$AAu?$AAn?$AAa?$AAb?$AAl?$AAe?$AA?5?$AAt?$AAo?$AA?5@ 00014d68     theApp.obj
 0001:00003dd0       ??_C@_1LM@BCLJENLC@?$AAP?$AAl?$AAe?$AAa?$AAs?$AAe?$AA?5?$AAc?$AAh?$AAe?$AAc?$AAk?$AA?5?$AAi?$AAf?$AA?5?$AAt?$AAh?$AAe?$AA?5@ 00014dd0     theApp.obj
 0001:00003e90       ??_C@_1FC@FMOCFEIK@?$AAE?$AAx?$AAi?$AAt?$AA?3?$AA?5?$AAR?$AAe?$AAc?$AAe?$AAi?$AAv?$AAe?$AAd?$AA?5?$AAa?$AA?5?$AAS?$AAT?$AAO@ 00014e90     theApp.obj
 0001:00003ee8       ??_C@_1EA@LBFBDPCE@?$AAE?$AAx?$AAi?$AAt?$AA?3?$AA?5?$AAO?$AAv?$AAe?$AAr?$AA?5?$AAt?$AAa?$AAr?$AAg?$AAe?$AAt?$AA?5?$AAr?$AAu@ 00014ee8     theApp.obj
 0001:00003f28       ??_C@_1BBC@KBPKKEBF@?$AAH?$AAo?$AAp?$AAp?$AAe?$AAr?$AA?5?$AAh?$AAa?$AAs?$AA?5?$AAd?$AAe?$AAt?$AAe?$AAc?$AAt?$AAe?$AAd?$AA?5@ 00014f28     theApp.obj
 0001:00004040       ??_C@_1HC@GLIKGGCA@?$AAT?$AAh?$AAi?$AAs?$AA?5?$AAm?$AAa?$AAy?$AA?5?$AAb?$AAe?$AA?5?$AAd?$AAu?$AAe?$AA?5?$AAt?$AAo?$AA?5?$AAa@ 00015040     theApp.obj
 0001:000040b8       ??_C@_1NG@OKPNEONA@?$AAT?$AAh?$AAi?$AAs?$AA?5?$AAm?$AAa?$AAy?$AA?5?$AAb?$AAe?$AA?5?$AAc?$AAa?$AAu?$AAs?$AAe?$AAd?$AA?5?$AAb@ 000150b8     theApp.obj
 0001:00004190       ??_C@_1FK@IOPAAEEF@?$AAT?$AAh?$AAe?$AA?5?$AAd?$AAa?$AAm?$AAa?$AAg?$AAe?$AAd?$AA?5?$AAh?$AAe?$AAa?$AAp?$AA?5?$AAc?$AAo?$AAu@ 00015190     theApp.obj
 0001:000041f0       ??_C@_1IK@ILNFJEDK@?$AAT?$AAh?$AAi?$AAs?$AA?5?$AAm?$AAa?$AAy?$AA?5?$AAb?$AAe?$AA?5?$AAd?$AAu?$AAe?$AA?5?$AAt?$AAo?$AA?5?$AAa@ 000151f0     theApp.obj
 0001:00004398       ??_C@_1CG@PAGLDGCA@?$AAD?$AAb?$AAg?$AAl?$AAi?$AAb?$AA_?$AAD?$AAu?$AAm?$AAp?$AAT?$AAh?$AAr?$AAe?$AAa?$AAd?$AAs?$AA?$AA@ 00015398     theApp.obj
 0001:000043c0       ??_C@_1GE@MJHHFFIK@?$AAd?$AA?3?$AA?2?$AAc?$AAb?$AAo?$AAw?$AA1?$AA?2?$AAp?$AAr?$AAi?$AAv?$AAa?$AAt?$AAe?$AA?2?$AAq?$AAa?$AAa@ 000153c0     theApp.obj
 0001:00004428       ??_C@_1GE@EFFILGKI@?$AAT?$AAe?$AAs?$AAt?$AA?5?$AAf?$AAa?$AAi?$AAl?$AAe?$AAd?$AA?5?$AAi?$AAn?$AA?5?$AAf?$AAi?$AAl?$AAe?$AA?5@ 00015428     theApp.obj
 0001:0000448c       ??_C@_1DM@IGNJOGHO@?$AAC?$AAa?$AAn?$AA?8?$AAt?$AA?5?$AAg?$AAe?$AAt?$AA?5?$AAc?$AAo?$AAr?$AAr?$AAe?$AAc?$AAt?$AA?5?$AAd?$AAe@ 0001548c     theApp.obj
 0001:000044c8       ??_C@_15GANGMFKL@?$AA?$CF?$AAs?$AA?$AA@ 000154c8     theApp.obj
 0001:000044d0       ??_C@_1DA@EFLKLHOK@?$AAM?$AAT?$AAT?$AAF?$AA?5?$AAt?$AAe?$AAs?$AAt?$AA?5?$AAf?$AAi?$AAn?$AAa?$AAl?$AAl?$AAy?$AA?5?$AAe?$AAx@ 000154d0     theApp.obj
 0001:00004500       ??_C@_1ME@NLKPMKKO@?$AAM?$AAT?$AAT?$AAF?$AA?5?$AAt?$AAe?$AAs?$AAt?$AA?5?$AAe?$AAx?$AAi?$AAt?$AAi?$AAn?$AAg?$AA?0?$AA?5?$AAh@ 00015500     theApp.obj
 0001:000045c8       ??_C@_1EO@DBNFBLOF@?$AAp?$AAe?$AAr?$AAf?$AA?3?$AA?5?$AAO?$AAv?$AAe?$AAr?$AAh?$AAe?$AAa?$AAd?$AA?5?$AAf?$AAo?$AAr?$AA?5?$AAe@ 000155c8     theApp.obj
 0001:00004618       ??_C@_1DK@GDODMHIP@?$AAF?$AAa?$AAi?$AAl?$AAe?$AAd?$AA?5?$AAt?$AAo?$AA?5?$AAi?$AAn?$AAi?$AAt?$AAi?$AAa?$AAl?$AAi?$AAz?$AAe@ 00015618     theApp.obj
 0001:00004654       ??_C@_1DO@HIMODMHC@?$AAU?$AAs?$AAe?$AAr?$AA?5?$AAc?$AAo?$AAm?$AAm?$AAa?$AAn?$AAd?$AA?5?$AAl?$AAi?$AAn?$AAe?$AA?5?$AAp?$AAa@ 00015654     theApp.obj
 0001:00004698       ??_C@_1EI@JJGGHDAC@?$AAR?$AAe?$AAa?$AAl?$AA?5?$AAu?$AAs?$AAe?$AAr?$AA?5?$AAc?$AAo?$AAm?$AAm?$AAa?$AAn?$AAd?$AA?5?$AAl?$AAi@ 00015698     theApp.obj
 0001:000046e0       ??_C@_1DO@CCDPKHK@?$AAP?$AAa?$AAr?$AAs?$AAi?$AAn?$AAg?$AA?5?$AAr?$AAe?$AAa?$AAl?$AA?5?$AAu?$AAs?$AAe?$AAr?$AA?5?$AAc?$AAo@ 000156e0     theApp.obj
 0001:00004720       ??_C@_1FE@BFNDLAHD@?$AAC?$AAe?$AAS?$AAt?$AAr?$AAe?$AAs?$AAs?$AAW?$AAr?$AAa?$AAp?$AAp?$AAe?$AAr?$AA?3?$AA?5?$AAi?$AAn?$AAi@ 00015720     theApp.obj
 0001:00004774       ??_C@_1O@MMPAGOAG@?$AAH?$AAO?$AAP?$AAP?$AAE?$AAR?$AA?$AA@ 00015774     theApp.obj
 0001:00004798       ??_C@_1M@DFKENGJN@?$AA?$CF?$AAs?$AA?2?$AA?$CF?$AAs?$AA?$AA@ 00015798     apppath.obj
 0001:000047a8       ??_C@_1IM@LHDFHMFE@?$AAA?$AAp?$AAp?$AAP?$AAa?$AAt?$AAh?$AA?3?$AA?5?$AAW?$AAe?$AA?5?$AAf?$AAo?$AAu?$AAn?$AAd?$AA?5?$AAl?$AAo@ 000157a8     apppath.obj
 0001:00004838       ??_C@_1GC@ECCHCDKF@?$AAA?$AAp?$AAp?$AAP?$AAa?$AAt?$AAh?$AA?3?$AA?5?$AAO?$AAu?$AAt?$AA?5?$AAo?$AAf?$AA?5?$AAM?$AAe?$AAm?$AAo@ 00015838     apppath.obj
 0001:000048a0       ??_C@_1FO@EGKEIABJ@?$AAA?$AAp?$AAp?$AAP?$AAa?$AAt?$AAh?$AA?3?$AA?5?$AAC?$AAo?$AAm?$AAp?$AAa?$AAr?$AAe?$AA?5?$AA?$CF?$AAs?$AA?5@ 000158a0     apppath.obj
 0001:00004900       ??_C@_1FG@BJPICPFO@?$AAA?$AAp?$AAp?$AAP?$AAa?$AAt?$AAh?$AA?3?$AA?5?$AAF?$AAo?$AAu?$AAn?$AAd?$AA?5?$AAo?$AAu?$AAt?$AAl?$AAo@ 00015900     apppath.obj
 0001:00004958       ??_C@_1BC@HIDCLCIA@?$AAp?$AAo?$AAu?$AAt?$AAl?$AAo?$AAo?$AAk?$AA?$AA@ 00015958     apppath.obj
 0001:0000496c       ??_C@_19DOGDICKI@?$AA?4?$AAe?$AAx?$AAe?$AA?$AA@ 0001596c     apppath.obj
 0001:00004978       ??_C@_1IE@BGFDKAHL@?$AAA?$AAp?$AAp?$AAP?$AAa?$AAt?$AAh?$AA?3?$AA?5?$AAP?$AAa?$AAs?$AAs?$AA?5?$AAS?$AAH?$AAG?$AAe?$AAt?$AAS@ 00015978     apppath.obj
 0001:000049fc       ??_C@_1BG@NBFJIEPP@?$AAA?$AAp?$AAp?$AAB?$AAu?$AAt?$AAt?$AAo?$AAn?$AAs?$AA?$AA@ 000159fc     apppath.obj
 0001:00004a14       ??_C@_1M@HOCFJCLG@?$AA?$CK?$AA?4?$AAl?$AAn?$AAk?$AA?$AA@ 00015a14     apppath.obj
 0001:00004a20       ??_C@_17ECHFBE@?$AA?$CK?$AA?4?$AA?$CK?$AA?$AA@ 00015a20     apppath.obj
 0001:00004d08       ??_C@_1IE@KKHABKPB@?$AAA?$AAp?$AAp?$AAl?$AAi?$AAc?$AAa?$AAt?$AAi?$AAo?$AAn?$AA?5?$AAl?$AAi?$AAs?$AAt?$AA?3?$AA?5?$AAl?$AAn@ 00015d08     hopper.obj
 0001:00004d90       ??_C@_1BCC@FLCKIABJ@?$AAE?$AAr?$AAr?$AAo?$AAr?$AA?3?$AA?5?$AAF?$AAa?$AAi?$AAl?$AAe?$AAd?$AA?5?$AAt?$AAo?$AA?5?$AAf?$AAi?$AAn@ 00015d90     hopper.obj
 0001:00004f20       ??_C@_1NC@CFPNJGNJ@?$AAG?$AAe?$AAt?$AAW?$AAi?$AAn?$AAS?$AAt?$AAa?$AAt?$AAe?$AA?3?$AA?5?$AAF?$AAo?$AAr?$AAe?$AAg?$AAr?$AAo@ 00015f20     hopper.obj
 0001:00004ff8       ??_C@_1JA@LIKJACAI@?$AAS?$AAt?$AAa?$AAt?$AAe?$AA?5?$AAE?$AAr?$AAr?$AAo?$AAr?$AA?3?$AA?5?$AAU?$AAn?$AAa?$AAb?$AAl?$AAe?$AA?5@ 00015ff8     hopper.obj
 0001:00005088       ??_C@_1II@CMIPKOFN@?$AAS?$AAt?$AAa?$AAt?$AAe?$AA?5?$AAE?$AAr?$AAr?$AAo?$AAr?$AA?3?$AA?5?$AAU?$AAn?$AAa?$AAb?$AAl?$AAe?$AA?5@ 00016088     hopper.obj
 0001:00005110       ??_C@_1HI@KLDEICHI@?$AAS?$AAt?$AAa?$AAt?$AAe?$AA?5?$AAE?$AAr?$AAr?$AAo?$AAr?$AA?3?$AA?5?$AAU?$AAn?$AAa?$AAb?$AAl?$AAe?$AA?5@ 00016110     hopper.obj
 0001:00005188       ??_C@_1JA@EFFLNAJC@?$AAS?$AAt?$AAa?$AAt?$AAe?$AA?5?$AAE?$AAr?$AAr?$AAo?$AAr?$AA?3?$AA?5?$AAU?$AAn?$AAa?$AAb?$AAl?$AAe?$AA?5@ 00016188     hopper.obj
 0001:00005218       ??_C@_1JA@IDDFJPCD@?$AAS?$AAt?$AAa?$AAt?$AAe?$AA?5?$AAE?$AAr?$AAr?$AAo?$AAr?$AA?3?$AA?5?$AAU?$AAn?$AAa?$AAb?$AAl?$AAe?$AA?5@ 00016218     hopper.obj
 0001:000052a8       ??_C@_17DJGLCLAO@?$AA?$CF?$AAs?$AA?3?$AA?$AA@ 000162a8     hopper.obj
 0001:000052b0       ??_C@_1BE@JOOADDOA@?$AA?$CF?$AAs?$AA?5?$AA?9?$AA?$DO?$AA?5?$AA?$CF?$AAs?$AA?3?$AA?$AA@ 000162b0     hopper.obj
 0001:000052c8       ??_C@_1PG@MGPMEJIP@?$AAE?$AAr?$AAr?$AAo?$AAr?$AA?3?$AA?5?$AAS?$AAo?$AAm?$AAe?$AAt?$AAh?$AAi?$AAn?$AAg?$AA?5?$AAw?$AAr?$AAo@ 000162c8     hopper.obj
 0001:000053f8       ??_C@_1FM@GMMDBHFK@?$AAp?$AAe?$AAr?$AAf?$AA?3?$AA?5?$AAO?$AAv?$AAe?$AAr?$AAh?$AAe?$AAa?$AAd?$AA?5?$AAf?$AAo?$AAr?$AA?5?$AAs@ 000163f8     hopper.obj
 0001:00005458       ??_C@_1LI@KMFGDBCB@?$AAF?$AAo?$AAr?$AAe?$AAg?$AAr?$AAo?$AAu?$AAn?$AAd?$AAW?$AAi?$AAn?$AAd?$AAo?$AAw?$AA?5?$AA?9?$AA?5?$AA?$CF@ 00016458     hopper.obj
 0001:00005510       ??_C@_1O@CFJIAAME@?$AAD?$AAi?$AAa?$AAl?$AAo?$AAg?$AA?$AA@ 00016510     hopper.obj
 0001:00005520       ??_C@_17OBMEGDCG@?$AAM?$AAN?$AAU?$AA?$AA@ 00016520     hopper.obj
 0001:00005528       ??_C@_1BA@MLNLNBGE@?$AAD?$AAL?$AAL?$AA?9?$AAO?$AAE?$AAM?$AA?$AA@ 00016528     hopper.obj
 0001:00005538       ??_C@_1DM@HFBENNBF@?$AAS?$AAo?$AAf?$AAt?$AAw?$AAa?$AAr?$AAe?$AA?2?$AAM?$AAi?$AAc?$AAr?$AAo?$AAs?$AAo?$AAf?$AAt?$AA?2?$AAD@ 00016538     hopper.obj
 0001:00005574       ??_C@_1CK@MOHFNPM@?$AAD?$AAe?$AAf?$AAa?$AAu?$AAl?$AAt?$AA?3?$AA?5?$AAR?$AAa?$AAn?$AAd?$AAo?$AAm?$AAI?$AAn?$AAp?$AAu?$AAt@ 00016574     hopper.obj
 0001:000055a0       ??_C@_1CM@JADCGGLB@?$AAD?$AAe?$AAf?$AAa?$AAu?$AAl?$AAt?$AA?3?$AA?5?$AAR?$AAa?$AAn?$AAd?$AAo?$AAm?$AAA?$AAc?$AAt?$AAi?$AAo@ 000165a0     hopper.obj
 0001:000055cc       ??_C@_1CO@OEANALFP@?$AAD?$AAe?$AAf?$AAa?$AAu?$AAl?$AAt?$AA?3?$AA?5?$AAR?$AAa?$AAn?$AAd?$AAo?$AAm?$AAS?$AAp?$AAe?$AAc?$AAi@ 000165cc     hopper.obj
 0001:00005600       ??_C@_1EG@FBKPGBID@?$AAB?$AAa?$AAd?$AA?5?$AAr?$AAe?$AAg?$AA?5?$AAk?$AAe?$AAy?$AA?5?$AAs?$AAe?$AAt?$AA?5?$AAf?$AAo?$AAr?$AA?5@ 00016600     hopper.obj
 0001:00005648       ??_C@_1DO@GHOHLHN@?$AAB?$AAa?$AAd?$AA?5?$AAr?$AAe?$AAg?$AA?5?$AAk?$AAe?$AAy?$AA?5?$AAs?$AAe?$AAt?$AA?5?$AAf?$AAo?$AAr?$AA?5@ 00016648     hopper.obj
 0001:00005688       ??_C@_1DO@DAIJPMIA@?$AAB?$AAa?$AAd?$AA?5?$AAr?$AAe?$AAg?$AA?5?$AAk?$AAe?$AAy?$AA?5?$AAs?$AAe?$AAt?$AA?5?$AAf?$AAo?$AAr?$AA?5@ 00016688     hopper.obj
 0001:000056c8       ??_C@_1EO@KPNLGKJ@?$AAF?$AAa?$AAi?$AAl?$AAe?$AAd?$AA?5?$AAt?$AAo?$AA?5?$AAs?$AAe?$AAt?$AA?5?$AAc?$AAo?$AAm?$AAm?$AAo?$AAn@ 000166c8     hopper.obj
 0001:00005718       ??_C@_1BI@IHBHOCCD@?$AAw?$AAe?$AAl?$AAc?$AAo?$AAm?$AAe?$AA?4?$AAn?$AAo?$AAt?$AA?$AA@ 00016718     hopper.obj
 0001:00005730       ??_C@_1GO@ILDOJCKF@?$AA?$FL?$AAP?$AAr?$AAe?$AAC?$AAo?$AAn?$AAd?$AAi?$AAt?$AAi?$AAo?$AAn?$AA?$FN?$AA?5?$AAU?$AAn?$AAa?$AAb?$AAl@ 00016730     hopper.obj
 0001:000057a0       ??_C@_1BG@BFLCHPNM@?$AAs?$AAh?$AAu?$AAt?$AAi?$AAl?$AA?4?$AAd?$AAl?$AAl?$AA?$AA@ 000167a0     hopper.obj
 0001:000057b8       ??_C@_1EA@MOKPMANK@?$AAB?$AAa?$AAd?$AA?5?$AAr?$AAe?$AAg?$AA?5?$AAk?$AAe?$AAy?$AA?5?$AAs?$AAe?$AAt?$AA?5?$AAf?$AAo?$AAr?$AA?5@ 000167b8     hopper.obj
 0001:000057f8       ??_C@_1DI@KDBOAMHL@?$AAB?$AAa?$AAd?$AA?5?$AAr?$AAe?$AAg?$AA?5?$AAk?$AAe?$AAy?$AA?5?$AAs?$AAe?$AAt?$AA?5?$AAf?$AAo?$AAr?$AA?5@ 000167f8     hopper.obj
 0001:00005830       ??_C@_1DK@HEPICMK@?$AAB?$AAa?$AAd?$AA?5?$AAr?$AAe?$AAg?$AA?5?$AAk?$AAe?$AAy?$AA?5?$AAs?$AAe?$AAt?$AA?5?$AAf?$AAo?$AAr?$AA?5@ 00016830     hopper.obj
 0001:0000586c       ??_C@_1DM@IPHHNNMG@?$AAB?$AAa?$AAd?$AA?5?$AAr?$AAe?$AAg?$AA?5?$AAk?$AAe?$AAy?$AA?5?$AAs?$AAe?$AAt?$AA?5?$AAf?$AAo?$AAr?$AA?5@ 0001686c     hopper.obj
 0001:000058a8       ??_C@_1BE@OLJKPLPN@?$AAH?$AAH?$AAT?$AAa?$AAs?$AAk?$AAB?$AAa?$AAr?$AA?$AA@ 000168a8     hopper.obj
 0001:000058bc       ??_C@_1O@ELMAJCBE@?$AAH?$AAW?$AAH?$AAE?$AAL?$AAP?$AA?$AA@ 000168bc     hopper.obj
 0001:000058cc       ??_C@_1CK@IHLKPJFC@?$AAM?$AAS?$AA_?$AAP?$AAH?$AAO?$AAN?$AAE?$AA_?$AAA?$AAC?$AAC?$AAU?$AAM?$AAU?$AAL?$AAA?$AAT?$AAO?$AAR@ 000168cc     hopper.obj
 0001:000058f8       ??_C@_1BE@EFLMHAOO@?$AAc?$AAp?$AAr?$AAo?$AAg?$AA?4?$AAe?$AAx?$AAe?$AA?$AA@ 000168f8     hopper.obj
 0001:0000590c       ??_C@_1O@IPFBFMHG@?$AAs?$AAt?$AAa?$AAt?$AAi?$AAc?$AA?$AA@ 0001690c     hopper.obj
 0001:00005920       ??_C@_1EO@PEJAPCME@?$AAS?$AAp?$AAe?$AAc?$AAi?$AAa?$AAl?$AA?5?$AAC?$AAa?$AAs?$AAe?$AAs?$AA?3?$AA?5?$AAH?$AAa?$AAn?$AAd?$AAl@ 00016920     hopper.obj
 0001:00005970       ??_C@_1BI@CMALPMKM@?$AAw?$AAe?$AAl?$AAc?$AAo?$AAm?$AAe?$AA?4?$AAe?$AAx?$AAe?$AA?$AA@ 00016970     hopper.obj
 0001:00005988       ??_C@_1GA@ENJAEAKJ@?$AAS?$AAp?$AAe?$AAc?$AAi?$AAa?$AAl?$AA?5?$AAC?$AAa?$AAs?$AAe?$AAs?$AA?3?$AA?5?$AAD?$AAi?$AAs?$AAm?$AAi@ 00016988     hopper.obj
 0001:000059e8       ??_C@_1BM@NPEIFHPI@?$AAS?$AAI?$AAM?$AAS?$AAe?$AAc?$AAu?$AAr?$AAi?$AAt?$AAy?$AAU?$AAI?$AA?$AA@ 000169e8     hopper.obj
 0001:00005a04       ??_C@_1CM@HEBLAPIC@?$AAL?$AAA?$AAP?$AAE?$AAn?$AAr?$AAo?$AAl?$AAl?$AAD?$AAi?$AAa?$AAl?$AAo?$AAg?$AAW?$AAo?$AAr?$AAk?$AAe@ 00016a04     hopper.obj
 0001:00005a30       ??_C@_1CI@OPOAIAFI@?$AAC?$AAl?$AAi?$AAc?$AAk?$AAi?$AAn?$AAg?$AA?5?$AAT?$AAa?$AAs?$AAk?$AAb?$AAa?$AAr?$AA?4?$AA?4?$AA?4?$AA?$AA@ 00016a30     hopper.obj
 0001:00005a58       ??_C@_1DG@LLOMEJAM@?$AAC?$AAl?$AAi?$AAc?$AAk?$AAi?$AAn?$AAg?$AA?5?$AAb?$AAo?$AAt?$AAt?$AAo?$AAm?$AA?5?$AAm?$AAe?$AAn?$AAu@ 00016a58     hopper.obj
 0001:00005a90       ??_C@_1EE@MBDAHPPH@?$AAC?$AAl?$AAi?$AAc?$AAk?$AAi?$AAn?$AAg?$AA?5?$AAm?$AAe?$AAn?$AAu?$AAb?$AAa?$AAr?$AA?5?$AAb?$AAe?$AAl@ 00016a90     hopper.obj
 0001:00005ad8       ??_C@_1JI@GDOEAHDE@?$AA?5?$AAP?$AAo?$AAs?$AAs?$AAi?$AAb?$AAl?$AAy?$AA?5?$AAs?$AAc?$AAr?$AAo?$AAl?$AAl?$AAb?$AAa?$AAr?$AA?0@ 00016ad8     hopper.obj
 0001:00005b70       ??_C@_1FM@FHEBFKJA@?$AAC?$AAl?$AAi?$AAc?$AAk?$AAi?$AAn?$AAg?$AA?5?$AAp?$AAo?$AAs?$AAs?$AAi?$AAb?$AAl?$AAe?$AA?5?$AAt?$AAa@ 00016b70     hopper.obj
 0001:00005bcc       ??_C@_1CA@CPDGMPMF@?$AAS?$AAy?$AAs?$AAT?$AAa?$AAb?$AAC?$AAo?$AAn?$AAt?$AAr?$AAo?$AAl?$AA3?$AA2?$AA?$AA@ 00016bcc     hopper.obj
 0001:00005bf0       ??_C@_1GA@MGCHMEIO@?$AAU?$AAn?$AAa?$AAb?$AAl?$AAe?$AA?5?$AAt?$AAo?$AA?5?$AAd?$AAe?$AAl?$AAe?$AAt?$AAe?$AA?5?$AAC?$AAL?$AAS@ 00016bf0     hopper.obj
 0001:00005c50       ??_C@_1FK@NHPKOPML@?$AAC?$AAL?$AAS?$AAI?$AAD?$AA?2?$AA?$HL?$AA8?$AA3?$AA0?$AA2?$AA7?$AA9?$AA4?$AA9?$AA?9?$AA2?$AAE?$AAE?$AAD@ 00016c50     hopper.obj
 0001:00005cb0       ??_C@_1GA@LBLJBGHO@?$AAU?$AAn?$AAa?$AAb?$AAl?$AAe?$AA?5?$AAt?$AAo?$AA?5?$AAd?$AAe?$AAl?$AAe?$AAt?$AAe?$AA?5?$AAC?$AAL?$AAS@ 00016cb0     hopper.obj
 0001:00005d10       ??_C@_1FK@GDCLJDCO@?$AAC?$AAL?$AAS?$AAI?$AAD?$AA?2?$AA?$HL?$AA3?$AA2?$AA4?$AA1?$AAB?$AA5?$AA5?$AA4?$AA?9?$AA0?$AA7?$AAB?$AA8@ 00016d10     hopper.obj
 0001:00005d70       ??_C@_1FM@FIJPIADF@?$AAU?$AAn?$AAa?$AAb?$AAl?$AAe?$AA?5?$AAt?$AAo?$AA?5?$AAd?$AAe?$AAl?$AAe?$AAt?$AAe?$AA?5?$AAC?$AAL?$AAS@ 00016d70     hopper.obj
 0001:00005dd0       ??_C@_1FK@EIHCGJBC@?$AAC?$AAL?$AAS?$AAI?$AAD?$AA?2?$AA?$HL?$AA2?$AA4?$AA6?$AA3?$AAD?$AA1?$AA9?$AA0?$AA?9?$AA8?$AA1?$AAC?$AAA@ 00016dd0     hopper.obj
 0001:00005e30       ??_C@_1FI@NAGNNKAL@?$AAU?$AAn?$AAa?$AAb?$AAl?$AAe?$AA?5?$AAt?$AAo?$AA?5?$AAd?$AAe?$AAl?$AAe?$AAt?$AAe?$AA?5?$AAC?$AAL?$AAS@ 00016e30     hopper.obj
 0001:00005e88       ??_C@_1FK@HEFDPANI@?$AAC?$AAL?$AAS?$AAI?$AAD?$AA?2?$AA?$HL?$AAC?$AAD?$AAB?$AA5?$AA9?$AA2?$AA8?$AA5?$AA?9?$AA7?$AA0?$AAF?$AA3@ 00016e88     hopper.obj
 0001:00005ee8       ??_C@_1NO@EGAAEBOA@?$AAU?$AAn?$AAa?$AAb?$AAl?$AAe?$AA?5?$AAt?$AAo?$AA?5?$AAd?$AAi?$AAs?$AAm?$AAi?$AAs?$AAs?$AA?5?$AAf?$AAo@ 00016ee8     hopper.obj
 0001:00005fc8       ??_C@_1FC@BAMIFMLH@?$AAF?$AAo?$AAr?$AAe?$AAg?$AAr?$AAo?$AAu?$AAn?$AAd?$AA?5?$AAw?$AAi?$AAn?$AAd?$AAo?$AAw?$AA?5?$AAd?$AAi@ 00016fc8     hopper.obj
 0001:0000601c       ??_C@_19EMKMMFAH@?$AAV?$AAK?$AA_?$AA7?$AA?$AA@ 0001701c     hopper.obj
 0001:00006028       ??_C@_19FOBJGKOJ@?$AAV?$AAK?$AA_?$AA4?$AA?$AA@ 00017028     hopper.obj
 0001:00006038       ??_C@_1FC@NMMCBJDD@?$AAF?$AAo?$AAr?$AAe?$AAg?$AAr?$AAo?$AAu?$AAn?$AAd?$AA?5?$AAw?$AAi?$AAn?$AAd?$AAo?$AAw?$AA?5?$AAd?$AAi@ 00017038     hopper.obj
 0001:00006090       ??_C@_1FE@PFMHONBI@?$AAF?$AAo?$AAr?$AAe?$AAg?$AAr?$AAo?$AAu?$AAn?$AAd?$AA?5?$AAw?$AAi?$AAn?$AAd?$AAo?$AAw?$AA?5?$AAd?$AAi@ 00017090     hopper.obj
 0001:000060e8       ??_C@_1FE@HDFDJPLG@?$AAF?$AAo?$AAr?$AAe?$AAg?$AAr?$AAo?$AAu?$AAn?$AAd?$AA?5?$AAw?$AAi?$AAn?$AAd?$AAo?$AAw?$AA?5?$AAd?$AAi@ 000170e8     hopper.obj
 0001:00006140       ??_C@_1HG@FBLEDNM@?$AAH?$AAi?$AAt?$AA?5?$AAm?$AAe?$AAn?$AAu?$AA?5?$AAi?$AAn?$AAd?$AAe?$AAx?$AA?5?$AA?$CF?$AAd?$AA?0?$AA?5?$AAs@ 00017140     hopper.obj
 0001:000061b8       ??_C@_1EK@FEJJHKBA@?$AAW?$AAr?$AAo?$AAn?$AAg?$AA?5?$AAi?$AAn?$AAd?$AAe?$AAx?$AA?5?$AAn?$AAu?$AAm?$AAb?$AAe?$AAr?$AA?5?$AAo@ 000171b8     hopper.obj
 0001:00006204       ??_C@_1DM@LCHFKAIC@?$AAH?$AAi?$AAt?$AA?5?$AAm?$AAe?$AAn?$AAu?$AA?5?$AAi?$AAn?$AAd?$AAe?$AAx?$AA?5?$AA?$CF?$AAd?$AA?5?$AAo?$AAu@ 00017204     hopper.obj
 0001:00006240       ??_C@_1GE@OIBKFCDG@?$AAd?$AA?3?$AA?2?$AAc?$AAb?$AAo?$AAw?$AA1?$AA?2?$AAp?$AAr?$AAi?$AAv?$AAa?$AAt?$AAe?$AA?2?$AAq?$AAa?$AAa@ 00017240     hopper.obj
 0001:000062a4       ??_C@_1CE@DJJMJBFJ@?$AAN?$AAo?$AAt?$AA?5?$AAe?$AAn?$AAo?$AAu?$AAg?$AAh?$AA?5?$AAm?$AAe?$AAm?$AAo?$AAr?$AAy?$AA?$AA@ 000172a4     hopper.obj
 0001:000062c8       ??_C@_15LFOCJALJ@?$AA?9?$AA?4?$AA?$AA@ 000172c8     hopper.obj
 0001:000062d0       ??_C@_1EK@ELPGFCLO@?$AAC?$AAO?$AAM?$AAM?$AAE?$AAN?$AAT?$AAS?$AA?3?$AA?5?$AAF?$AAa?$AAi?$AAl?$AAe?$AAd?$AA?5?$AAt?$AAo?$AA?5@ 000172d0     hopper.obj
 0001:0000631c       ??_C@_1CM@MBKIIEHC@?$AAD?$AAe?$AAs?$AAk?$AAt?$AAo?$AAp?$AAE?$AAx?$AAp?$AAl?$AAo?$AAr?$AAe?$AAr?$AAW?$AAi?$AAn?$AAd?$AAo@ 0001731c     hopper.obj
 0001:00006348       ??_C@_1DI@DFAKNOME@?$AAM?$AAS?$AA_?$AAV?$AAI?$AAR?$AAT?$AAU?$AAA?$AAL?$AA_?$AAL?$AAI?$AAS?$AAT?$AA_?$AAV?$AAI?$AAE?$AAW@ 00017348     hopper.obj
 0001:00006380       ??_C@_1BA@INBHAAJB@?$AAM?$AAS?$AAC?$AAd?$AAi?$AAa?$AAl?$AA?$AA@ 00017380     hopper.obj
 0001:00006390       ??_C@_1BA@GFKLHIHF@?$AAM?$AAS?$AAS?$AAt?$AAa?$AAr?$AAt?$AA?$AA@ 00017390     hopper.obj
 0001:00006480       ??_7CHopper@@6B@           00017480     hopper.obj
 0001:000064e8       ??_C@_1IM@GHAONJKK@?$AA?5?$AAC?$AAO?$AAM?$AAM?$AAE?$AAN?$AAT?$AAS?$AA?3?$AA?5?$AAF?$AAo?$AAu?$AAn?$AAd?$AA?5?$AAu?$AAn?$AAw@ 000174e8     hopper.obj
 0001:00006574       ??_C@_1M@ENKMPMBE@?$AAP?$AAh?$AAo?$AAn?$AAe?$AA?$AA@ 00017574     hopper.obj
 0001:00006580       ??_C@_1BC@MFCCBOIL@?$AAg?$AAw?$AAe?$AAs?$AA?4?$AAe?$AAx?$AAe?$AA?$AA@ 00017580     hopper.obj
 0001:00006594       ??_C@_1O@FEIHLHPF@?$AAr?$AAs?$AA?4?$AAe?$AAx?$AAe?$AA?$AA@ 00017594     hopper.obj
 0001:000065a8       ??_C@_1LG@LICAGFIC@?$AAX?$AAM?$AAL?$AA?5?$AAA?$AAc?$AAt?$AAi?$AAo?$AAn?$AA?5?$AAE?$AAr?$AAr?$AAo?$AAr?$AA?3?$AA?5?$AAF?$AAa@ 000175a8     hopper.obj
 0001:000066e4       ??_7CPocketPC@@6B@         000176e4     hopper.obj
 0001:00006708       ??_C@_1FA@NCCONCEL@?$AAU?$AAs?$AAi?$AAn?$AAg?$AA?5?$AAa?$AAp?$AAp?$AA?5?$AA?$CC?$AA?$CF?$AAs?$AA?$CC?$AA?5?$AAw?$AAi?$AAt?$AAh?$AA?5@ 00017708     hopper.obj
 0001:00006758       ??_C@_1FI@OHKGMJBE@?$AAW?$AAr?$AAo?$AAn?$AAg?$AA?5?$AAi?$AAn?$AAd?$AAe?$AAx?$AA?5?$AA?$CF?$AAd?$AA?5?$AAf?$AAo?$AAr?$AA?5?$AAi@ 00017758     hopper.obj
 0001:000067b0       ??_C@_1GC@NFMKDFJH@?$AAC?$AAo?$AAu?$AAl?$AAd?$AAn?$AA?8?$AAt?$AA?5?$AAf?$AAi?$AAn?$AAd?$AA?5?$AAi?$AAn?$AAd?$AAe?$AAx?$AA?5@ 000177b0     hopper.obj
 0001:000068c0       ??_C@_1FE@KLDEHFHI@?$AAC?$AAo?$AAu?$AAl?$AAd?$AAn?$AA?8?$AAt?$AA?5?$AAf?$AAi?$AAn?$AAd?$AA?5?$AAa?$AAn?$AA?5?$AAi?$AAt?$AAe@ 000178c0     hopper.obj
 0001:00006918       ??_C@_1FM@BENACICD@?$AAC?$AAo?$AAu?$AAl?$AAd?$AAn?$AA?8?$AAt?$AA?5?$AAf?$AAi?$AAn?$AAd?$AA?5?$AAi?$AAt?$AAe?$AAm?$AA?5?$AA?$CF@ 00017918     hopper.obj
 0001:00006974       ??_C@_1BA@DCBNEOND@?$AAE?$AAx?$AAp?$AAl?$AAo?$AAr?$AAe?$AA?$AA@ 00017974     hopper.obj
 0001:000069d4       ??_7CSmartPhone@@6B@       000179d4     hopper.obj
 0001:000069f8       ??_C@_1IE@OGFANDMO@?$AAS?$AAp?$AAe?$AAc?$AAi?$AAa?$AAl?$AA?5?$AAS?$AAt?$AAa?$AAt?$AAe?$AA?3?$AA?5?$AAN?$AAo?$AA?5?$AAf?$AAu@ 000179f8     hopper.obj
 0001:00006a80       ??_C@_1FK@LGLBCPA@?$AAS?$AAp?$AAe?$AAc?$AAi?$AAa?$AAl?$AA?5?$AAS?$AAt?$AAa?$AAt?$AAe?$AA?3?$AA?5?$AAE?$AAx?$AAe?$AAc?$AAu@ 00017a80     hopper.obj
 0001:00006ae0       ??_C@_1IO@FNKJFLIO@?$AAX?$AAM?$AAL?$AA?5?$AAA?$AAc?$AAt?$AAi?$AAo?$AAn?$AAs?$AA?3?$AA?5?$AAF?$AAa?$AAi?$AAl?$AAe?$AAd?$AA?5@ 00017ae0     hopper.obj
 0001:00006b70       ??_C@_1BA@GHOECOCL@?$AAD?$AAe?$AAf?$AAa?$AAu?$AAl?$AAt?$AA?$AA@ 00017b70     hopper.obj
 0001:00006b80       ??_C@_1FM@JFKENLGG@?$AAp?$AAe?$AAr?$AAf?$AA?3?$AA?5?$AAO?$AAv?$AAe?$AAr?$AAh?$AAe?$AAa?$AAd?$AA?5?$AAf?$AAo?$AAr?$AA?5?$AAs@ 00017b80     hopper.obj
 0001:00006be0       ??_C@_1MC@GKEACMPP@?$AAN?$AAe?$AAw?$AA?3?$AA?5?$AAF?$AAo?$AAr?$AAe?$AAg?$AAr?$AAo?$AAu?$AAn?$AAd?$AAW?$AAi?$AAn?$AAd?$AAo@ 00017be0     hopper.obj
 0001:00006ca8       ??_C@_1EI@CDDJAACI@?$AAU?$AAn?$AAa?$AAb?$AAl?$AAe?$AA?5?$AAt?$AAo?$AA?5?$AAd?$AAi?$AAs?$AAm?$AAi?$AAs?$AAs?$AA?5?$AAf?$AAo@ 00017ca8     hopper.obj
 0001:00006cf0       ??_C@_1M@CKHOENKH@?$AAV?$AAK?$AA_?$AAU?$AAP?$AA?$AA@ 00017cf0     hopper.obj
 0001:00006cfc       ??_C@_1BE@FJMPMMHG@?$AAV?$AAK?$AA_?$AAR?$AAE?$AAT?$AAU?$AAR?$AAN?$AA?$AA@ 00017cfc     hopper.obj
 0001:00006d10       ??_C@_1IK@JDDCAMGA@?$AAF?$AAo?$AAr?$AAe?$AAg?$AAr?$AAo?$AAu?$AAn?$AAd?$AA?5?$AAw?$AAi?$AAn?$AAd?$AAo?$AAw?$AA?5?$AAc?$AAh@ 00017d10     hopper.obj
 0001:00006da0       ??_C@_1LG@EIELGJFG@?$AAF?$AAo?$AAr?$AAe?$AAg?$AAr?$AAo?$AAu?$AAn?$AAd?$AA?5?$AAw?$AAi?$AAn?$AAd?$AAo?$AAw?$AA?5?$AAc?$AAh@ 00017da0     hopper.obj
 0001:00006e58       ??_C@_1KE@NHCBHLAD@?$AAs?$AAo?$AAm?$AAe?$AAt?$AAh?$AAi?$AAn?$AAg?$AA?5?$AAw?$AAr?$AAo?$AAn?$AAg?$AA?0?$AA?5?$AAw?$AAe?$AA?5@ 00017e58     hopper.obj
 0001:00006f00       ??_C@_1IK@HOANGAHD@?$AAO?$AAO?$AAP?$AAS?$AA?0?$AA?5?$AAw?$AAe?$AA?5?$AAa?$AAr?$AAe?$AA?5?$AAs?$AAt?$AAu?$AAc?$AAk?$AA?5?$AAi@ 00017f00     hopper.obj
 0001:00006f90       ??_C@_1FM@LNCMFELL@?$AAF?$AAo?$AAr?$AAe?$AAg?$AAr?$AAo?$AAu?$AAn?$AAd?$AA?5?$AAw?$AAi?$AAn?$AAd?$AAo?$AAw?$AA?5?$AAc?$AAh@ 00017f90     hopper.obj
 0001:00006ff0       ??_C@_1FC@NNJNHBNK@?$AAT?$AAr?$AAy?$AAi?$AAn?$AAg?$AA?5?$AAt?$AAo?$AA?5?$AAc?$AAl?$AAi?$AAc?$AAk?$AA?5?$AAo?$AAn?$AA?5?$AAa@ 00017ff0     hopper.obj
 0001:00007044       ??_C@_1BG@FCOFENCO@?$AAA?$AAT?$AAL?$AA?3?$AAB?$AAU?$AAT?$AAT?$AAO?$AAN?$AA?$AA@ 00018044     hopper.obj
 0001:0000705c       ??_C@_1O@MHJJMELH@?$AAB?$AAu?$AAt?$AAt?$AAo?$AAn?$AA?$AA@ 0001805c     hopper.obj
 0001:00007070       ??_C@_1FG@BHNHIJPI@?$AAF?$AAo?$AAr?$AAe?$AAg?$AAr?$AAo?$AAu?$AAn?$AAd?$AA?5?$AAw?$AAi?$AAn?$AAd?$AAo?$AAw?$AA?5?$AAc?$AAh@ 00018070     hopper.obj
 0001:000070c8       ??_C@_1FE@MBJIDBOL@?$AAF?$AAo?$AAr?$AAe?$AAg?$AAr?$AAo?$AAu?$AAn?$AAd?$AA?5?$AAw?$AAi?$AAn?$AAd?$AAo?$AAw?$AA?5?$AAc?$AAh@ 000180c8     hopper.obj
 0001:00007120       ??_C@_1KG@LLPCADCN@?$AAF?$AAo?$AAr?$AAe?$AAg?$AAr?$AAo?$AAu?$AAn?$AAd?$AA?5?$AAw?$AAi?$AAn?$AAd?$AAo?$AAw?$AA?5?$AAc?$AAh@ 00018120     hopper.obj
 0001:000071c8       ??_C@_1EK@MDAFPLDH@?$AAR?$AAe?$AAm?$AAi?$AAn?$AAd?$AAe?$AAr?$AA?5?$AAw?$AAi?$AAn?$AAd?$AAo?$AAw?$AA?5?$AAs?$AAh?$AAo?$AAu@ 000181c8     hopper.obj
 0001:00007218       ??_C@_1EK@JKDBANCI@?$AAC?$AAh?$AAe?$AAc?$AAk?$AAi?$AAn?$AAg?$AA?5?$AAR?$AAe?$AAm?$AAi?$AAn?$AAd?$AAe?$AAr?$AA?5?$AAw?$AAi@ 00018218     hopper.obj
 0001:00007268       ??_C@_1EO@EIKPMBMP@?$AAA?$AAl?$AAl?$AA?5?$AAw?$AAe?$AAl?$AAc?$AAo?$AAm?$AAe?$AA?4?$AAe?$AAx?$AAe?$AA?5?$AAd?$AAi?$AAa?$AAl@ 00018268     hopper.obj
 0001:000072b8       ??_C@_1EA@GLKGNAKD@?$AAD?$AAi?$AAs?$AAm?$AAi?$AAs?$AAs?$AAi?$AAn?$AAg?$AA?5?$AAa?$AA?5?$AAw?$AAe?$AAl?$AAc?$AAo?$AAm?$AAe@ 000182b8     hopper.obj
 0001:000072f8       ??_C@_1II@JKCDMPEB@?$AAT?$AAo?$AAp?$AAm?$AAo?$AAs?$AAt?$AA?5?$AAi?$AAs?$AA?5?$AAW?$AAe?$AAl?$AAc?$AAo?$AAm?$AAe?$AA?4?$AAe@ 000182f8     hopper.obj
 0001:00007380       ??_C@_1LA@IMHBOOCJ@?$AAF?$AAo?$AAr?$AAe?$AAg?$AAr?$AAo?$AAu?$AAn?$AAd?$AA?5?$AAw?$AAi?$AAn?$AAd?$AAo?$AAw?$AA?5?$AAc?$AAh@ 00018380     hopper.obj
 0001:00007430       ??_C@_1MG@BNMGBKEA@?$AAX?$AAM?$AAL?$AA?5?$AAE?$AAr?$AAr?$AAo?$AAr?$AA?3?$AA?5?$AAF?$AAa?$AAi?$AAl?$AAe?$AAd?$AA?5?$AAt?$AAo@ 00018430     hopper.obj
 0001:000074f8       ??_C@_1JO@LHCJDPNC@?$AAX?$AAM?$AAL?$AA?5?$AAE?$AAr?$AAr?$AAo?$AAr?$AA?3?$AA?5?$AAF?$AAa?$AAi?$AAl?$AAe?$AAd?$AA?5?$AAt?$AAo@ 000184f8     hopper.obj
 0001:00007598       ??_C@_1NA@OPHKGGPE@?$AAD?$AAi?$AAs?$AAm?$AAi?$AAs?$AAs?$AAi?$AAn?$AAg?$AA?3?$AA?5?$AAF?$AAo?$AAr?$AAe?$AAg?$AAr?$AAo?$AAu@ 00018598     hopper.obj
 0001:00007668       ??_C@_1EI@FFJMOCLD@?$AAI?$AAn?$AAi?$AAt?$AA?3?$AA?5?$AAP?$AAr?$AAo?$AAc?$AAe?$AAs?$AAs?$AA?5?$AAi?$AAn?$AAi?$AAt?$AA?5?$AAa@ 00018668     hopper.obj
 0001:000076b0       ??_C@_1DK@KCHFFGPO@?$AAI?$AAn?$AAi?$AAt?$AA?3?$AA?5?$AAP?$AAa?$AAr?$AAs?$AAi?$AAn?$AAg?$AA?5?$AAx?$AAm?$AAl?$AA?5?$AAf?$AAi@ 000186b0     hopper.obj
 0001:000076f0       ??_C@_1HE@LGFOIGPK@?$AAE?$AAR?$AAR?$AAO?$AAR?$AA?3?$AA?5?$AAU?$AAn?$AAa?$AAb?$AAl?$AAe?$AA?5?$AAt?$AAo?$AA?5?$AAf?$AAi?$AAn@ 000186f0     hopper.obj
 0001:00007764       ??_C@_1BK@FEBEOEPN@?$AAV?$AAK?$AA_?$AAO?$AAE?$AAM?$AA_?$AAC?$AAL?$AAE?$AAA?$AAR?$AA?$AA@ 00018764     actions.obj
 0001:00007780       ??_C@_1O@CBNGHNOD@?$AAV?$AAK?$AA_?$AAP?$AAA?$AA1?$AA?$AA@ 00018780     actions.obj
 0001:00007790       ??_C@_1BE@BCEDJAOJ@?$AAV?$AAK?$AA_?$AAN?$AAO?$AAN?$AAA?$AAM?$AAE?$AA?$AA@ 00018790     actions.obj
 0001:000077a4       ??_C@_1BA@BBJOCNC@?$AAV?$AAK?$AA_?$AAZ?$AAO?$AAO?$AAM?$AA?$AA@ 000187a4     actions.obj
 0001:000077b4       ??_C@_1BA@HNMFNEEA@?$AAV?$AAK?$AA_?$AAP?$AAL?$AAA?$AAY?$AA?$AA@ 000187b4     actions.obj
 0001:000077c4       ??_C@_1BC@DDKBOHCH@?$AAV?$AAK?$AA_?$AAE?$AAR?$AAE?$AAO?$AAF?$AA?$AA@ 000187c4     actions.obj
 0001:000077d8       ??_C@_1BC@FAHBIMEA@?$AAV?$AAK?$AA_?$AAE?$AAX?$AAS?$AAE?$AAL?$AA?$AA@ 000187d8     actions.obj
 0001:000077ec       ??_C@_1BC@KIGOLJGJ@?$AAV?$AAK?$AA_?$AAC?$AAR?$AAS?$AAE?$AAL?$AA?$AA@ 000187ec     actions.obj
 0001:00007800       ??_C@_1BA@IECCOIAG@?$AAV?$AAK?$AA_?$AAA?$AAT?$AAT?$AAN?$AA?$AA@ 00018800     actions.obj
 0001:00007810       ??_C@_1BM@KDKDJCLA@?$AAV?$AAK?$AA_?$AAP?$AAR?$AAO?$AAC?$AAE?$AAS?$AAS?$AAK?$AAE?$AAY?$AA?$AA@ 00018810     actions.obj
 0001:0000782c       ??_C@_1BG@LHCHMJIE@?$AAV?$AAK?$AA_?$AAO?$AAE?$AAM?$AA_?$AA1?$AA0?$AA2?$AA?$AA@ 0001882c     actions.obj
 0001:00007844       ??_C@_1O@GPKAPGPJ@?$AAV?$AAK?$AA_?$AAO?$AAF?$AAF?$AA?$AA@ 00018844     actions.obj
 0001:00007854       ??_C@_1BM@OLJPNCLE@?$AAV?$AAK?$AA_?$AAA?$AAP?$AAO?$AAS?$AAT?$AAR?$AAO?$AAP?$AAH?$AAE?$AA?$AA@ 00018854     actions.obj
 0001:00007870       ??_C@_1BI@BJGHDAGN@?$AAV?$AAK?$AA_?$AAR?$AAB?$AAR?$AAA?$AAC?$AAK?$AAE?$AAT?$AA?$AA@ 00018870     actions.obj
 0001:00007888       ??_C@_1BK@EPJJIHOH@?$AAV?$AAK?$AA_?$AAB?$AAA?$AAC?$AAK?$AAS?$AAL?$AAA?$AAS?$AAH?$AA?$AA@ 00018888     actions.obj
 0001:000078a4       ??_C@_1BI@COOJHOPM@?$AAV?$AAK?$AA_?$AAL?$AAB?$AAR?$AAA?$AAC?$AAK?$AAE?$AAT?$AA?$AA@ 000188a4     actions.obj
 0001:000078bc       ??_C@_1BA@DFHCCMJJ@?$AAV?$AAK?$AA_?$AAA?$AAP?$AAP?$AA6?$AA?$AA@ 000188bc     actions.obj
 0001:000078cc       ??_C@_1BA@CHMHIDHH@?$AAV?$AAK?$AA_?$AAA?$AAP?$AAP?$AA5?$AA?$AA@ 000188cc     actions.obj
 0001:000078dc       ??_C@_1BA@JPHLOEBC@?$AAV?$AAK?$AA_?$AAA?$AAP?$AAP?$AA4?$AA?$AA@ 000188dc     actions.obj
 0001:000078ec       ??_C@_1BA@CKMNMKL@?$AAV?$AAK?$AA_?$AAA?$AAP?$AAP?$AA3?$AA?$AA@ 000188ec     actions.obj
 0001:000078fc       ??_C@_1BA@LKBALLMO@?$AAV?$AAK?$AA_?$AAA?$AAP?$AAP?$AA2?$AA?$AA@ 000188fc     actions.obj
 0001:0000790c       ??_C@_1BA@KIKFBECA@?$AAV?$AAK?$AA_?$AAA?$AAP?$AAP?$AA1?$AA?$AA@ 0001890c     actions.obj
 0001:0000791c       ??_C@_1BK@ICPMEJAN@?$AAV?$AAK?$AA_?$AAB?$AAA?$AAC?$AAK?$AAQ?$AAU?$AAO?$AAT?$AAE?$AA?$AA@ 0001891c     actions.obj
 0001:00007938       ??_C@_1BC@PJGCKFEJ@?$AAV?$AAK?$AA_?$AAS?$AAL?$AAA?$AAS?$AAH?$AA?$AA@ 00018938     actions.obj
 0001:0000794c       ??_C@_1BE@EOFOKNNJ@?$AAV?$AAK?$AA_?$AAP?$AAE?$AAR?$AAI?$AAO?$AAD?$AA?$AA@ 0001894c     actions.obj
 0001:00007960       ??_C@_1BE@BENODMFP@?$AAV?$AAK?$AA_?$AAH?$AAY?$AAP?$AAH?$AAE?$AAN?$AA?$AA@ 00018960     actions.obj
 0001:00007974       ??_C@_1BC@NDGMKJI@?$AAV?$AAK?$AA_?$AAC?$AAO?$AAM?$AAM?$AAA?$AA?$AA@ 00018974     actions.obj
 0001:00007988       ??_C@_1BC@PBJKOMBL@?$AAV?$AAK?$AA_?$AAE?$AAQ?$AAU?$AAA?$AAL?$AA?$AA@ 00018988     actions.obj
 0001:0000799c       ??_C@_1BK@CNCJCMJG@?$AAV?$AAK?$AA_?$AAS?$AAE?$AAM?$AAI?$AAC?$AAO?$AAL?$AAO?$AAN?$AA?$AA@ 0001899c     actions.obj
 0001:000079b8       ??_C@_1BO@MLBGOMNO@?$AAV?$AAK?$AA_?$AAL?$AAA?$AAU?$AAN?$AAC?$AAH?$AA_?$AAA?$AAP?$AAP?$AA2?$AA?$AA@ 000189b8     actions.obj
 0001:000079d8       ??_C@_1BO@NJKDEDDA@?$AAV?$AAK?$AA_?$AAL?$AAA?$AAU?$AAN?$AAC?$AAH?$AA_?$AAA?$AAP?$AAP?$AA1?$AA?$AA@ 000189d8     actions.obj
 0001:000079f8       ??_C@_1CO@LBLJBJIN@?$AAV?$AAK?$AA_?$AAL?$AAA?$AAU?$AAN?$AAC?$AAH?$AA_?$AAM?$AAE?$AAD?$AAI?$AAA?$AA_?$AAS?$AAE?$AAL?$AAE@ 000189f8     actions.obj
 0001:00007a28       ??_C@_1BO@MOACLJBJ@?$AAV?$AAK?$AA_?$AAL?$AAA?$AAU?$AAN?$AAC?$AAH?$AA_?$AAM?$AAA?$AAI?$AAL?$AA?$AA@ 00018a28     actions.obj
 0001:00007a48       ??_C@_1CI@JENDEGGG@?$AAV?$AAK?$AA_?$AAM?$AAE?$AAD?$AAI?$AAA?$AA_?$AAP?$AAL?$AAA?$AAY?$AA_?$AAP?$AAA?$AAU?$AAS?$AAE?$AA?$AA@ 00018a48     actions.obj
 0001:00007a70       ??_C@_1BM@JFNGEADE@?$AAV?$AAK?$AA_?$AAM?$AAE?$AAD?$AAI?$AAA?$AA_?$AAS?$AAT?$AAO?$AAP?$AA?$AA@ 00018a70     actions.obj
 0001:00007a8c       ??_C@_1CI@DMMIFNPF@?$AAV?$AAK?$AA_?$AAM?$AAE?$AAD?$AAI?$AAA?$AA_?$AAP?$AAR?$AAE?$AAV?$AA_?$AAT?$AAR?$AAA?$AAC?$AAK?$AA?$AA@ 00018a8c     actions.obj
 0001:00007ab4       ??_C@_1CI@FKHNABC@?$AAV?$AAK?$AA_?$AAM?$AAE?$AAD?$AAI?$AAA?$AA_?$AAN?$AAE?$AAX?$AAT?$AA_?$AAT?$AAR?$AAA?$AAC?$AAK?$AA?$AA@ 00018ab4     actions.obj
 0001:00007adc       ??_C@_1BK@OIKFHBJI@?$AAV?$AAK?$AA_?$AAV?$AAO?$AAL?$AAU?$AAM?$AAE?$AA_?$AAU?$AAP?$AA?$AA@ 00018adc     actions.obj
 0001:00007af8       ??_C@_1BO@FHNBDHNK@?$AAV?$AAK?$AA_?$AAV?$AAO?$AAL?$AAU?$AAM?$AAE?$AA_?$AAD?$AAO?$AAW?$AAN?$AA?$AA@ 00018af8     actions.obj
 0001:00007b18       ??_C@_1BO@BHCKMEFM@?$AAV?$AAK?$AA_?$AAV?$AAO?$AAL?$AAU?$AAM?$AAE?$AA_?$AAM?$AAU?$AAT?$AAE?$AA?$AA@ 00018b18     actions.obj
 0001:00007b38       ??_C@_1CA@GPHNONKE@?$AAV?$AAK?$AA_?$AAB?$AAR?$AAO?$AAW?$AAS?$AAE?$AAR?$AA_?$AAH?$AAO?$AAM?$AAE?$AA?$AA@ 00018b38     actions.obj
 0001:00007b58       ??_C@_1CK@KKNBMMFK@?$AAV?$AAK?$AA_?$AAB?$AAR?$AAO?$AAW?$AAS?$AAE?$AAR?$AA_?$AAF?$AAA?$AAV?$AAO?$AAR?$AAI?$AAT?$AAE?$AAS@ 00018b58     actions.obj
 0001:00007b84       ??_C@_1CE@FMDMIJJP@?$AAV?$AAK?$AA_?$AAB?$AAR?$AAO?$AAW?$AAS?$AAE?$AAR?$AA_?$AAS?$AAE?$AAA?$AAR?$AAC?$AAH?$AA?$AA@ 00018b84     actions.obj
 0001:00007ba8       ??_C@_1CA@LLONLMGA@?$AAV?$AAK?$AA_?$AAB?$AAR?$AAO?$AAW?$AAS?$AAE?$AAR?$AA_?$AAS?$AAT?$AAO?$AAP?$AA?$AA@ 00018ba8     actions.obj
 0001:00007bc8       ??_C@_1CG@EJJDACHO@?$AAV?$AAK?$AA_?$AAB?$AAR?$AAO?$AAW?$AAS?$AAE?$AAR?$AA_?$AAR?$AAE?$AAF?$AAR?$AAE?$AAS?$AAH?$AA?$AA@ 00018bc8     actions.obj
 0001:00007bf0       ??_C@_1CG@EFEFNFNM@?$AAV?$AAK?$AA_?$AAB?$AAR?$AAO?$AAW?$AAS?$AAE?$AAR?$AA_?$AAF?$AAO?$AAR?$AAW?$AAA?$AAR?$AAD?$AA?$AA@ 00018bf0     actions.obj
 0001:00007c18       ??_C@_1CA@LHAAHJBM@?$AAV?$AAK?$AA_?$AAB?$AAR?$AAO?$AAW?$AAS?$AAE?$AAR?$AA_?$AAB?$AAA?$AAC?$AAK?$AA?$AA@ 00018c18     actions.obj
 0001:00007c38       ??_C@_1BC@BEHEBCOF@?$AAV?$AAK?$AA_?$AAR?$AAM?$AAE?$AAN?$AAU?$AA?$AA@ 00018c38     actions.obj
 0001:00007c4c       ??_C@_1BC@PBFNCMAH@?$AAV?$AAK?$AA_?$AAL?$AAM?$AAE?$AAN?$AAU?$AA?$AA@ 00018c4c     actions.obj
 0001:00007c60       ??_C@_1BI@IGGDJODN@?$AAV?$AAK?$AA_?$AAR?$AAC?$AAO?$AAN?$AAT?$AAR?$AAO?$AAL?$AA?$AA@ 00018c60     actions.obj
 0001:00007c78       ??_C@_1BI@LBONNAKM@?$AAV?$AAK?$AA_?$AAL?$AAC?$AAO?$AAN?$AAT?$AAR?$AAO?$AAL?$AA?$AA@ 00018c78     actions.obj
 0001:00007c90       ??_C@_1BE@LIPDGBO@?$AAV?$AAK?$AA_?$AAR?$AAS?$AAH?$AAI?$AAF?$AAT?$AA?$AA@ 00018c90     actions.obj
 0001:00007ca4       ??_C@_1BE@KGKGFPPC@?$AAV?$AAK?$AA_?$AAL?$AAS?$AAH?$AAI?$AAF?$AAT?$AA?$AA@ 00018ca4     actions.obj
 0001:00007cb8       ??_C@_1BE@FIENHOCE@?$AAV?$AAK?$AA_?$AAS?$AAC?$AAR?$AAO?$AAL?$AAL?$AA?$AA@ 00018cb8     actions.obj
 0001:00007ccc       ??_C@_1BI@NMDJHIFN@?$AAV?$AAK?$AA_?$AAN?$AAU?$AAM?$AAB?$AAL?$AAO?$AAC?$AAK?$AA?$AA@ 00018ccc     actions.obj
 0001:00007ce4       ??_C@_1O@CBGKMKBC@?$AAV?$AAK?$AA_?$AAF?$AA2?$AA4?$AA?$AA@ 00018ce4     actions.obj
 0001:00007cf4       ??_C@_1O@LMLNPCKL@?$AAV?$AAK?$AA_?$AAF?$AA2?$AA3?$AA?$AA@ 00018cf4     actions.obj
 0001:00007d04       ??_C@_1O@EABJFMO@?$AAV?$AAK?$AA_?$AAF?$AA2?$AA2?$AA?$AA@ 00018d04     actions.obj
 0001:00007d14       ??_C@_1O@BGLEDKCA@?$AAV?$AAK?$AA_?$AAF?$AA2?$AA1?$AA?$AA@ 00018d14     actions.obj
 0001:00007d24       ??_C@_1O@KOAIFNEF@?$AAV?$AAK?$AA_?$AAF?$AA2?$AA0?$AA?$AA@ 00018d24     actions.obj
 0001:00007d34       ??_C@_1O@FFJEGAGB@?$AAV?$AAK?$AA_?$AAF?$AA1?$AA9?$AA?$AA@ 00018d34     actions.obj
 0001:00007d44       ??_C@_1O@ONCIAHAE@?$AAV?$AAK?$AA_?$AAF?$AA1?$AA8?$AA?$AA@ 00018d44     actions.obj
 0001:00007d54       ??_C@_1O@LFELBHFC@?$AAV?$AAK?$AA_?$AAF?$AA1?$AA7?$AA?$AA@ 00018d54     actions.obj
 0001:00007d64       ??_C@_1O@NPHHADH@?$AAV?$AAK?$AA_?$AAF?$AA1?$AA6?$AA?$AA@ 00018d64     actions.obj
 0001:00007d74       ??_C@_1O@BPECNPNJ@?$AAV?$AAK?$AA_?$AAF?$AA1?$AA5?$AA?$AA@ 00018d74     actions.obj
 0001:00007d84       ??_C@_1O@KHPOLILM@?$AAV?$AAK?$AA_?$AAF?$AA1?$AA4?$AA?$AA@ 00018d84     actions.obj
 0001:00007d94       ??_C@_1O@DKCJIAAF@?$AAV?$AAK?$AA_?$AAF?$AA1?$AA3?$AA?$AA@ 00018d94     actions.obj
 0001:00007da4       ??_C@_1O@ICJFOHGA@?$AAV?$AAK?$AA_?$AAF?$AA1?$AA2?$AA?$AA@ 00018da4     actions.obj
 0001:00007db4       ??_C@_1O@JACAEIIO@?$AAV?$AAK?$AA_?$AAF?$AA1?$AA1?$AA?$AA@ 00018db4     actions.obj
 0001:00007dc4       ??_C@_1O@CIJMCPOL@?$AAV?$AAK?$AA_?$AAF?$AA1?$AA0?$AA?$AA@ 00018dc4     actions.obj
 0001:00007dd4       ??_C@_1M@OJBCIFBL@?$AAV?$AAK?$AA_?$AAF?$AA9?$AA?$AA@ 00018dd4     actions.obj
 0001:00007de0       ??_C@_1M@FBKOOCHO@?$AAV?$AAK?$AA_?$AAF?$AA8?$AA?$AA@ 00018de0     actions.obj
 0001:00007dec       ??_C@_1M@JMNPCCI@?$AAV?$AAK?$AA_?$AAF?$AA7?$AA?$AA@ 00018dec     actions.obj
 0001:00007df8       ??_C@_1M@LBHBJFEN@?$AAV?$AAK?$AA_?$AAF?$AA6?$AA?$AA@ 00018df8     actions.obj
 0001:00007e04       ??_C@_1M@KDMEDKKD@?$AAV?$AAK?$AA_?$AAF?$AA5?$AA?$AA@ 00018e04     actions.obj
 0001:00007e10       ??_C@_1M@BLHIFNMG@?$AAV?$AAK?$AA_?$AAF?$AA4?$AA?$AA@ 00018e10     actions.obj
 0001:00007e1c       ??_C@_1M@IGKPGFHP@?$AAV?$AAK?$AA_?$AAF?$AA3?$AA?$AA@ 00018e1c     actions.obj
 0001:00007e28       ??_C@_1M@DOBDACBK@?$AAV?$AAK?$AA_?$AAF?$AA2?$AA?$AA@ 00018e28     actions.obj
 0001:00007e34       ??_C@_1M@CMKGKNPE@?$AAV?$AAK?$AA_?$AAF?$AA1?$AA?$AA@ 00018e34     actions.obj
 0001:00007e40       ??_C@_1BE@OPNKGEPD@?$AAV?$AAK?$AA_?$AAD?$AAI?$AAV?$AAI?$AAD?$AAE?$AA?$AA@ 00018e40     actions.obj
 0001:00007e54       ??_C@_1BG@JOBMENJM@?$AAV?$AAK?$AA_?$AAD?$AAE?$AAC?$AAI?$AAM?$AAA?$AAL?$AA?$AA@ 00018e54     actions.obj
 0001:00007e6c       ??_C@_1BI@JABHPDOE@?$AAV?$AAK?$AA_?$AAS?$AAU?$AAB?$AAT?$AAR?$AAA?$AAC?$AAT?$AA?$AA@ 00018e6c     actions.obj
 0001:00007e84       ??_C@_1BK@MNPIBNPO@?$AAV?$AAK?$AA_?$AAS?$AAE?$AAP?$AAA?$AAR?$AAA?$AAT?$AAO?$AAR?$AA?$AA@ 00018e84     actions.obj
 0001:00007ea0       ??_C@_1O@JNOLINEL@?$AAV?$AAK?$AA_?$AAA?$AAD?$AAD?$AA?$AA@ 00018ea0     actions.obj
 0001:00007eb0       ??_C@_1BI@GBMJFH@?$AAV?$AAK?$AA_?$AAM?$AAU?$AAL?$AAT?$AAI?$AAP?$AAL?$AAY?$AA?$AA@ 00018eb0     actions.obj
 0001:00007ec8       ??_C@_1BG@GFBEGGLC@?$AAV?$AAK?$AA_?$AAN?$AAU?$AAM?$AAP?$AAA?$AAD?$AA9?$AA?$AA@ 00018ec8     actions.obj
 0001:00007ee0       ??_C@_1BG@NNKIABNH@?$AAV?$AAK?$AA_?$AAN?$AAU?$AAM?$AAP?$AAA?$AAD?$AA8?$AA?$AA@ 00018ee0     actions.obj
 0001:00007ef8       ??_C@_1BG@IFMLBBIB@?$AAV?$AAK?$AA_?$AAN?$AAU?$AAM?$AAP?$AAA?$AAD?$AA7?$AA?$AA@ 00018ef8     actions.obj
 0001:00007f10       ??_C@_1BG@DNHHHGOE@?$AAV?$AAK?$AA_?$AAN?$AAU?$AAM?$AAP?$AAA?$AAD?$AA6?$AA?$AA@ 00018f10     actions.obj
 0001:00007f28       ??_C@_1BG@CPMCNJAK@?$AAV?$AAK?$AA_?$AAN?$AAU?$AAM?$AAP?$AAA?$AAD?$AA5?$AA?$AA@ 00018f28     actions.obj
 0001:00007f40       ??_C@_1BG@JHHOLOGP@?$AAV?$AAK?$AA_?$AAN?$AAU?$AAM?$AAP?$AAA?$AAD?$AA4?$AA?$AA@ 00018f40     actions.obj
 0001:00007f58       ??_C@_1BG@KKJIGNG@?$AAV?$AAK?$AA_?$AAN?$AAU?$AAM?$AAP?$AAA?$AAD?$AA3?$AA?$AA@ 00018f58     actions.obj
 0001:00007f70       ??_C@_1BG@LCBFOBLD@?$AAV?$AAK?$AA_?$AAN?$AAU?$AAM?$AAP?$AAA?$AAD?$AA2?$AA?$AA@ 00018f70     actions.obj
 0001:00007f88       ??_C@_1BG@KAKAEOFN@?$AAV?$AAK?$AA_?$AAN?$AAU?$AAM?$AAP?$AAA?$AAD?$AA1?$AA?$AA@ 00018f88     actions.obj
 0001:00007fa0       ??_C@_1BG@BIBMCJDI@?$AAV?$AAK?$AA_?$AAN?$AAU?$AAM?$AAP?$AAA?$AAD?$AA0?$AA?$AA@ 00018fa0     actions.obj
 0001:00007fb8       ??_C@_1BC@DNAKDFEF@?$AAV?$AAK?$AA_?$AAS?$AAL?$AAE?$AAE?$AAP?$AA?$AA@ 00018fb8     actions.obj
 0001:00007fcc       ??_C@_1BA@DJIKCLKI@?$AAV?$AAK?$AA_?$AAA?$AAP?$AAP?$AAS?$AA?$AA@ 00018fcc     actions.obj
 0001:00007fdc       ??_C@_1BA@HJHMMEEL@?$AAV?$AAK?$AA_?$AAR?$AAW?$AAI?$AAN?$AA?$AA@ 00018fdc     actions.obj
 0001:00007fec       ??_C@_1BA@EABLHFBA@?$AAV?$AAK?$AA_?$AAL?$AAW?$AAI?$AAN?$AA?$AA@ 00018fec     actions.obj
 0001:00007ffc       ??_C@_19IFOAOKNJ@?$AAV?$AAK?$AA_?$AAZ?$AA?$AA@ 00018ffc     actions.obj
 0001:00008008       ??_C@_19JHFFEFDH@?$AAV?$AAK?$AA_?$AAY?$AA?$AA@ 00019008     actions.obj
 0001:00008014       ??_C@_19CPOJCCFC@?$AAV?$AAK?$AA_?$AAX?$AA?$AA@ 00019014     actions.obj
 0001:00008020       ??_C@_19HHIKDCAE@?$AAV?$AAK?$AA_?$AAW?$AA?$AA@ 00019020     actions.obj
 0001:0000802c       ??_C@_19MPDGFFGB@?$AAV?$AAK?$AA_?$AAV?$AA?$AA@ 0001902c     actions.obj
 0001:00008038       ??_C@_19NNIDPKIP@?$AAV?$AAK?$AA_?$AAU?$AA?$AA@ 00019038     actions.obj
 0001:00008044       ??_C@_19GFDPJNOK@?$AAV?$AAK?$AA_?$AAT?$AA?$AA@ 00019044     actions.obj
 0001:00008050       ??_C@_19PIOIKFFD@?$AAV?$AAK?$AA_?$AAS?$AA?$AA@ 00019050     actions.obj
 0001:0000805c       ??_C@_19EAFEMCDG@?$AAV?$AAK?$AA_?$AAR?$AA?$AA@ 0001905c     actions.obj
 0001:00008068       ??_C@_19FCOBGNNI@?$AAV?$AAK?$AA_?$AAQ?$AA?$AA@ 00019068     actions.obj
 0001:00008074       ??_C@_19OKFNAKLN@?$AAV?$AAK?$AA_?$AAP?$AA?$AA@ 00019074     actions.obj
 0001:00008080       ??_C@_19OCCHENHE@?$AAV?$AAK?$AA_?$AAO?$AA?$AA@ 00019080     actions.obj
 0001:0000808c       ??_C@_19FKJLCKBB@?$AAV?$AAK?$AA_?$AAN?$AA?$AA@ 0001908c     actions.obj
 0001:00008098       ??_C@_19EICOIFPP@?$AAV?$AAK?$AA_?$AAM?$AA?$AA@ 00019098     actions.obj
 0001:000080a4       ??_C@_19PAJCOCJK@?$AAV?$AAK?$AA_?$AAL?$AA?$AA@ 000190a4     actions.obj
 0001:000080b0       ??_C@_19GNEFNKCD@?$AAV?$AAK?$AA_?$AAK?$AA?$AA@ 000190b0     actions.obj
 0001:000080bc       ??_C@_19NFPJLNEG@?$AAV?$AAK?$AA_?$AAJ?$AA?$AA@ 000190bc     actions.obj
 0001:000080c8       ??_C@_19MHEMBCKI@?$AAV?$AAK?$AA_?$AAI?$AA?$AA@ 000190c8     actions.obj
 0001:000080d4       ??_C@_19HPPAHFMN@?$AAV?$AAK?$AA_?$AAH?$AA?$AA@ 000190d4     actions.obj
 0001:000080e0       ??_C@_19CHJDGFJL@?$AAV?$AAK?$AA_?$AAG?$AA?$AA@ 000190e0     actions.obj
 0001:000080ec       ??_C@_19JPCPACPO@?$AAV?$AAK?$AA_?$AAF?$AA?$AA@ 000190ec     actions.obj
 0001:000080f8       ??_C@_19INJKKNBA@?$AAV?$AAK?$AA_?$AAE?$AA?$AA@ 000190f8     actions.obj
 0001:00008104       ??_C@_19DFCGMKHF@?$AAV?$AAK?$AA_?$AAD?$AA?$AA@ 00019104     actions.obj
 0001:00008110       ??_C@_19KIPBPCMM@?$AAV?$AAK?$AA_?$AAC?$AA?$AA@ 00019110     actions.obj
 0001:0000811c       ??_C@_19BAENJFKJ@?$AAV?$AAK?$AA_?$AAB?$AA?$AA@ 0001911c     actions.obj
 0001:00008128       ??_C@_19CPIDKEH@?$AAV?$AAK?$AA_?$AAA?$AA?$AA@ 00019128     actions.obj
 0001:00008134       ??_C@_1BG@INHFDFPJ@?$AAV?$AAK?$AA_?$AAA?$AAS?$AAC?$AAI?$AAI?$AA_?$AA?$EA?$AA?$AA@ 00019134     actions.obj
 0001:0000814c       ??_C@_1BG@LOCJIFDD@?$AAV?$AAK?$AA_?$AAA?$AAS?$AAC?$AAI?$AAI?$AA_?$AA?$DP?$AA?$AA@ 0001914c     actions.obj
 0001:00008164       ??_C@_1BG@GJFOCFG@?$AAV?$AAK?$AA_?$AAA?$AAS?$AAC?$AAI?$AAI?$AA_?$AA?$DO?$AA?$AA@ 00019164     actions.obj
 0001:0000817c       ??_C@_1BG@BECAENLI@?$AAV?$AAK?$AA_?$AAA?$AAS?$AAC?$AAI?$AAI?$AA_?$AA?$DN?$AA?$AA@ 0001917c     actions.obj
 0001:00008194       ??_C@_1BG@KMJMCKNN@?$AAV?$AAK?$AA_?$AAA?$AAS?$AAC?$AAI?$AAI?$AA_?$AA?$DM?$AA?$AA@ 00019194     actions.obj
 0001:000081ac       ??_C@_1BG@DBELBCGE@?$AAV?$AAK?$AA_?$AAA?$AAS?$AAC?$AAI?$AAI?$AA_?$AA?$DL?$AA?$AA@ 000191ac     actions.obj
 0001:000081c4       ??_C@_1BG@IJPHHFAB@?$AAV?$AAK?$AA_?$AAA?$AAS?$AAC?$AAI?$AAI?$AA_?$AA?3?$AA?$AA@ 000191c4     actions.obj
 0001:000081dc       ??_C@_19KMHDLCDE@?$AAV?$AAK?$AA_?$AA9?$AA?$AA@ 000191dc     actions.obj
 0001:000081e8       ??_C@_19BEMPNFFB@?$AAV?$AAK?$AA_?$AA8?$AA?$AA@ 000191e8     actions.obj
 0001:000081f4       ??_C@_19PEBAKCGC@?$AAV?$AAK?$AA_?$AA6?$AA?$AA@ 000191f4     actions.obj
 0001:00008200       ??_C@_19OGKFANIM@?$AAV?$AAK?$AA_?$AA5?$AA?$AA@ 00019200     actions.obj
 0001:0000820c       ??_C@_19MDMOFCFA@?$AAV?$AAK?$AA_?$AA3?$AA?$AA@ 0001920c     actions.obj
 0001:00008218       ??_C@_19HLHCDFDF@?$AAV?$AAK?$AA_?$AA2?$AA?$AA@ 00019218     actions.obj
 0001:00008224       ??_C@_19GJMHJKNL@?$AAV?$AAK?$AA_?$AA1?$AA?$AA@ 00019224     actions.obj
 0001:00008230       ??_C@_19NBHLPNLO@?$AAV?$AAK?$AA_?$AA0?$AA?$AA@ 00019230     actions.obj
 0001:0000823c       ??_C@_1BA@JHGFFCCD@?$AAV?$AAK?$AA_?$AAH?$AAE?$AAL?$AAP?$AA?$AA@ 0001923c     actions.obj
 0001:0000824c       ??_C@_1BE@IOCFCPIH@?$AAV?$AAK?$AA_?$AAD?$AAE?$AAL?$AAE?$AAT?$AAE?$AA?$AA@ 0001924c     actions.obj
 0001:00008260       ??_C@_1BE@KABEPCFA@?$AAV?$AAK?$AA_?$AAI?$AAN?$AAS?$AAE?$AAR?$AAT?$AA?$AA@ 00019260     actions.obj
 0001:00008274       ??_C@_1BI@NEMDEIAN@?$AAV?$AAK?$AA_?$AAS?$AAN?$AAA?$AAP?$AAS?$AAH?$AAO?$AAT?$AA?$AA@ 00019274     actions.obj
 0001:0000828c       ??_C@_1BG@JIGOFDCP@?$AAV?$AAK?$AA_?$AAE?$AAX?$AAE?$AAC?$AAU?$AAT?$AAE?$AA?$AA@ 0001928c     actions.obj
 0001:000082a4       ??_C@_1BC@MBPJCEDF@?$AAV?$AAK?$AA_?$AAP?$AAR?$AAI?$AAN?$AAT?$AA?$AA@ 000192a4     actions.obj
 0001:000082b8       ??_C@_1BE@HLCMLLPC@?$AAV?$AAK?$AA_?$AAS?$AAE?$AAL?$AAE?$AAC?$AAT?$AA?$AA@ 000192b8     actions.obj
 0001:000082cc       ??_C@_1BA@MFEOHMJB@?$AAV?$AAK?$AA_?$AAD?$AAO?$AAW?$AAN?$AA?$AA@ 000192cc     actions.obj
 0001:000082dc       ??_C@_1BC@DBFPDBJK@?$AAV?$AAK?$AA_?$AAR?$AAI?$AAG?$AAH?$AAT?$AA?$AA@ 000192dc     actions.obj
 0001:000082f0       ??_C@_1BA@LAHHEGGI@?$AAV?$AAK?$AA_?$AAL?$AAE?$AAF?$AAT?$AA?$AA@ 000192f0     actions.obj
 0001:00008300       ??_C@_1BA@KKDODKOD@?$AAV?$AAK?$AA_?$AAH?$AAO?$AAM?$AAE?$AA?$AA@ 00019300     actions.obj
 0001:00008310       ??_C@_1O@LIDKKANH@?$AAV?$AAK?$AA_?$AAE?$AAN?$AAD?$AA?$AA@ 00019310     actions.obj
 0001:00008320       ??_C@_1BA@INFOPFLO@?$AAV?$AAK?$AA_?$AAN?$AAE?$AAX?$AAT?$AA?$AA@ 00019320     actions.obj
 0001:00008330       ??_C@_1BC@CPMOKIEM@?$AAV?$AAK?$AA_?$AAP?$AAR?$AAI?$AAO?$AAR?$AA?$AA@ 00019330     actions.obj
 0001:00008344       ??_C@_1BC@DFEMBOGJ@?$AAV?$AAK?$AA_?$AAS?$AAP?$AAA?$AAC?$AAE?$AA?$AA@ 00019344     actions.obj
 0001:00008358       ??_C@_1BK@GLMMOPNF@?$AAV?$AAK?$AA_?$AAN?$AAO?$AAC?$AAO?$AAN?$AAV?$AAE?$AAR?$AAT?$AA?$AA@ 00019358     actions.obj
 0001:00008374       ??_C@_1BG@DKNCKAAJ@?$AAV?$AAK?$AA_?$AAC?$AAO?$AAN?$AAV?$AAE?$AAR?$AAT?$AA?$AA@ 00019374     actions.obj
 0001:0000838c       ??_C@_1BE@BONPJBIM@?$AAV?$AAK?$AA_?$AAE?$AAS?$AAC?$AAA?$AAP?$AAE?$AA?$AA@ 0001938c     actions.obj
 0001:000083a0       ??_C@_1BC@EDMNJDGB@?$AAV?$AAK?$AA_?$AAK?$AAA?$AAN?$AAJ?$AAI?$AA?$AA@ 000193a0     actions.obj
 0001:000083b4       ??_C@_1BC@JDKMNCIK@?$AAV?$AAK?$AA_?$AAF?$AAI?$AAN?$AAA?$AAL?$AA?$AA@ 000193b4     actions.obj
 0001:000083c8       ??_C@_1BC@DDJJNGHD@?$AAV?$AAK?$AA_?$AAJ?$AAU?$AAN?$AAJ?$AAA?$AA?$AA@ 000193c8     actions.obj
 0001:000083dc       ??_C@_1BA@FNHFHGCL@?$AAV?$AAK?$AA_?$AAK?$AAA?$AAN?$AAA?$AA?$AA@ 000193dc     actions.obj
 0001:000083ec       ??_C@_1BG@GCDLCPPO@?$AAV?$AAK?$AA_?$AAC?$AAA?$AAP?$AAI?$AAT?$AAA?$AAL?$AA?$AA@ 000193ec     actions.obj
 0001:00008404       ??_C@_1BC@HBJJBLAF@?$AAV?$AAK?$AA_?$AAP?$AAA?$AAU?$AAS?$AAE?$AA?$AA@ 00019404     actions.obj
 0001:00008418       ??_C@_1BA@LFKMIFO@?$AAV?$AAK?$AA_?$AAM?$AAE?$AAN?$AAU?$AA?$AA@ 00019418     actions.obj
 0001:00008428       ??_C@_1BG@GCLMCGDD@?$AAV?$AAK?$AA_?$AAC?$AAO?$AAN?$AAT?$AAR?$AAO?$AAL?$AA?$AA@ 00019428     actions.obj
 0001:00008440       ??_C@_1BC@GKLIGFIJ@?$AAV?$AAK?$AA_?$AAS?$AAH?$AAI?$AAF?$AAT?$AA?$AA@ 00019440     actions.obj
 0001:00008454       ??_C@_1BC@IKFCCE@?$AAV?$AAK?$AA_?$AAC?$AAL?$AAE?$AAA?$AAR?$AA?$AA@ 00019454     actions.obj
 0001:00008468       ??_C@_1O@NMBGHMGL@?$AAV?$AAK?$AA_?$AAT?$AAA?$AAB?$AA?$AA@ 00019468     actions.obj
 0001:00008478       ??_C@_1BA@HCEDKOFL@?$AAV?$AAK?$AA_?$AAB?$AAA?$AAC?$AAK?$AA?$AA@ 00019478     actions.obj
 0001:00008488       ??_C@_1BO@MBBCNNCI@?$AAV?$AAK?$AA_?$AAN?$AAO?$AAT?$AA_?$AAD?$AAE?$AAF?$AAI?$AAN?$AAE?$AAD?$AA?$AA@ 00019488     actions.obj
 0001:000084a8       ??_C@_1BG@OECICIDN@?$AAV?$AAK?$AA_?$AAM?$AAB?$AAU?$AAT?$AAT?$AAO?$AAN?$AA?$AA@ 000194a8     actions.obj
 0001:000084c0       ??_C@_1BE@JPPGPJDG@?$AAV?$AAK?$AA_?$AAC?$AAA?$AAN?$AAC?$AAE?$AAL?$AA?$AA@ 000194c0     actions.obj
 0001:000084d4       ??_C@_1BG@IMOFHBJJ@?$AAV?$AAK?$AA_?$AAR?$AAB?$AAU?$AAT?$AAT?$AAO?$AAN?$AA?$AA@ 000194d4     actions.obj
 0001:000084ec       ??_C@_1BG@EKEALJKM@?$AAV?$AAK?$AA_?$AAL?$AAB?$AAU?$AAT?$AAT?$AAO?$AAN?$AA?$AA@ 000194ec     actions.obj
 0001:00008504       ??_C@_19CIJIHAKK@?$AAN?$AAU?$AAL?$AAL?$AA?$AA@ 00019504     actions.obj
 0001:00008510       ??_7IRefCount@@6B@         00019510     actions.obj
 0001:00008528       ??_C@_1EI@FADLJIEO@?$AAK?$AAe?$AAy?$AA?5?$AA0?$AAx?$AA?$CF?$AAx?$AA?5?$AA?$CF?$AAs?$AA?5?$AAi?$AAs?$AA?5?$AAo?$AAu?$AAt?$AA?5?$AAo@ 00019528     actions.obj
 0001:00008570       ??_C@_1EC@LDFNJAAK@?$AAM?$AAo?$AAu?$AAs?$AAe?$AAE?$AAv?$AAe?$AAn?$AAt?$AA?5?$AAs?$AAe?$AAn?$AAt?$AA?3?$AA?5?$AA?$CF?$AAs?$AA?5@ 00019570     actions.obj
 0001:000085b4       ??_C@_1BA@KDMGPDJH@?$AAu?$AAn?$AAk?$AAn?$AAo?$AAw?$AAn?$AA?$AA@ 000195b4     actions.obj
 0001:000085c4       ??_C@_19OACEEDLD@?$AAm?$AAo?$AAv?$AAe?$AA?$AA@ 000195c4     actions.obj
 0001:000085d0       ??_C@_15HOONGCLC@?$AAu?$AAp?$AA?$AA@ 000195d0     actions.obj
 0001:000085d8       ??_C@_19GMDMNN@?$AAd?$AAo?$AAw?$AAn?$AA?$AA@ 000195d8     actions.obj
 0001:000085e8       ??_C@_1IE@INBAJFCO@?$AAK?$AAe?$AAy?$AAb?$AAd?$AA_?$AAe?$AAv?$AAe?$AAn?$AAt?$AA?5?$AAs?$AAe?$AAn?$AAt?$AA?5?$AA?$CI?$AA0?$AA?5@ 000195e8     actions.obj
 0001:00008670       ??_C@_1EM@EFHDGJCA@?$AA?4?$AA?4?$AA?4?$AA?5?$AAI?$AAm?$AAm?$AAe?$AAd?$AAi?$AAa?$AAt?$AAe?$AAl?$AAy?$AA?5?$AAr?$AAe?$AAl?$AAe@ 00019670     actions.obj
 0001:000086c0       ??_C@_1GI@GFCICCAI@?$AA?4?$AA?4?$AA?4?$AA?4?$AA?5?$AA?4?$AA?4?$AA?4?$AA?5?$AA?4?$AA?4?$AA?4?$AA?5?$AAA?$AAn?$AAd?$AA?5?$AAw?$AAi?$AAt@ 000196c0     actions.obj
 0001:00008728       ??_C@_1BG@JKEOADBI@?$AAH?$AAi?$AAt?$AA?5?$AAc?$AAt?$AAr?$AAl?$AA?$CL?$AAQ?$AA?$AA@ 00019728     actions.obj
 0001:00008740       ??_C@_1GE@LPNJMBPG@?$AAR?$AAa?$AAn?$AAd?$AAo?$AAm?$AAK?$AAe?$AAy?$AAA?$AAc?$AAt?$AAi?$AAo?$AAn?$AA?3?$AA?5?$AAw?$AAi?$AAt@ 00019740     actions.obj
 0001:000087a4       ??_C@_1BO@MDDCCEOK@?$AAH?$AAo?$AAl?$AAd?$AA?5?$AAf?$AAo?$AAr?$AA?5?$AA?$CF?$AAd?$AA?5?$AAm?$AAs?$AA?$AA@ 000197a4     actions.obj
 0001:000087c4       ??_C@_1BM@PDEILAHD@?$AAD?$AAr?$AAa?$AAg?$AA?5?$AAa?$AAn?$AAd?$AA?5?$AAD?$AAr?$AAo?$AAp?$AA?$AA@ 000197c4     actions.obj
 0001:000087e0       ??_C@_1DC@LIGCJLGL@?$AAT?$AAa?$AAp?$AA?5?$AAa?$AAn?$AAd?$AA?5?$AAh?$AAo?$AAl?$AAd?$AA?5?$AAf?$AAo?$AAr?$AA?5?$AA1?$AA0?$AA0@ 000197e0     actions.obj
 0001:00008814       ??_C@_1BI@DMCAFIBG@?$AAD?$AAo?$AAu?$AAb?$AAl?$AAe?$AAC?$AAl?$AAi?$AAc?$AAk?$AA?$AA@ 00019814     actions.obj
 0001:0000882c       ??_C@_1CO@HCCFDINB@?$AAT?$AAa?$AAp?$AA?5?$AAa?$AAn?$AAd?$AA?5?$AAh?$AAo?$AAl?$AAd?$AA?5?$AAf?$AAo?$AAr?$AA?5?$AA?$CF?$AAd?$AA?5@ 0001982c     actions.obj
 0001:0000885c       ??_C@_1BK@PGGGBGEN@?$AAJ?$AAu?$AAs?$AAt?$AA?5?$AAa?$AA?5?$AAc?$AAl?$AAi?$AAc?$AAk?$AA?$AA@ 0001985c     actions.obj
 0001:00008878       ??_C@_1CC@FKGDKBF@?$AAu?$AAn?$AAs?$AAu?$AAp?$AAp?$AAo?$AAr?$AAt?$AAe?$AAd?$AA?5?$AAt?$AAy?$AAp?$AAe?$AA?$AA@ 00019878     actions.obj
 0001:0000889c       ??_C@_1DK@KAFCKHDE@?$AAL?$AAi?$AAs?$AAt?$AAV?$AAi?$AAe?$AAw?$AA_?$AAG?$AAe?$AAt?$AAI?$AAt?$AAe?$AAm?$AAR?$AAe?$AAc?$AAt@ 0001989c     actions.obj
 0001:000088d8       ??_C@_1FI@BFDPIDMJ@?$AA?8?$AA?$CF?$AAs?$AA?8?$AA?5?$AAw?$AAa?$AAs?$AA?5?$AAn?$AAo?$AAt?$AA?5?$AAf?$AAo?$AAu?$AAn?$AAd?$AA?5?$AAi@ 000198d8     actions.obj
 0001:00008930       ??_C@_1DK@LGEALLIE@?$AAL?$AAi?$AAs?$AAt?$AAV?$AAi?$AAe?$AAw?$AA_?$AAG?$AAe?$AAt?$AAI?$AAt?$AAe?$AAm?$AAT?$AAe?$AAx?$AAt@ 00019930     actions.obj
 0001:0000896c       ??_C@_1DM@PPBDMAND@?$AAL?$AAi?$AAs?$AAt?$AAV?$AAi?$AAe?$AAw?$AA_?$AAG?$AAe?$AAt?$AAI?$AAt?$AAe?$AAm?$AAC?$AAo?$AAu?$AAn@ 0001996c     actions.obj
 0001:000089a8       ??_C@_1DK@IPFJAEDP@?$AAC?$AAa?$AAn?$AA?8?$AAt?$AA?5?$AAf?$AAi?$AAn?$AAd?$AA?5?$AAl?$AAi?$AAs?$AAt?$AAv?$AAi?$AAe?$AAw?$AA?5@ 000199a8     actions.obj
 0001:000089e4       ??_C@_1BM@FEGPDFAG@?$AAS?$AAy?$AAs?$AAL?$AAi?$AAs?$AAt?$AAV?$AAi?$AAe?$AAw?$AA3?$AA2?$AA?$AA@ 000199e4     actions.obj
 0001:00008a00       ??_C@_1DE@LBPOJPDI@?$AA?4?$AA?4?$AA?4?$AAR?$AAe?$AAs?$AAe?$AAt?$AAt?$AAi?$AAn?$AAg?$AA?5?$AAk?$AAe?$AAy?$AA?5?$AA0?$AAx?$AA?$CF@ 00019a00     actions.obj
 0001:00008ad0       ??_C@_1IK@EPJMNJNC@?$AAR?$AAE?$AAC?$AAT?$AA?3?$AA?3?$AAR?$AAe?$AAg?$AAi?$AAo?$AAn?$AA?5?$AAt?$AAo?$AA?5?$AAc?$AAl?$AAi?$AAc@ 00019ad0     actions.obj
 0001:00008b60       ??_C@_1GE@NOMOCABI@?$AAR?$AAa?$AAn?$AAd?$AAo?$AAm?$AAl?$AAy?$AA?5?$AAc?$AAl?$AAi?$AAc?$AAk?$AA?5?$AAa?$AAn?$AAy?$AA?5?$AAw@ 00019b60     actions.obj
 0001:00008bc4       ??_C@_19EKNLOKON@?$AA_?$AAe?$AAn?$AAd?$AA?$AA@ 00019bc4     actions.obj
 0001:00008c18       ??_C@_1FI@MMAADHGE@?$AA?4?$AA?4?$AA?4?$AAR?$AAe?$AAs?$AAe?$AAt?$AAt?$AAi?$AAn?$AAg?$AA?5?$AAk?$AAe?$AAy?$AAs?$AA?5?$AAf?$AAo@ 00019c18     actions.obj
 0001:00008c70       ??_C@_1FO@FODAMJHA@?$AA?4?$AA?4?$AA?4?$AAS?$AAe?$AAl?$AAe?$AAc?$AAt?$AAe?$AAd?$AA?5?$AAm?$AAe?$AAn?$AAu?$AA?5?$AAi?$AAn?$AAd@ 00019c70     actions.obj
 0001:00008cd0       ??_C@_1FM@BOBHICLA@?$AAC?$AAo?$AAu?$AAl?$AAd?$AAn?$AA?8?$AAt?$AA?5?$AAg?$AAe?$AAt?$AA?5?$AAS?$AAI?$AAP?$AA?5?$AAu?$AAp?$AA?5@ 00019cd0     actions.obj
 0001:00008d30       ??_C@_1EC@HBKIBFOG@?$AAC?$AAu?$AAr?$AAr?$AAe?$AAn?$AAt?$AA?5?$AAs?$AAc?$AAr?$AAe?$AAe?$AAn?$AA?5?$AAd?$AAo?$AAe?$AAs?$AAn@ 00019d30     actions.obj
 0001:00008d78       ??_C@_1IM@MEELBDGD@?$AAA?$AAb?$AAo?$AAu?$AAt?$AA?5?$AAt?$AAo?$AA?5?$AAh?$AAi?$AAt?$AA?5?$AAI?$AAM?$AA?5?$AAs?$AAe?$AAl?$AAe@ 00019d78     actions.obj
 0001:00008e08       ??_C@_1FM@DAIFOBOG@?$AAA?$AAb?$AAo?$AAu?$AAt?$AA?5?$AAt?$AAo?$AA?5?$AAh?$AAi?$AAt?$AA?5?$AAS?$AAI?$AAP?$AA?5?$AAb?$AAu?$AAt@ 00019e08     actions.obj
 0001:00008e64       ??_C@_1BK@KCPKNCJE@?$AAM?$AAS?$AA_?$AAS?$AAI?$AAP?$AAB?$AAU?$AAT?$AAT?$AAO?$AAN?$AA?$AA@ 00019e64     actions.obj
 0001:00008e80       ??_C@_1BI@ODAGLNEH@?$AAS?$AAi?$AAp?$AAW?$AAn?$AAd?$AAC?$AAl?$AAa?$AAs?$AAs?$AA?$AA@ 00019e80     actions.obj
[...]
 0001:000a4a68       __unwind$78972             000b5a68 f   lucy_s:ua_interpret.obj
 0001:000a4aec       __unwind$79034             000b5aec f   lucy_s:ua_interpret.obj
 0001:000a4b74       __unwind$79057             000b5b74 f   lucy_s:ua_interpret.obj
 0001:000a4cbc       __unwind$83079             000b5cbc f   lucy_s:ua_interpret.obj
 0001:000a4cd8       __unwind$83080             000b5cd8 f   lucy_s:ua_interpret.obj
 0001:000a4ce8       __unwind$83081             000b5ce8 f   lucy_s:ua_interpret.obj
 0001:000a505c       __unwind$83135             000b605c f   lucy_s:ua_interpret.obj
 0001:000a5078       __unwind$83136             000b6078 f   lucy_s:ua_interpret.obj
 0001:000a5088       __unwind$83137             000b6088 f   lucy_s:ua_interpret.obj
 0001:000a54a0       __unwind$83761             000b64a0 f   lucy_s:ua_interpret.obj
 0001:000a54b8       __unwind$83762             000b64b8 f   lucy_s:ua_interpret.obj
 0001:000a54d0       __unwind$83763             000b64d0 f   lucy_s:ua_interpret.obj
 0001:000a54e8       __unwind$83764             000b64e8 f   lucy_s:ua_interpret.obj
 0001:000a5504       __unwind$83765             000b6504 f   lucy_s:ua_interpret.obj
 0001:000a551c       __unwind$83766             000b651c f   lucy_s:ua_interpret.obj
 0001:000a5534       __unwind$83767             000b6534 f   lucy_s:ua_interpret.obj
 0001:000a554c       __unwind$83768             000b654c f   lucy_s:ua_interpret.obj
 0001:000a5564       __unwind$83769             000b6564 f   lucy_s:ua_interpret.obj
 0001:000a557c       __unwind$83770             000b657c f   lucy_s:ua_interpret.obj
 0001:000a5594       __unwind$83771             000b6594 f   lucy_s:ua_interpret.obj
 0001:000a55ac       __unwind$83772             000b65ac f   lucy_s:ua_interpret.obj
 0001:000a5794       __unwind$83928             000b6794 f   lucy_s:ua_interpret.obj
 0001:000a57a4       __unwind$83929             000b67a4 f   lucy_s:ua_interpret.obj
 0001:000a57b4       __unwind$83930             000b67b4 f   lucy_s:ua_interpret.obj
 0001:000a5b88       __unwind$84167             000b6b88 f   lucy_s:ua_interpret.obj
 0001:000a5b98       __unwind$84168             000b6b98 f   lucy_s:ua_interpret.obj
 0001:000a5ba8       __unwind$84169             000b6ba8 f   lucy_s:ua_interpret.obj
 0001:000a5bc4       __unwind$84170             000b6bc4 f   lucy_s:ua_interpret.obj
 0001:000a5be0       __unwind$84171             000b6be0 f   lucy_s:ua_interpret.obj
 0001:000a5f58       __unwind$84379             000b6f58 f   lucy_s:ua_interpret.obj
 0001:000a5f68       __unwind$84380             000b6f68 f   lucy_s:ua_interpret.obj
 0001:000a5f78       __unwind$84381             000b6f78 f   lucy_s:ua_interpret.obj
 0001:000a5f94       __unwind$84382             000b6f94 f   lucy_s:ua_interpret.obj
 0001:000a5fb0       __unwind$84383             000b6fb0 f   lucy_s:ua_interpret.obj
 0001:000a62ec       __unwind$84560             000b72ec f   lucy_s:ua_interpret.obj
 0001:000a62fc       __unwind$84561             000b72fc f   lucy_s:ua_interpret.obj
 0001:000a630c       __unwind$84562             000b730c f   lucy_s:ua_interpret.obj
 0001:000a6328       __unwind$84563             000b7328 f   lucy_s:ua_interpret.obj
 0001:000a6344       __unwind$84564             000b7344 f   lucy_s:ua_interpret.obj
 0001:000a668c       __unwind$57545             000b768c f   lucy_s:MenuInfo.obj
 0001:000a669c       __unwind$57546             000b769c f   lucy_s:MenuInfo.obj
 0001:000a6a7c       __unwind$58201             000b7a7c f   lucy_s:MenuInfo.obj
 0001:000a6a98       __unwind$58202             000b7a98 f   lucy_s:MenuInfo.obj
 0001:000a6aa8       __unwind$58203             000b7aa8 f   lucy_s:MenuInfo.obj
 0001:000a6ab8       __unwind$58204             000b7ab8 f   lucy_s:MenuInfo.obj
 0001:000a6b78       __unwind$58331             000b7b78 f   lucy_s:MenuInfo.obj
 0001:000a6c5c       __unwind$61261             000b7c5c f   lucy_s:MenuInfo.obj
 0001:000a6f4c       __unwind$58143             000b7f4c f i lucy_s:Lucy_record.obj
 0001:000a6f64       __unwind$58144             000b7f64 f i lucy_s:Lucy_record.obj
 0001:000a6f7c       __unwind$58145             000b7f7c f i lucy_s:Lucy_record.obj
 0001:000a7070       __unwind$58267             000b8070 f i lucy_s:Lucy_record.obj
 0001:000a7080       __unwind$58268             000b8080 f i lucy_s:Lucy_record.obj
 0001:000a70d8       __unwind$58328             000b80d8 f i lucy_s:Lucy_record.obj
 0001:000a7270       __unwind$58836             000b8270 f   lucy_s:Lucy_record.obj
 0001:000a728c       __unwind$58837             000b828c f   lucy_s:Lucy_record.obj
 0001:000a72a8       __unwind$58838             000b82a8 f   lucy_s:Lucy_record.obj
 0001:000a72c4       __unwind$58839             000b82c4 f   lucy_s:Lucy_record.obj
 0001:000a72e0       __unwind$58840             000b82e0 f   lucy_s:Lucy_record.obj
 0001:000a73a0       __unwind$59057             000b83a0 f   lucy_s:Lucy_record.obj
 0001:000a73b0       __unwind$59058             000b83b0 f   lucy_s:Lucy_record.obj
 0001:000a744c       __unwind$59100             000b844c f   lucy_s:Lucy_record.obj
 0001:000a7650       __unwind$59141             000b8650 f   lucy_s:Lucy_record.obj
 0001:000a7660       __unwind$59142             000b8660 f   lucy_s:Lucy_record.obj
 0001:000a7774       __unwind$59277             000b8774 f   lucy_s:Lucy_record.obj
 0001:000a778c       __unwind$59278             000b878c f   lucy_s:Lucy_record.obj
 0001:000a77a4       __unwind$59279             000b87a4 f   lucy_s:Lucy_record.obj
 0001:000a78bc       __unwind$59346             000b88bc f   lucy_s:Lucy_record.obj
 0001:000a78cc       __unwind$59347             000b88cc f   lucy_s:Lucy_record.obj
 0001:000a78dc       __unwind$59348             000b88dc f   lucy_s:Lucy_record.obj
 0001:000a7c98       __unwind$59445             000b8c98 f   lucy_s:Lucy_record.obj
 0001:000a7ca8       __unwind$59446             000b8ca8 f   lucy_s:Lucy_record.obj
 0001:000a7cb8       __unwind$59435             000b8cb8 f   lucy_s:Lucy_record.obj
 0001:000a7cc8       __unwind$59436             000b8cc8 f   lucy_s:Lucy_record.obj
 0001:000a7cd8       __unwind$59437             000b8cd8 f   lucy_s:Lucy_record.obj
 0001:000a7ce8       __unwind$59438             000b8ce8 f   lucy_s:Lucy_record.obj
 0001:000a7cf8       __unwind$59439             000b8cf8 f   lucy_s:Lucy_record.obj
 0001:000a7d08       __unwind$59440             000b8d08 f   lucy_s:Lucy_record.obj
 0001:000a7d18       __unwind$59441             000b8d18 f   lucy_s:Lucy_record.obj
 0001:000a7d28       __unwind$59442             000b8d28 f   lucy_s:Lucy_record.obj
 0001:000a7d38       __unwind$59443             000b8d38 f   lucy_s:Lucy_record.obj
 0001:000a7d48       __unwind$59444             000b8d48 f   lucy_s:Lucy_record.obj
 0001:000a81c0       __unwind$59897             000b91c0 f   lucy_s:Lucy_record.obj
 0001:000a81dc       __unwind$59898             000b91dc f   lucy_s:Lucy_record.obj
 0001:000a81f8       __unwind$59899             000b91f8 f   lucy_s:Lucy_record.obj
 0001:000a8214       __unwind$59900             000b9214 f   lucy_s:Lucy_record.obj
 0001:000a8230       __unwind$59901             000b9230 f   lucy_s:Lucy_record.obj
 0001:000a8eac       __unwind$54566             000b9eac f   dbglib:Dbglib.obj
 0001:000a8f1c       __unwind$54598             000b9f1c f   dbglib:Dbglib.obj
 0001:000aa428       __unwind$59885             000bb428 f   dbglib:Dbglib.obj
 0001:000aa444       __unwind$59886             000bb444 f   dbglib:Dbglib.obj
 0001:000aa464       __unwind$59887             000bb464 f   dbglib:Dbglib.obj
 0001:000aa730       __unwind$60990             000bb730 f   dbglib:Dbglib.obj
 0001:000aa898       __unwind$61196             000bb898 f   dbglib:Dbglib.obj
 0001:000aac14       __unwind$62099             000bbc14 f   dbglib:Dbglib.obj
 0001:000aaf44       __unwind$62142             000bbf44 f   dbglib:Dbglib.obj
 0001:000aba5c       __unwind$61457             000bca5c f   xmlutils:xmlParser.obj
 0001:000abb60       __unwind$62019             000bcb60 f   xmlutils:xmlParser.obj
 0001:000abb7c       __unwind$62020             000bcb7c f   xmlutils:xmlParser.obj
 0001:000abc6c       __unwind$62065             000bcc6c f   xmlutils:xmlParser.obj
 0001:000abc88       __unwind$62066             000bcc88 f   xmlutils:xmlParser.obj
 0001:000abca4       __unwind$62067             000bcca4 f   xmlutils:xmlParser.obj
 0001:000abdb4       __unwind$62145             000bcdb4 f   xmlutils:xmlParser.obj
 0001:000ac3a0       __unwind$62502             000bd3a0 f   xmlutils:xmlParser.obj
 0001:000ac3c0       __unwind$62503             000bd3c0 f   xmlutils:xmlParser.obj
 0001:000ac6b8       __unwind$62695             000bd6b8 f   xmlutils:xmlParser.obj
 0001:000ac93c       __unwind$62748             000bd93c f   xmlutils:xmlParser.obj
 0001:000acc50       __unwind$62858             000bdc50 f   xmlutils:xmlParser.obj
 0001:000acfd8       __unwind$63034             000bdfd8 f   xmlutils:xmlParser.obj
 0001:000acff8       __unwind$63035             000bdff8 f   xmlutils:xmlParser.obj
 0001:000ad28c       __unwind$63757             000be28c f   xmlutils:xmlParser.obj
 0001:000ad468       __unwind$63810             000be468 f   xmlutils:xmlParser.obj
 0001:000ad5d0       __unwind$63867             000be5d0 f   xmlutils:xmlParser.obj
 0001:000aed84       doexit                     000bfd84 f   corelibc:crt0dat.obj
 0001:000af8e0       ?AppInit@PerfLib@@YAPAU_PERF_APP@1@XZ 000c08e0 f   qa_s:perflogger.obj
 0001:000afb10       ?GetMarkerData@PerfLib@@YAPAU_EVENT_LOG@1@QAU21@@Z 000c0b10 f   qa_s:perflogger.obj
 0001:000aff40       ?InitLogFile@PerfLib@@YAXPAU_PERF_APP@1@@Z 000c0f40 f   qa_s:perflogger.obj
 0001:000b0a64       __unwind$56612             000c1a64 f   qa_s:LucySupport.obj
 0001:000b0e80       __unwind$44274             000c1e80 f i qa_s:ValueMap.obj
 0001:000b0e90       __unwind$44275             000c1e90 f i qa_s:ValueMap.obj
 0001:000b0f88       __unwind$44831             000c1f88 f i qa_s:ValueMap.obj
 0001:000b0fb4       __unwind$44833             000c1fb4 f i qa_s:ValueMap.obj
 0001:000b1378       __unwind$43016             000c2378 f   qa_s:fileutils.obj
 0001:000b1394       __unwind$43017             000c2394 f   qa_s:fileutils.obj
 0001:000b1500       __unwind$43096             000c2500 f   qa_s:fileutils.obj
 0001:000b1620       __catch$43161              000c2620 f   qa_s:fileutils.obj
 0001:000b1640       __unwind$43162             000c2640 f   qa_s:fileutils.obj
 0001:000b1658       __unwind$43163             000c2658 f   qa_s:fileutils.obj
 0001:000b16d8       __unwind$43212             000c26d8 f   qa_s:fileutils.obj
 0001:000b17b0       __unwind$43283             000c27b0 f   qa_s:fileutils.obj
 0001:000b17cc       __unwind$43284             000c27cc f   qa_s:fileutils.obj
 0001:000b17e4       __unwind$43285             000c27e4 f   qa_s:fileutils.obj
 0001:000b1800       __unwind$43286             000c2800 f   qa_s:fileutils.obj
 0001:000b1870       __unwind$43335             000c2870 f   qa_s:fileutils.obj
 0001:000b1a20       __unwind$43355             000c2a20 f   qa_s:fileutils.obj
 0001:000b1b38       __unwind$43444             000c2b38 f   qa_s:fileutils.obj
 0001:000b1e68       __unwind$43495             000c2e68 f   qa_s:fileutils.obj
 0001:000b1e80       __unwind$43496             000c2e80 f   qa_s:fileutils.obj
 0001:000b1e98       __unwind$43497             000c2e98 f   qa_s:fileutils.obj
 0001:000b1eb0       __unwind$43510             000c2eb0 f   qa_s:fileutils.obj
 0001:000b1ec8       __unwind$43508             000c2ec8 f   qa_s:fileutils.obj
 0001:000b1ee0       __unwind$43509             000c2ee0 f   qa_s:fileutils.obj
 0001:000b1ef8       __unwind$43505             000c2ef8 f   qa_s:fileutils.obj
 0001:000b1f10       __unwind$43506             000c2f10 f   qa_s:fileutils.obj
 0001:000b1f28       __unwind$43507             000c2f28 f   qa_s:fileutils.obj
 0001:000b1f40       __unwind$43502             000c2f40 f   qa_s:fileutils.obj
 0001:000b1f58       __unwind$43503             000c2f58 f   qa_s:fileutils.obj
 0001:000b1f70       __unwind$43504             000c2f70 f   qa_s:fileutils.obj
 0001:000b1f88       __unwind$43498             000c2f88 f   qa_s:fileutils.obj
 0001:000b1fa0       __unwind$43499             000c2fa0 f   qa_s:fileutils.obj
 0001:000b1fb8       __unwind$43500             000c2fb8 f   qa_s:fileutils.obj
 0001:000b1fd0       __unwind$43501             000c2fd0 f   qa_s:fileutils.obj
 0001:000b214c       __unwind$43772             000c314c f   qa_s:fileutils.obj
 0001:000b215c       __unwind$43773             000c315c f   qa_s:fileutils.obj
 0001:000b216c       __unwind$43774             000c316c f   qa_s:fileutils.obj
 0001:000b217c       __unwind$43775             000c317c f   qa_s:fileutils.obj
 0001:000b2508       __unwind$44009             000c3508 f   qa_s:fileutils.obj
 0001:000b2524       __unwind$44010             000c3524 f   qa_s:fileutils.obj
 0001:000b26e8       __unwind$44096             000c36e8 f   qa_s:fileutils.obj
 0001:000b280c       __unwind$44143             000c380c f   qa_s:fileutils.obj
 0001:000b281c       __unwind$44144             000c381c f   qa_s:fileutils.obj
 0001:000b28f0       __unwind$44183             000c38f0 f   qa_s:fileutils.obj
 0001:000b2a14       __unwind$44217             000c3a14 f   qa_s:fileutils.obj
 0001:000b2f18       __unwind$40609             000c3f18 f i qa_s:ThreadPool.obj
 0001:000b3a98       __unwind$42695             000c4a98 f   qa_s:ThreadPool.obj
 0001:000b3c7c       __unwind$42900             000c4c7c f   qa_s:ThreadPool.obj
 0001:000b3c94       __unwind$42901             000c4c94 f   qa_s:ThreadPool.obj
 0001:000b3cb0       __unwind$42902             000c4cb0 f   qa_s:ThreadPool.obj
 0001:000b3e14       __unwind$43051             000c4e14 f   qa_s:ThreadPool.obj
 0001:000b3e2c       __unwind$43052             000c4e2c f   qa_s:ThreadPool.obj
 0001:000b3e48       __unwind$43053             000c4e48 f   qa_s:ThreadPool.obj
 0001:000b64fc       $E1                        000c74fc f   theApp.obj
 0001:000b6520       $E4                        000c7520 f   theApp.obj
 0001:000b6544       $E1                        000c7544 f   qa_s:ScopeTimer.obj
 0001:000b6568       $E1                        000c7568 f   qa_s:dout.obj
 0001:000b6590       $E4                        000c7590 f   qa_s:dout.obj
 0001:000b65b8       $E7                        000c75b8 f   qa_s:dout.obj
 0001:000b65dc       $E1                        000c75dc f   qa_s:lucy_log.obj
 0001:000b6604       $E4                        000c7604 f   qa_s:lucy_log.obj
 0001:000b662c       $E7                        000c762c f   qa_s:lucy_log.obj
 0001:000b6654       $E10                       000c7654 f   qa_s:lucy_log.obj
 0001:000b667c       $E13                       000c767c f   qa_s:lucy_log.obj
 0001:000b66a4       $E1                        000c76a4 f   mtu_s:perfsupp.obj
 0001:000b66bc       $E1                        000c76bc f   lucy_s:procs_standard.obj
 0001:000b6714       $E1                        000c7714 f   lucy_s:lucy_support.obj
 0001:000b673c       $E4                        000c773c f   lucy_s:lucy_support.obj
 0001:000b67f8       $E7                        000c77f8 f   lucy_s:lucy_support.obj
 0001:000b681c       $E1                        000c781c f   lucy_s:Lucy_FakeLed.obj
 0001:000b6834       $E2                        000c7834 f   lucy_s:host.obj
 0001:000b685c       $E2                        000c785c f   lucy_s:ua_interpret.obj
 0001:000b6878       $E4                        000c7878 f   lucy_s:ua_interpret.obj
 0001:000b6894       $E1                        000c7894 f   captureapi_s:captureapi.obj
 0001:000b68d0       $E1                        000c78d0 f   qa_s:perflogger.obj
 0001:000b68f8       $E1                        000c78f8 f   qa_s:fileutils.obj
 0001:000b6920       $E2                        000c7920 f   theApp.obj
 0001:000b6938       $E5                        000c7938 f   theApp.obj
 0001:000b6950       $E2                        000c7950 f   qa_s:InputIdle.obj
 0001:000b6968       $E2                        000c7968 f   qa_s:tstring_support.obj
 0001:000b6980       $E2                        000c7980 f   qa_s:ScopeTimer.obj
 0001:000b6998       $E2                        000c7998 f   qa_s:IdleThread.obj
 0001:000b69b0       $E2                        000c79b0 f   qa_s:dout.obj
 0001:000b69c8       $E5                        000c79c8 f   qa_s:dout.obj
 0001:000b69e0       $E8                        000c79e0 f   qa_s:dout.obj
 0001:000b69f8       $E11                       000c79f8 f   qa_s:dout.obj
 0001:000b6a10       $E2                        000c7a10 f   qa_s:lucy_log.obj
 0001:000b6a28       $E5                        000c7a28 f   qa_s:lucy_log.obj
 0001:000b6a40       $E8                        000c7a40 f   qa_s:lucy_log.obj
 0001:000b6a58       $E11                       000c7a58 f   qa_s:lucy_log.obj
 0001:000b6a70       $E14                       000c7a70 f   qa_s:lucy_log.obj
 0001:000b6a88       $E8                        000c7a88 f   lucy_s:procs_standard.obj
 0001:000b6aa0       $E7                        000c7aa0 f   lucy_s:procs_standard.obj
 0001:000b6ae8       $E9                        000c7ae8 f   lucy_s:procs_standard.obj
 0001:000b6b00       $E2                        000c7b00 f   lucy_s:procs_standard.obj
 0001:000b6b18       $E5                        000c7b18 f   lucy_s:procs_standard.obj
 0001:000b6b30       $E2                        000c7b30 f   lucy_s:lucy_support.obj
 0001:000b6b48       $E11                       000c7b48 f   lucy_s:lucy_support.obj
 0001:000b6b4c       $E8                        000c7b4c f   lucy_s:lucy_support.obj
 0001:000b6b64       $E5                        000c7b64 f   lucy_s:lucy_support.obj
 0001:000b6b7c       $E2                        000c7b7c f   lucy_s:DefectWatcher.obj
 0001:000b6b94       $E4                        000c7b94 f   lucy_s:IRStringCache.obj
 0001:000b6bac       $E2                        000c7bac f   lucy_s:IRStringCache.obj
 0001:000b6bc4       $E2                        000c7bc4 f   lucy_s:procs_ui.obj
 0001:000b6c9c       $E4                        000c7c9c f   lucy_s:procs_data.obj
 0001:000b6cb4       $E2                        000c7cb4 f   lucy_s:procs_data.obj
 0001:000b6ccc       $E2                        000c7ccc f   lucy_s:Lucy_FakeLed.obj
 0001:000b6cec       $E6                        000c7cec f   lucy_s:host.obj
 0001:000b6d04       $E3                        000c7d04 f   lucy_s:host.obj
 0001:000b6d1c       $E20                       000c7d1c f   lucy_s:ua_interpret.obj
 0001:000b6d34       $E22                       000c7d34 f   lucy_s:ua_interpret.obj
 0001:000b6d4c       $E7                        000c7d4c f   lucy_s:ua_interpret.obj
 0001:000b6d64       $E11                       000c7d64 f   lucy_s:ua_interpret.obj
 0001:000b6d84       $E10                       000c7d84 f   lucy_s:ua_interpret.obj
 0001:000b6d9c       $E9                        000c7d9c f   lucy_s:ua_interpret.obj
 0001:000b6db4       $E15                       000c7db4 f   lucy_s:ua_interpret.obj
 0001:000b6dd4       $E14                       000c7dd4 f   lucy_s:ua_interpret.obj
 0001:000b6dec       $E13                       000c7dec f   lucy_s:ua_interpret.obj
 0001:000b6e04       $E18                       000c7e04 f   lucy_s:ua_interpret.obj
 0001:000b6e1c       $E17                       000c7e1c f   lucy_s:ua_interpret.obj
 0001:000b6e34       $E2                        000c7e34 f   lucy_s:MenuInfo.obj
 0001:000b6e4c       $E2                        000c7e4c f   qa_s:perflogger.obj
 0001:000b6e64       $E2                        000c7e64 f   qa_s:fileutils.obj
 0001:000b6e7c       $E5                        000c7e7c f   qa_s:fileutils.obj
 0001:000b6e94       $E8                        000c7e94 f   qa_s:fileutils.obj
